# 32740 32612 32547 0 0 0 0 262144
48 23 0 0 0 0 0 262144
206 48 0 0 0 0 0 262144
449 206 0 0 0 0 0 262144
714 449 0 0 0 0 0 262144
979 714 0 0 0 0 0 262144
1230 971 0 0 0 0 0 262144
1485 1222 0 0 0 0 0 262144
1714 1441 0 0 0 0 0 262144
1979 1686 0 0 0 0 0 262144
2225 1923 0 0 0 0 0 262144
2482 2159 0 0 0 0 0 262144
2716 2386 0 0 0 0 0 262144
2970 2605 0 0 0 0 0 262144
3232 2830 0 0 0 0 0 262144
3434 3020 0 0 0 0 0 262144
3653 3228 0 0 0 0 0 262144
3827 3344 0 0 0 0 0 262144
4009 3468 0 0 0 0 0 262144
4326 3624 0 0 0 0 0 262144
4622 3809 0 0 0 0 0 262144
4991 4082 0 0 0 0 0 262144
5291 4349 0 0 0 0 0 262144
5557 4540 0 0 0 0 0 262144
5870 4682 0 0 0 0 0 262144
6307 4991 0 0 0 0 0 262144
6593 5313 0 0 0 0 0 262144
7004 5542 0 0 0 0 0 262144
7497 5849 0 0 0 0 0 262144
7875 6162 0 0 0 0 0 262144
8211 6427 0 0 0 0 0 262144
8649 6775 0 0 0 0 0 262144
9084 7134 0 0 0 0 0 262144
9589 7469 0 0 0 0 0 262144
9907 7789 0 0 0 0 0 262144
10285 8159 0 0 0 0 0 262144
10604 8309 0 0 0 0 0 262144
11054 8695 0 0 0 0 0 262144
11322 9042 0 0 0 0 0 262144
11773 9260 0 0 0 0 0 262144
12284 9615 0 0 0 0 0 262144
12617 10144 0 0 0 0 0 262144
12788 10374 0 0 0 0 0 262144
13303 10540 0 0 0 0 0 262144
13582 10981 0 0 0 0 0 262144
13808 11266 0 0 0 0 0 262144
14265 11392 0 0 0 0 0 262144
14564 11855 0 0 0 0 0 262144
14625 12108 0 0 0 0 0 262144
15081 12164 0 0 0 0 0 262144
15244 12564 0 0 0 0 0 262144
15298 12767 0 0 0 0 0 262144
15686 12743 0 0 0 0 0 262144
15844 13180 0 0 0 0 0 262144
15705 13284 0 0 0 0 0 262144
16176 13197 0 0 0 0 0 262144
16273 13606 0 0 0 0 0 262144
16164 13753 0 0 0 0 0 262144
16507 13588 0 0 0 0 0 262144
16692 13973 0 0 0 0 0 262144
16557 14116 0 0 0 0 0 262144
16925 14016 0 0 0 0 0 262144
16991 14328 0 0 0 0 0 262144
16893 14446 0 0 0 0 0 262144
17165 14304 0 0 0 0 0 262144
17364 14612 0 0 0 0 0 262144
17177 14771 0 0 0 0 0 262144
17354 14625 0 0 0 0 0 262144
17474 14758 0 0 0 0 0 262144
17387 14922 0 0 0 0 0 262144
17539 14791 0 0 0 0 0 262144
17767 14987 0 0 0 0 0 262144
17553 15171 0 0 0 0 0 262144
17774 15001 0 0 0 0 0 262144
17912 15178 0 0 0 0 0 262144
17640 15360 0 0 0 0 0 262144
17794 15044 0 0 0 0 0 262144
18047 15242 0 0 0 0 0 262144
17739 15451 0 0 0 0 0 262144
18004 15187 0 0 0 0 0 262144
18191 15408 0 0 0 0 0 262144
17900 15639 0 0 0 0 0 262144
18051 15304 0 0 0 0 0 262144
18288 15499 0 0 0 0 0 262144
17963 15692 0 0 0 0 0 262144
18212 15411 0 0 0 0 0 262144
18356 15616 0 0 0 0 0 262144
18076 15804 0 0 0 0 0 262144
18299 15480 0 0 0 0 0 262144
18507 15747 0 0 0 0 0 262144
18063 15911 0 0 0 0 0 262144
18324 15511 0 0 0 0 0 262144
18521 15728 0 0 0 0 0 262144
18147 15969 0 0 0 0 0 262144
18355 15551 0 0 0 0 0 262144
18677 15803 0 0 0 0 0 262144
18205 16081 0 0 0 0 0 262144
18329 15653 0 0 0 0 0 262144
18560 15733 0 0 0 0 0 262144
18295 16008 0 0 0 0 0 262144
18378 15699 0 0 0 0 0 262144
18613 15826 0 0 0 0 0 262144
18198 16017 0 0 0 0 0 262144
18300 15646 0 0 0 0 0 262144
18608 15704 0 0 0 0 0 262144
18262 16056 0 0 0 0 0 262144
18176 15666 0 0 0 0 0 262144
18605 15624 0 0 0 0 0 262144
18286 16009 0 0 0 0 0 262144
18294 15734 0 0 0 0 0 262144
18624 15698 0 0 0 0 0 262144
18302 16072 0 0 0 0 0 262144
18219 15706 0 0 0 0 0 262144
18684 15667 0 0 0 0 0 262144
18313 16088 0 0 0 0 0 262144
18152 15761 0 0 0 0 0 262144
18573 15556 0 0 0 0 0 262144
18506 16021 0 0 0 0 0 262144
18253 15910 0 0 0 0 0 262144
18568 15701 0 0 0 0 0 262144
18543 15972 0 0 0 0 0 262144
18349 15991 0 0 0 0 0 262144
18474 15753 0 0 0 0 0 262144
18647 15922 0 0 0 0 0 262144
18391 16051 0 0 0 0 0 262144
18460 15839 0 0 0 0 0 262144
18648 15864 0 0 0 0 0 262144
18462 16096 0 0 0 0 0 262144
18382 15866 0 0 0 0 0 262144
18726 15830 0 0 0 0 0 262144
18447 16130 0 0 0 0 0 262144
18334 15895 0 0 0 0 0 262144
18731 15738 0 0 0 0 0 262144
18555 16179 0 0 0 0 0 262144
18275 15959 0 0 0 0 0 262144
18716 15723 0 0 0 0 0 262144
18582 16120 0 0 0 0 0 262144
18387 16030 0 0 0 0 0 262144
18606 15791 0 0 0 0 0 262144
18569 16054 0 0 0 0 0 262144
18391 15973 0 0 0 0 0 262144
18607 15839 0 0 0 0 0 262144
18519 16011 0 0 0 0 0 262144
18449 15967 0 0 0 0 0 262144
18585 15853 0 0 0 0 0 262144
18547 16033 0 0 0 0 0 262144
18328 15951 0 0 0 0 0 262144
18512 15776 0 0 0 0 0 262144
18519 15916 0 0 0 0 0 262144
18348 15967 0 0 0 0 0 262144
18344 15752 0 0 0 0 0 262144
18490 15792 0 0 0 0 0 262144
18309 15894 0 0 0 0 0 262144
18275 15757 0 0 0 0 0 262144
18443 15679 0 0 0 0 0 262144
18344 15891 0 0 0 0 0 262144
18160 15748 0 0 0 0 0 262144
18581 15608 0 0 0 0 0 262144
18354 15985 0 0 0 0 0 262144
17992 15802 0 0 0 0 0 262144
18528 15396 0 0 0 0 0 262144
18535 15976 0 0 0 0 0 262144
17926 15939 0 0 0 0 0 262144
18463 15374 0 0 0 0 0 262144
18583 15867 0 0 0 0 0 262144
18014 16031 0 0 0 0 0 262144
18313 15418 0 0 0 0 0 262144
18514 15761 0 0 0 0 0 262144
17973 15918 0 0 0 0 0 262144
18383 15421 0 0 0 0 0 262144
18493 15787 0 0 0 0 0 262144
17910 15941 0 0 0 0 0 262144
18285 15314 0 0 0 0 0 262144
18664 15733 0 0 0 0 0 262144
17963 16068 0 0 0 0 0 262144
18120 15411 0 0 0 0 0 262144
18557 15524 0 0 0 0 0 262144
18196 16005 0 0 0 0 0 262144
18033 15600 0 0 0 0 0 262144
18393 15481 0 0 0 0 0 262144
18200 15797 0 0 0 0 0 262144
18118 15648 0 0 0 0 0 262144
18369 15522 0 0 0 0 0 262144
18256 15817 0 0 0 0 0 262144
18029 15660 0 0 0 0 0 262144
18272 15477 0 0 0 0 0 262144
18136 15676 0 0 0 0 0 262144
18202 15584 0 0 0 0 0 262144
18383 15606 0 0 0 0 0 262144
18077 15831 0 0 0 0 0 262144
18063 15481 0 0 0 0 0 262144
18479 15511 0 0 0 0 0 262144
18107 15883 0 0 0 0 0 262144
18076 15555 0 0 0 0 0 262144
18556 15480 0 0 0 0 0 262144
18273 16004 0 0 0 0 0 262144
18014 15677 0 0 0 0 0 262144
18564 15462 0 0 0 0 0 262144
18437 15968 0 0 0 0 0 262144
18104 15885 0 0 0 0 0 262144
18308 15508 0 0 0 0 0 262144
18504 15756 0 0 0 0 0 262144
18173 15908 0 0 0 0 0 262144
18185 15621 0 0 0 0 0 262144
18431 15589 0 0 0 0 0 262144
18246 15879 0 0 0 0 0 262144
18024 15650 0 0 0 0 0 262144
18463 15472 0 0 0 0 0 262144
18315 15867 0 0 0 0 0 262144
18001 15763 0 0 0 0 0 262144
18320 15405 0 0 0 0 0 262144
18331 15768 0 0 0 0 0 262144
18027 15735 0 0 0 0 0 262144
18388 15475 0 0 0 0 0 262144
18277 15792 0 0 0 0 0 262144
18004 15725 0 0 0 0 0 262144
18330 15408 0 0 0 0 0 262144
18332 15778 0 0 0 0 0 262144
17934 15736 0 0 0 0 0 262144
18313 15382 0 0 0 0 0 262144
18386 15717 0 0 0 0 0 262144
18116 15834 0 0 0 0 0 262144
18244 15520 0 0 0 0 0 262144
18295 15692 0 0 0 0 0 262144
18141 15699 0 0 0 0 0 262144
18304 15589 0 0 0 0 0 262144
18140 15708 0 0 0 0 0 262144
18084 15588 0 0 0 0 0 262144
18310 15488 0 0 0 0 0 262144
18423 15758 0 0 0 0 0 262144
18198 15827 0 0 0 0 0 262144
18128 15646 0 0 0 0 0 262144
18279 15532 0 0 0 0 0 262144
18453 15727 0 0 0 0 0 262144
18145 15857 0 0 0 0 0 262144
18073 15593 0 0 0 0 0 262144
18348 15477 0 0 0 0 0 262144
18342 15796 0 0 0 0 0 262144
18059 15746 0 0 0 0 0 262144
18228 15507 0 0 0 0 0 262144
18362 15632 0 0 0 0 0 262144
18188 15810 0 0 0 0 0 262144
18017 15592 0 0 0 0 0 262144
18283 15465 0 0 0 0 0 262144
18232 15687 0 0 0 0 0 262144
18042 15680 0 0 0 0 0 262144
18211 15446 0 0 0 0 0 262144
18306 15659 0 0 0 0 0 262144
17856 15710 0 0 0 0 0 262144
18082 15304 0 0 0 0 0 262144
18360 15486 0 0 0 0 0 262144
17799 15808 0 0 0 0 0 262144
17820 15203 0 0 0 0 0 262144
18372 15268 0 0 0 0 0 262144
17840 15776 0 0 0 0 0 262144
17750 15288 0 0 0 0 0 262144
18199 15154 0 0 0 0 0 262144
17914 15647 0 0 0 0 0 262144
17694 15318 0 0 0 0 0 262144
18064 15142 0 0 0 0 0 262144
17885 15468 0 0 0 0 0 262144
17856 15333 0 0 0 0 0 262144
17969 15260 0 0 0 0 0 262144
17799 15417 0 0 0 0 0 262144
17823 15203 0 0 0 0 0 262144
18029 15271 0 0 0 0 0 262144
17802 15433 0 0 0 0 0 262144
17757 15250 0 0 0 0 0 262144
17883 15161 0 0 0 0 0 262144
17936 15331 0 0 0 0 0 262144
17869 15340 0 0 0 0 0 262144
17893 15317 0 0 0 0 0 262144
17804 15297 0 0 0 0 0 262144
17955 15252 0 0 0 0 0 262144
18002 15359 0 0 0 0 0 262144
17863 15450 0 0 0 0 0 262144
17857 15267 0 0 0 0 0 262144
18091 15305 0 0 0 0 0 262144
17865 15495 0 0 0 0 0 262144
17647 15313 0 0 0 0 0 262144
17840 15051 0 0 0 0 0 262144
18092 15288 0 0 0 0 0 262144
17798 15496 0 0 0 0 0 262144
17649 15246 0 0 0 0 0 262144
17882 15053 0 0 0 0 0 262144
18016 15330 0 0 0 0 0 262144
17653 15420 0 0 0 0 0 262144
17566 15101 0 0 0 0 0 262144
17961 14970 0 0 0 0 0 262144
18028 15409 0 0 0 0 0 262144
17529 15432 0 0 0 0 0 262144
17724 14977 0 0 0 0 0 262144
17990 15128 0 0 0 0 0 262144
17728 15438 0 0 0 0 0 262144
17593 15132 0 0 0 0 0 262144
17896 15041 0 0 0 0 0 262144
17825 15300 0 0 0 0 0 262144
17718 15273 0 0 0 0 0 262144
17785 15122 0 0 0 0 0 262144
17773 15233 0 0 0 0 0 262144
17791 15177 0 0 0 0 0 262144
17924 15239 0 0 0 0 0 262144
17738 15328 0 0 0 0 0 262144
17825 15186 0 0 0 0 0 262144
17920 15229 0 0 0 0 0 262144
17770 15368 0 0 0 0 0 262144
17629 15174 0 0 0 0 0 262144
17859 15077 0 0 0 0 0 262144
17877 15263 0 0 0 0 0 262144
17732 15325 0 0 0 0 0 262144
17667 15136 0 0 0 0 0 262144
17826 15115 0 0 0 0 0 262144
17807 15230 0 0 0 0 0 262144
17752 15255 0 0 0 0 0 262144
17719 15156 0 0 0 0 0 262144
17817 15167 0 0 0 0 0 262144
17791 15221 0 0 0 0 0 262144
17760 15239 0 0 0 0 0 262144
17725 15164 0 0 0 0 0 262144
17799 15173 0 0 0 0 0 262144
17716 15203 0 0 0 0 0 262144
17664 15164 0 0 0 0 0 262144
17567 15068 0 0 0 0 0 262144
17729 15015 0 0 0 0 0 262144
17794 15133 0 0 0 0 0 262144
17592 15242 0 0 0 0 0 262144
17580 14996 0 0 0 0 0 262144
17919 15028 0 0 0 0 0 262144
17773 15323 0 0 0 0 0 262144
17561 15221 0 0 0 0 0 262144
17643 14965 0 0 0 0 0 262144
17844 15091 0 0 0 0 0 262144
17732 15248 0 0 0 0 0 262144
17638 15180 0 0 0 0 0 262144
17500 15042 0 0 0 0 0 262144
17632 14948 0 0 0 0 0 262144
17816 15036 0 0 0 0 0 262144
17736 15264 0 0 0 0 0 262144
17512 15140 0 0 0 0 0 262144
17653 14960 0 0 0 0 0 262144
17805 15057 0 0 0 0 0 262144
17657 15253 0 0 0 0 0 262144
17424 15061 0 0 0 0 0 262144
17678 14872 0 0 0 0 0 262144
17801 15082 0 0 0 0 0 262144
17539 15249 0 0 0 0 0 262144
17395 14943 0 0 0 0 0 262144
17719 14843 0 0 0 0 0 262144
17705 15123 0 0 0 0 0 262144
17564 15153 0 0 0 0 0 262144
17608 14968 0 0 0 0 0 262144
17698 15056 0 0 0 0 0 262144
17559 15102 0 0 0 0 0 262144
17567 15007 0 0 0 0 0 262144
17587 14971 0 0 0 0 0 262144
17570 15035 0 0 0 0 0 262144
17544 14974 0 0 0 0 0 262144
17742 14992 0 0 0 0 0 262144
17603 15146 0 0 0 0 0 262144
17398 15051 0 0 0 0 0 262144
17590 14802 0 0 0 0 0 262144
17829 15038 0 0 0 0 0 262144
17461 15233 0 0 0 0 0 262144
17394 14909 0 0 0 0 0 262144
17728 14798 0 0 0 0 0 262144
17726 15176 0 0 0 0 0 262144
17359 15130 0 0 0 0 0 262144
17520 14807 0 0 0 0 0 262144
17720 14924 0 0 0 0 0 262144
17644 15168 0 0 0 0 0 262144
17415 15048 0 0 0 0 0 262144
17461 14863 0 0 0 0 0 262144
17625 14865 0 0 0 0 0 262144
17722 15073 0 0 0 0 0 262144
17456 15126 0 0 0 0 0 262144
17423 14904 0 0 0 0 0 262144
17688 14827 0 0 0 0 0 262144
17709 15136 0 0 0 0 0 262144
17321 15113 0 0 0 0 0 262144
17456 14769 0 0 0 0 0 262144
17683 14860 0 0 0 0 0 262144
17516 15131 0 0 0 0 0 262144
17356 14920 0 0 0 0 0 262144
17551 14804 0 0 0 0 0 262144
17556 14955 0 0 0 0 0 262144
17479 15004 0 0 0 0 0 262144
17474 14883 0 0 0 0 0 262144
17596 14922 0 0 0 0 0 262144
17481 15000 0 0 0 0 0 262144
17452 14929 0 0 0 0 0 262144
17550 14856 0 0 0 0 0 262144
17546 14998 0 0 0 0 0 262144
17410 14950 0 0 0 0 0 262144
17585 14858 0 0 0 0 0 262144
17581 14989 0 0 0 0 0 262144
17398 15029 0 0 0 0 0 262144
17378 14802 0 0 0 0 0 262144
17628 14826 0 0 0 0 0 262144
17464 15032 0 0 0 0 0 262144
17318 14912 0 0 0 0 0 262144
17471 14722 0 0 0 0 0 262144
17584 14919 0 0 0 0 0 262144
17390 14988 0 0 0 0 0 262144
17484 14838 0 0 0 0 0 262144
17627 14888 0 0 0 0 0 262144
17530 15075 0 0 0 0 0 262144
17442 14934 0 0 0 0 0 262144
17705 14890 0 0 0 0 0 262144
17599 15109 0 0 0 0 0 262144
17375 15047 0 0 0 0 0 262144
17407 14779 0 0 0 0 0 262144
17615 14855 0 0 0 0 0 262144
17582 15019 0 0 0 0 0 262144
17553 15030 0 0 0 0 0 262144
17499 14957 0 0 0 0 0 262144
17487 14947 0 0 0 0 0 262144
17409 14891 0 0 0 0 0 262144
17554 14857 0 0 0 0 0 262144
17623 14958 0 0 0 0 0 262144
17548 15071 0 0 0 0 0 262144
17393 14952 0 0 0 0 0 262144
17517 14841 0 0 0 0 0 262144
17609 14921 0 0 0 0 0 262144
17522 15057 0 0 0 0 0 262144
17415 14926 0 0 0 0 0 262144
17661 14863 0 0 0 0 0 262144
17595 15065 0 0 0 0 0 262144
17450 15043 0 0 0 0 0 262144
17477 14854 0 0 0 0 0 262144
17608 14925 0 0 0 0 0 262144
17574 15012 0 0 0 0 0 262144
17493 15022 0 0 0 0 0 262144
17457 14897 0 0 0 0 0 262144
17636 14905 0 0 0 0 0 262144
17640 15040 0 0 0 0 0 262144
17435 15088 0 0 0 0 0 262144
17366 14839 0 0 0 0 0 262144
17727 14814 0 0 0 0 0 262144
17643 15131 0 0 0 0 0 262144
17470 15091 0 0 0 0 0 262144
17530 14874 0 0 0 0 0 262144
17603 14978 0 0 0 0 0 262144
17464 15007 0 0 0 0 0 262144
17497 14912 0 0 0 0 0 262144
17616 14901 0 0 0 0 0 262144
17523 15064 0 0 0 0 0 262144
17366 14927 0 0 0 0 0 262144
17634 14814 0 0 0 0 0 262144
17595 15038 0 0 0 0 0 262144
17425 15043 0 0 0 0 0 262144
17542 14829 0 0 0 0 0 262144
17668 14990 0 0 0 0 0 262144
17463 15072 0 0 0 0 0 262144
17538 14911 0 0 0 0 0 262144
17673 14942 0 0 0 0 0 262144
17621 15121 0 0 0 0 0 262144
17372 15025 0 0 0 0 0 262144
17480 14820 0 0 0 0 0 262144
17737 14884 0 0 0 0 0 262144
17692 15185 0 0 0 0 0 262144
17333 15096 0 0 0 0 0 262144
17411 14781 0 0 0 0 0 262144
17728 14815 0 0 0 0 0 262144
17816 15176 0 0 0 0 0 262144
17334 15220 0 0 0 0 0 262144
17205 14782 0 0 0 0 0 262144
17690 14609 0 0 0 0 0 262144
17906 15138 0 0 0 0 0 262144
17324 15310 0 0 0 0 0 262144
17122 14772 0 0 0 0 0 262144
17580 14526 0 0 0 0 0 262144
17937 15028 0 0 0 0 0 262144
17436 15341 0 0 0 0 0 262144
17118 14884 0 0 0 0 0 262144
17556 14522 0 0 0 0 0 262144
17927 15004 0 0 0 0 0 262144
17466 15331 0 0 0 0 0 262144
17154 14914 0 0 0 0 0 262144
17614 14558 0 0 0 0 0 262144
17925 15062 0 0 0 0 0 262144
17423 15329 0 0 0 0 0 262144
17347 14871 0 0 0 0 0 262144
17667 14751 0 0 0 0 0 262144
17720 15115 0 0 0 0 0 262144
17429 15124 0 0 0 0 0 262144
17406 14877 0 0 0 0 0 262144
17512 14810 0 0 0 0 0 262144
17651 14960 0 0 0 0 0 262144
17582 15055 0 0 0 0 0 262144
17490 15030 0 0 0 0 0 262144
17468 14894 0 0 0 0 0 262144
17682 14916 0 0 0 0 0 262144
17709 15086 0 0 0 0 0 262144
17457 15157 0 0 0 0 0 262144
17237 14861 0 0 0 0 0 262144
17633 14685 0 0 0 0 0 262144
17825 15037 0 0 0 0 0 262144
17449 15273 0 0 0 0 0 262144
17191 14853 0 0 0 0 0 262144
17633 14639 0 0 0 0 0 262144
17809 15037 0 0 0 0 0 262144
17515 15257 0 0 0 0 0 262144
17279 14919 0 0 0 0 0 262144
17582 14727 0 0 0 0 0 262144
17787 14986 0 0 0 0 0 262144
17567 15235 0 0 0 0 0 262144
17214 14971 0 0 0 0 0 262144
17476 14662 0 0 0 0 0 262144
17867 14880 0 0 0 0 0 262144
17603 15315 0 0 0 0 0 262144
17131 15007 0 0 0 0 0 262144
17629 14579 0 0 0 0 0 262144
