8172 0 0
4202 4364 8672
4119 4017 5385
3968 3819 5068
3792 3572 4857
3701 3431 4689
3572 3375 4452
3483 3223 4350
3345 3080 4151
3243 2954 3968
3213 2874 3784
3092 2873 3725
3014 2834 3775
2986 2644 3618
2936 2698 3460
2830 2578 3470
2806 2540 3290
2801 2505 3253
2712 2529 3228
2726 2352 3171
2655 2381 3003
2550 2289 3042
2617 2215 3004
2573 2232 2891
2586 2231 2965
2500 2200 2939
2500 2198 2870
2437 2145 2837
2459 2058 2791
2352 2125 2811
2353 2053 2662
2247 2036 2651
2161 1902 2608
2202 1801 2465
2104 1866 2363
2093 1735 2315
2098 1747 2322
2084 1696 2213
2088 1704 2226
2091 1735 2211
2067 1730 2215
1971 1650 2200
1988 1631 2181
1923 1657 2114
1904 1571 2138
1854 1578 2027
1851 1531 1955
1842 1563 1928
1810 1502 1941
1817 1513 1909
1863 1494 1877
1936 1411 1901
1888 1536 1931
1974 1510 1912
1945 1601 1983
1954 1503 2002
1915 1591 1942
1849 1570 1967
1864 1499 1959
1859 1521 1932
1885 1538 1923
1851 1628 2008
1698 1545 2001
1731 1357 1836
1674 1401 1688
1651 1273 1694
1655 1270 1549
1624 1243 1509
1652 1254 1543
1681 1303 1607
1645 1338 1655
1658 1301 1627
1682 1298 1627
1630 1314 1594
1595 1303 1647
1650 1239 1570
1597 1299 1558
1623 1280 1621
1614 1265 1517
1561 1293 1562
1614 1199 1540
1600 1284 1529
1598 1262 1530
1622 1312 1582
1588 1272 1498
1566 1302 1612
1620 1236 1544
1554 1258 1506
1593 1233 1565
1514 1285 1498
1497 1171 1470
1476 1207 1424
1426 1132 1345
1444 1098 1296
1470 1102 1262
1418 1162 1296
1383 1117 1299
1373 1068 1333
1425 1022 1262
1392 1099 1253
1391 1033 1276
1380 1057 1264
1415 1049 1212
1384 1095 1290
1415 1087 1256
1399 1068 1309
1429 1132 1346
1447 1132 1316
1388 1213 1373
1395 1091 1366
1335 1080 1325
1325 1030 1250
1300 999 1177
1291 947 1182
1284 931 1136
1251 921 1112
1252 905 1110
1276 896 1073
1266 950 1102
1293 907 1117
1305 932 1101
1313 922 1176
1336 969 1141
1381 1001 1218
1348 1057 1210
1319 1021 1210
1329 1002 1241
1276 1011 1157
1354 902 1199
1266 974 1150
1265 915 1155
1270 903 1146
1296 930 1137
1258 934 1144
1239 891 1139
1225 878 1099
1200 949 1069
1177 857 1022
1178 857 1002
1190 830 1029
1194 866 1034
1159 901 1089
1142 819 1020
1106 846 975
1131 721 897
1070 785 854
1098 782 873
1061 795 869
1067 720 859
1055 812 856
1030 773 823
1005 709 836
1005 736 775
1037 718 824
969 754 768
983 738 840
931 726 794
950 689 735
906 704 695
905 651 693
953 626 643
953 672 668
969 672 672
971 686 716
956 719 751
961 721 738
930 703 734
917 665 684
895 674 677
879 618 644
882 587 611
846 622 611
859 573 581
871 588 593
916 607 591
899 639 582
914 627 624
933 643 652
941 650 631
959 668 642
1005 656 718
955 720 704
934 683 725
937 695 686
918 693 706
985 647 720
956 729 698
958 680 729
956 738 724
961 663 717
950 701 712
991 657 706
991 726 743
956 739 787
982 704 805
986 712 754
980 740 810
1020 710 798
988 704 750
1042 632 768
1019 721 801
1015 714 787
976 663 779
961 697 796
965 662 723
998 643 697
1017 635 640
973 742 751
1002 629 711
980 702 689
972 648 698
967 679 671
996 589 642
976 666 649
1024 630 670
984 672 680
1010 644 706
947 701 669
940 649 722
970 626 659
942 634 684
949 603 663
931 658 635
952 609 633
882 638 637
896 546 620
878 552 544
900 570 582
871 563 567
878 583 578
880 552 565
882 574 582
857 587 567
882 551 578
872 518 581
895 539 559
902 541 552
906 572 611
884 604 624
899 547 577
878 521 608
924 522 553
890 568 594
905 523 593
918 523 592
915 579 652
923 594 637
906 571 645
878 586 643
877 537 617
886 497 566
881 501 560
880 561 594
905 527 582
866 595 608
902 544 599
890 570 588
869 563 617
866 545 586
878 544 593
897 539 601
898 581 598
924 568 655
915 587 631
910 591 658
898 594 643
901 597 655
865 606 669
891 536 644
898 529 605
895 595 630
910 561 626
884 598 623
897 585 619
898 589 682
892 588 649
923 583 629
910 597 656
927 545 638
931 586 631
911 592 652
900 589 663
910 546 641
893 581 615
843 560 619
858 523 601
833 515 584
847 486 551
858 481 565
869 479 532
859 548 597
893 478 576
822 553 565
877 483 574
859 542 559
861 526 582
849 522 592
856 517 569
873 489 574
870 531 572
906 552 621
871 571 627
884 535 638
841 565 620
852 553 634
839 547 572
840 541 570
818 514 569
843 497 557
838 525 546
830 466 583
812 544 570
827 467 549
808 485 524
767 453 536
780 409 494
794 400 443
805 423 481
825 420 485
824 441 489
836 466 505
838 460 476
838 502 512
809 507 523
833 494 543
822 501 499
833 487 508
798 511 508
809 455 520
795 482 493
829 438 484
778 469 503
805 413 466
781 456 489
797 444 474
799 448 482
798 443 455
794 398 465
792 460 472
783 427 459
801 424 437
768 443 441
781 403 458
776 411 448
731 395 436
741 354 417
763 362 376
727 396 360
726 371 373
707 367 364
717 342 347
699 358 306
715 356 340
720 367 359
734 398 363
734 418 396
737 399 393
750 415 418
730 416 441
741 401 429
715 440 415
701 398 420
699 394 390
681 386 392
687 360 374
679 354 358
670 353 341
674 352 349
682 350 346
661 367 345
689 370 343
667 376 324
688 357 327
644 366 339
681 317 325
673 376 347
692 371 335
678 380 351
676 356 358
709 377 347
686 375 348
683 359 344
695 346 335
692 383 333
764 352 373
713 435 373
719 432 387
715 408 414
711 422 430
704 407 421
716 416 435
698 426 398
664 412 408
660 362 372
660 360 326
664 376 354
673 355 359
686 353 326
645 389 336
683 342 349
659 354 312
639 344 352
676 339 331
666 384 339
690 380 368
709 385 401
702 381 410
711 403 410
715 394 415
713 388 418
746 381 393
687 425 408
711 376 445
687 394 404
678 391 407
668 360 373
648 318 334
649 317 337
624 327 328
633 293 304
627 308 289
638 315 295
590 322 271
595 291 291
603 256 259
607 278 250
600 275 249
615 285 270
609 292 271
600 309 293
598 296 283
602 280 252
611 277 251
622 305 260
606 324 293
618 296 296
601 313 293
625 300 277
636 303 307
671 317 296
649 342 325
682 327 381
653 389 360
663 328 351
664 335 335
639 313 334
676 297 328
654 354 323
664 316 326
643 355 347
657 324 319
621 332 314
608 295 315
620 286 275
624 280 256
645 297 275
628 319 280
619 283 310
617 286 265
617 304 268
615 310 258
611 300 280
631 298 260
593 308 244
618 279 269
619 291 258
614 289 268
620 284 251
603 301 265
614 255 264
616 276 239
636 246 224
649 277 209
637 304 247
650 305 267
628 338 293
633 283 283
622 315 282
627 285 286
616 305 278
638 278 269
612 304 280
641 285 283
610 313 274
638 284 291
645 283 269
678 309 266
641 347 296
641 328 319
658 299 323
635 321 298
629 290 295
630 295 277
618 288 259
623 277 261
634 265 272
620 292 257
620 280 280
616 270 270
608 276 242
603 265 243
620 267 252
644 264 249
637 309 279
651 296 275
639 310 286
672 325 301
659 339 304
674 363 318
684 336 323
664 356 338
675 343 343
660 355 360
640 356 333
632 326 300
636 302 292
645 283 279
670 315 304
644 326 281
640 324 330
655 279 307
653 290 269
628 309 289
639 255 282
610 317 278
601 279 276
591 242 239
606 245 233
593 267 238
605 258 243
603 288 226
618 267 229
619 321 230
595 288 267
621 296 258
607 304 250
622 291 259
629 311 256
633 316 277
636 311 257
620 328 269
637 281 271
605 316 267
621 274 262
649 298 246
645 318 272
645 338 282
637 336 296
619 306 302
636 297 271
632 332 289
670 300 278
628 366 274
621 325 311
625 320 259
619 294 244
635 300 262
625 308 258
662 317 267
638 346 279
645 337 289
633 340 297
654 315 281
653 345 286
667 350 309
666 333 299
672 346 327
692 350 322
681 367 315
685 332 315
685 350 322
663 346 334
689 342 326
675 404 332
688 353 359
696 384 357
691 385 347
709 372 367
723 398 364
689 424 406
701 382 412
689 388 398
685 366 354
664 361 383
689 357 366
668 373 348
654 336 333
653 353 347
667 354 341
654 357 331
669 355 310
674 329 322
674 334 337
700 358 330
697 367 343
691 364 359
690 361 367
693 359 372
715 384 359
677 418 386
680 381 401
660 402 367
654 356 328
646 344 334
659 347 299
622 365 324
633 311 324
604 341 296
587 295 262
583 286 217
577 280 216
574 279 215
574 260 203
567 269 201
560 261 204
578 248 189
566 256 192
560 244 200
559 235 185
582 227 176
550 266 193
564 248 200
550 238 198
573 237 197
560 271 198
552 250 211
548 250 194
555 229 177
558 245 184
563 221 184
589 232 179
573 274 216
570 255 237
578 266 225
556 292 240
551 261 243
545 246 191
537 222 182
532 219 169
524 212 173
532 196 150
538 194 148
536 228 166
551 211 165
531 246 177
533 206 172
545 212 176
547 224 142
554 227 179
549 243 168
551 236 189
547 246 194
565 230 182
579 248 198
536 249 203
550 224 193
560 222 170
569 235 195
575 242 193
572 239 195
568 284 221
569 255 211
556 259 212
542 252 209
547 233 185
555 220 193
551 256 190
568 239 191
540 238 203
553 223 201
542 227 196
550 232 157
549 251 165
593 220 195
566 297 221
576 272 231
566 274 222
547 251 223
549 240 203
540 223 185
514 236 179
510 206 194
514 200 156
513 189 131
527 174 113
525 200 122
531 212 138
529 200 132
539 208 136
529 230 144
531 220 156
513 224 144
512 191 131
508 190 123
521 187 115
510 187 122
535 183 126
527 208 125
524 203 137
503 207 136
512 175 120
510 178 115
506 176 98
505 183 95
504 171 86
522 182 99
525 189 113
535 220 133
526 223 161
507 215 160
497 194 143
503 182 124
506 181 125
513 181 120
520 201 108
510 190 119
526 194 120
532 196 126
530 212 140
566 214 156
540 254 166
540 232 174
531 229 175
531 212 153
538 223 139
510 234 139
527 197 149
500 213 140
502 198 137
504 186 114
498 210 130
488 200 124
504 190 120
486 202 102
480 180 112
486 164 92
493 165 81
494 179 98
510 190 103
504 210 114
512 210 126
502 232 154
527 195 155
517 240 151
524 205 151
519 229 168
544 243 174
555 223 188
542 255 186
554 244 203
544 252 208
552 236 186
564 242 162
582 262 200
596 276 210
570 294 234
558 256 222
546 226 208
553 219 195
578 201 176
567 245 180
607 250 213
600 299 245
584 306 255
631 311 249
606 329 270
614 284 305
631 299 281
623 304 287
615 302 272
635 292 248
617 322 288
633 284 274
598 331 267
613 289 268
625 318 271
637 314 274
602 333 265
613 287 278
618 307 268
623 289 248
612 305 254
612 278 283
616 298 270
615 293 277
590 303 266
594 264 257
588 258 240
588 278 234
584 254 210
597 245 203
606 261 212
609 277 216
621 288 235
604 321 259
609 307 278
622 277 270
596 306 251
597 289 255
604 277 248
598 288 249
615 283 259
584 285 212
596 254 225
598 274 222
618 260 226
632 300 248
626 278 252
626 324 300
611 289 281
635 312 261
619 316 258
608 341 283
623 275 260
607 302 243
632 251 229
623 301 248
627 308 261
606 317 267
601 291 272
609 280 253
599 280 248
620 295 237
606 298 235
624 274 260
628 306 254
629 297 259
630 327 264
646 298 277
640 330 296
632 302 272
630 324 292
651 295 279
633 302 257
646 307 263
641 331 274
604 319 280
577 275 260
555 268 233
540 251 209
544 240 185
548 230 190
549 225 157
537 220 149
530 225 159
542 214 151
535 219 141
538 219 148
550 208 157
547 217 151
566 231 164
579 247 174
582 267 180
596 274 219
592 304 252
613 267 237
594 289 232
610 250 243
605 275 213
618 269 242
600 296 247
577 289 261
576 281 262
583 251 224
588 257 196
596 280 207
601 261 215
575 276 215
577 266 210
580 257 183
566 282 207
582 262 196
559 265 187
571 254 177
573 248 186
592 253 187
578 276 199
574 270 204
549 283 205
569 258 209
551 250 202
567 250 178
563 256 178
579 236 196
564 251 191
579 245 216
557 270 217
553 256 210
542 265 213
538 244 193
536 252 178
547 229 173
556 231 178
580 266 193
560 258 206
590 252 234
588 284 196
590 274 222
589 299 235
617 292 229
582 299 235
588 268 241
595 283 229
566 277 236
574 266 219
561 259 221
563 250 189
556 277 199
541 243 190
536 235 178
537 229 158
541 228 147
548 225 157
550 234 145
560 252 158
571 261 177
570 267 174
579 297 220
584 275 224
594 276 211
598 272 208
575 289 207
585 244 217
585 262 188
573 262 200
577 250 212
561 278 184
569 268 202
558 261 183
567 251 184
552 263 162
563 245 162
544 269 156
576 236 181
557 249 167
544 263 172
531 239 160
517 222 135
517 222 130
518 209 129
514 204 119
504 198 110
496 176 94
496 176 78
488 186 80
506 166 82
498 198 80
501 185 87
507 190 79
508 193 97
513 207 88
521 194 105
516 217 119
517 207 110
512 227 114
504 208 121
502 208 88
494 190 94
506 182 98
507 195 83
496 197 96
490 190 95
486 190 94
477 205 87
471 174 83
476 165 57
489 171 56
483 172 51
479 174 58
484 167 57
479 179 52
486 183 74
478 176 69
479 179 75
484 179 58
482 176 65
489 175 65
484 187 68
485 171 66
483 176 63
485 170 48
493 172 46
490 177 57
493 177 62
488 175 60
501 173 66
501 188 67
499 196 76
492 195 79
489 179 68
490 173 52
486 172 57
478 164 38
479 155 39
476 151 36
486 150 27
482 158 36
481 165 41
480 163 32
488 166 39
487 163 39
489 172 47
495 166 46
494 173 55
494 168 53
487 179 65
499 180 59
487 190 62
495 168 64
489 190 68
507 170 56
487 196 60
492 177 77
487 187 68
497 172 57
490 193 59
492 174 63
496 176 56
504 188 66
499 187 73
492 191 76
489 189 70
497 180 61
497 200 68
503 188 80
505 206 80
510 199 87
506 208 91
517 199 97
508 205 94
519 199 92
515 206 97
522 187 91
533 211 100
544 223 102
524 246 119
528 236 122
516 220 126
526 196 96
531 217 105
518 209 106
521 199 98
517 208 105
531 206 96
536 223 105
544 218 119
543 223 113
558 231 122
545 245 132
544 229 124
551 239 132
544 233 136
564 224 135
557 237 129
557 234 155
559 238 142
536 237 133
544 224 133
553 223 133
539 246 135
540 229 131
540 236 145
555 245 147
534 255 150
567 223 158
518 263 134
529 215 160
512 235 124
532 214 125
525 233 119
513 214 135
505 214 116
505 200 96
519 190 102
521 216 116
526 213 117
519 207 112
520 219 126
513 207 126
514 217 118
517 233 136
520 209 118
530 222 135
551 229 135
550 257 160
534 252 175
543 255 183
517 264 167
511 236 162
504 221 153
506 212 129
491 233 123
493 222 133
501 214 132
500 215 127
503 199 134
499 212 133
498 219 137
494 216 143
512 198 120
471 231 117
469 192 139
482 183 93
464 194 97
470 190 86
450 182 82
446 178 86
450 156 58
453 165 51
446 169 66
459 173 64
458 179 60
461 185 70
476 181 76
474 196 93
466 194 88
461 201 103
476 177 84
451 189 74
457 176 79
450 189 71
457 173 86
462 173 60
470 176 65
471 187 69
467 194 85
459 182 86
457 172 74
466 169 61
483 175 70
484 193 76
469 195 90
484 191 94
478 202 99
470 198 88
482 182 96
471 205 97
490 197 90
465 213 94
465 184 101
460 183 85
462 190 81
449 187 81
451 170 77
458 171 63
455 179 60
457 180 73
468 169 67
464 192 73
473 189 83
478 189 84
481 203 88
464 215 108
481 195 100
475 222 97
472 199 99
469 201 92
477 202 99
461 218 76
461 192 88
461 194 86
458 201 93
466 204 79
469 209 85
473 212 89
467 206 98
467 210 96
472 205 85
464 204 83
462 194 88
435 209 77
429 162 73
428 155 39
425 157 34
428 157 26
425 161 30
428 157 32
426 164 29
439 161 21
430 179 40
438 158 33
437 181 45
448 163 48
442 184 51
454 176 48
440 184 52
450 170 52
446 184 64
443 165 57
456 169 52
445 181 52
448 171 60
440 176 43
450 164 58
436 180 50
438 174 54
440 164 44
429 163 47
436 151 36
434 164 43
443 155 39
442 167 42
446 154 45
449 169 43
438 165 40
439 147 42
436 151 32
437 149 30
435 150 27
436 149 29
435 149 26
434 147 30
437 151 28
435 148 27
433 144 26
435 148 26
432 145 31
434 148 29
438 154 28
436 152 32
437 153 31
442 151 32
430 156 27
429 147 33
431 140 21
434 149 25
443 145 26
431 158 29
429 146 28
424 145 21
420 144 25
419 135 17
417 134 7
416 135 11
414 134 7
414 132 8
414 132 4
414 132 6
414 132 4
414 132 6
414 132 4
414 132 6
414 132 4
414 132 6
414 132 4
414 132 6
414 132 4
414 132 6
414 132 4
414 132 6
414 132 4
414 132 6
414 132 4
414 132 6
414 132 4
414 132 6
414 132 4
414 132 6
415 133 5
415 138 13
416 133 11
415 135 12
416 137 12
412 136 11
409 133 9
409 130 5
409 128 2
409 128 0
409 128 0
409 128 0
409 128 0
409 128 0
409 128 0
409 128 0
409 128 0
409 128 0
409 128 0
409 128 0
409 128 0
409 128 0
