1378 1790 0 0 0 0 0 262144
1202 1378 0 0 0 0 0 262144
1174 1202 0 0 0 0 0 262144
1211 1174 0 0 0 0 0 262144
1275 1211 0 0 0 0 0 262144
1334 1275 0 0 0 0 0 262144
1375 1334 0 0 0 0 0 262144
1474 1375 0 0 0 0 0 262144
1472 1474 0 0 0 0 0 262144
1649 1472 0 0 0 0 0 262144
1675 1649 0 0 0 0 0 262144
1889 1675 0 0 0 0 0 262144
1709 1889 0 0 0 0 0 262144
1893 1709 0 0 0 0 0 262144
1949 1893 0 0 0 0 0 262144
2237 1949 0 0 0 0 0 262144
2031 2237 0 0 0 0 0 262144
2233 2031 0 0 0 0 0 262144
2173 2233 0 0 0 0 0 262144
2301 2173 0 0 0 0 0 262144
2216 2301 0 0 0 0 0 262144
2365 2216 0 0 0 0 0 262144
2288 2365 0 0 0 0 0 262144
2457 2288 0 0 0 0 0 262144
2360 2457 0 0 0 0 0 262144
2502 2360 0 0 0 0 0 262144
2339 2502 0 0 0 0 0 262144
2394 2339 0 0 0 0 0 262144
2250 2394 0 0 0 0 0 262144
2335 2250 0 0 0 0 0 262144
2200 2335 0 0 0 0 0 262144
2254 2200 0 0 0 0 0 262144
2180 2254 0 0 0 0 0 262144
2341 2180 0 0 0 0 0 262144
2242 2341 0 0 0 0 0 262144
2240 2242 0 0 0 0 0 262144
2232 2240 0 0 0 0 0 262144
2268 2232 0 0 0 0 0 262144
2281 2268 0 0 0 0 0 262144
2271 2281 0 0 0 0 0 262144
2213 2271 0 0 0 0 0 262144
2274 2213 0 0 0 0 0 262144
2133 2274 0 0 0 0 0 262144
2158 2133 0 0 0 0 0 262144
2144 2158 0 0 0 0 0 262144
2232 2144 0 0 0 0 0 262144
2279 2232 0 0 0 0 0 262144
2255 2279 0 0 0 0 0 262144
2256 2255 0 0 0 0 0 262144
2352 2256 0 0 0 0 0 262144
2244 2352 0 0 0 0 0 262144
2266 2244 0 0 0 0 0 262144
2190 2266 0 0 0 0 0 262144
2209 2190 0 0 0 0 0 262144
2206 2209 0 0 0 0 0 262144
2244 2206 0 0 0 0 0 262144
2264 2244 0 0 0 0 0 262144
2284 2264 0 0 0 0 0 262144
2227 2284 0 0 0 0 0 262144
2160 2227 0 0 0 0 0 262144
2104 2160 0 0 0 0 0 262144
2153 2104 0 0 0 0 0 262144
2132 2153 0 0 0 0 0 262144
2148 2132 0 0 0 0 0 262144
2110 2148 0 0 0 0 0 262144
2096 2110 0 0 0 0 0 262144
2023 2096 0 0 0 0 0 262144
2025 2023 0 0 0 0 0 262144
2047 2025 0 0 0 0 0 262144
2024 2047 0 0 0 0 0 262144
2007 2024 0 0 0 0 0 262144
2005 2007 0 0 0 0 0 262144
2038 2005 0 0 0 0 0 262144
2002 2038 0 0 0 0 0 262144
2009 2002 0 0 0 0 0 262144
2000 2009 0 0 0 0 0 262144
2005 2000 0 0 0 0 0 262144
2001 2005 0 0 0 0 0 262144
1955 2001 0 0 0 0 0 262144
1936 1955 0 0 0 0 0 262144
1960 1936 0 0 0 0 0 262144
1922 1960 0 0 0 0 0 262144
1935 1922 0 0 0 0 0 262144
1925 1935 0 0 0 0 0 262144
1990 1925 0 0 0 0 0 262144
1951 1990 0 0 0 0 0 262144
1999 1951 0 0 0 0 0 262144
2009 1999 0 0 0 0 0 262144
2033 2009 0 0 0 0 0 262144
1977 2033 0 0 0 0 0 262144
1984 1977 0 0 0 0 0 262144
1965 1984 0 0 0 0 0 262144
1997 1965 0 0 0 0 0 262144
1997 1997 0 0 0 0 0 262144
1993 1997 0 0 0 0 0 262144
2044 1993 0 0 0 0 0 262144
2056 2044 0 0 0 0 0 262144
2077 2056 0 0 0 0 0 262144
2067 2077 0 0 0 0 0 262144
2057 2067 0 0 0 0 0 262144
2072 2057 0 0 0 0 0 262144
2022 2072 0 0 0 0 0 262144
2050 2022 0 0 0 0 0 262144
2019 2050 0 0 0 0 0 262144
2062 2019 0 0 0 0 0 262144
2062 2062 0 0 0 0 0 262144
2085 2062 0 0 0 0 0 262144
2039 2085 0 0 0 0 0 262144
2073 2039 0 0 0 0 0 262144
2009 2073 0 0 0 0 0 262144
2050 2009 0 0 0 0 0 262144
2026 2050 0 0 0 0 0 262144
2009 2026 0 0 0 0 0 262144
1983 2009 0 0 0 0 0 262144
1974 1983 0 0 0 0 0 262144
1969 1974 0 0 0 0 0 262144
2021 1969 0 0 0 0 0 262144
1983 2021 0 0 0 0 0 262144
1949 1983 0 0 0 0 0 262144
1926 1949 0 0 0 0 0 262144
1887 1926 0 0 0 0 0 262144
1833 1887 0 0 0 0 0 262144
1869 1833 0 0 0 0 0 262144
1856 1869 0 0 0 0 0 262144
1848 1856 0 0 0 0 0 262144
1768 1848 0 0 0 0 0 262144
1745 1768 0 0 0 0 0 262144
1706 1745 0 0 0 0 0 262144
1673 1706 0 0 0 0 0 262144
1660 1673 0 0 0 0 0 262144
1652 1660 0 0 0 0 0 262144
1620 1652 0 0 0 0 0 262144
1578 1620 0 0 0 0 0 262144
1519 1578 0 0 0 0 0 262144
1505 1519 0 0 0 0 0 262144
1501 1505 0 0 0 0 0 262144
1533 1501 0 0 0 0 0 262144
1490 1533 0 0 0 0 0 262144
1459 1490 0 0 0 0 0 262144
1491 1459 0 0 0 0 0 262144
1481 1491 0 0 0 0 0 262144
1475 1481 0 0 0 0 0 262144
1441 1475 0 0 0 0 0 262144
1395 1441 0 0 0 0 0 262144
1409 1395 0 0 0 0 0 262144
1384 1409 0 0 0 0 0 262144
1386 1384 0 0 0 0 0 262144
1355 1386 0 0 0 0 0 262144
1377 1355 0 0 0 0 0 262144
1385 1377 0 0 0 0 0 262144
1395 1385 0 0 0 0 0 262144
1372 1395 0 0 0 0 0 262144
1397 1372 0 0 0 0 0 262144
1361 1397 0 0 0 0 0 262144
1357 1361 0 0 0 0 0 262144
1352 1357 0 0 0 0 0 262144
1378 1352 0 0 0 0 0 262144
1397 1378 0 0 0 0 0 262144
1426 1397 0 0 0 0 0 262144
1456 1426 0 0 0 0 0 262144
1496 1456 0 0 0 0 0 262144
1489 1496 0 0 0 0 0 262144
1485 1489 0 0 0 0 0 262144
1478 1485 0 0 0 0 0 262144
1511 1478 0 0 0 0 0 262144
1534 1511 0 0 0 0 0 262144
1558 1534 0 0 0 0 0 262144
1572 1558 0 0 0 0 0 262144
1546 1572 0 0 0 0 0 262144
1503 1546 0 0 0 0 0 262144
1522 1503 0 0 0 0 0 262144
1489 1522 0 0 0 0 0 262144
1503 1489 0 0 0 0 0 262144
1457 1503 0 0 0 0 0 262144
1477 1457 0 0 0 0 0 262144
1481 1477 0 0 0 0 0 262144
1479 1481 0 0 0 0 0 262144
1463 1479 0 0 0 0 0 262144
1480 1463 0 0 0 0 0 262144
1421 1480 0 0 0 0 0 262144
1441 1421 0 0 0 0 0 262144
1449 1441 0 0 0 0 0 262144
1486 1449 0 0 0 0 0 262144
1472 1486 0 0 0 0 0 262144
1474 1472 0 0 0 0 0 262144
1483 1474 0 0 0 0 0 262144
1506 1483 0 0 0 0 0 262144
1472 1506 0 0 0 0 0 262144
1477 1472 0 0 0 0 0 262144
1448 1477 0 0 0 0 0 262144
1465 1448 0 0 0 0 0 262144
1478 1465 0 0 0 0 0 262144
1505 1478 0 0 0 0 0 262144
1553 1505 0 0 0 0 0 262144
1533 1553 0 0 0 0 0 262144
1568 1533 0 0 0 0 0 262144
1591 1568 0 0 0 0 0 262144
1635 1591 0 0 0 0 0 262144
1638 1635 0 0 0 0 0 262144
1647 1638 0 0 0 0 0 262144
1632 1647 0 0 0 0 0 262144
1665 1632 0 0 0 0 0 262144
1605 1665 0 0 0 0 0 262144
1637 1605 0 0 0 0 0 262144
1677 1637 0 0 0 0 0 262144
1655 1677 0 0 0 0 0 262144
1594 1655 0 0 0 0 0 262144
1588 1594 0 0 0 0 0 262144
1598 1588 0 0 0 0 0 262144
1575 1598 0 0 0 0 0 262144
1536 1575 0 0 0 0 0 262144
1466 1536 0 0 0 0 0 262144
1475 1466 0 0 0 0 0 262144
1447 1475 0 0 0 0 0 262144
1460 1447 0 0 0 0 0 262144
1404 1460 0 0 0 0 0 262144
1406 1404 0 0 0 0 0 262144
1409 1406 0 0 0 0 0 262144
1406 1409 0 0 0 0 0 262144
1381 1406 0 0 0 0 0 262144
1389 1381 0 0 0 0 0 262144
1381 1389 0 0 0 0 0 262144
1399 1381 0 0 0 0 0 262144
1380 1399 0 0 0 0 0 262144
1433 1380 0 0 0 0 0 262144
1419 1433 0 0 0 0 0 262144
1440 1419 0 0 0 0 0 262144
1401 1440 0 0 0 0 0 262144
1419 1401 0 0 0 0 0 262144
1403 1419 0 0 0 0 0 262144
1394 1403 0 0 0 0 0 262144
1406 1394 0 0 0 0 0 262144
1445 1406 0 0 0 0 0 262144
1441 1445 0 0 0 0 0 262144
1481 1441 0 0 0 0 0 262144
1462 1481 0 0 0 0 0 262144
1497 1462 0 0 0 0 0 262144
1485 1497 0 0 0 0 0 262144
1506 1485 0 0 0 0 0 262144
1502 1506 0 0 0 0 0 262144
1501 1502 0 0 0 0 0 262144
1512 1501 0 0 0 0 0 262144
1542 1512 0 0 0 0 0 262144
1541 1542 0 0 0 0 0 262144
1602 1541 0 0 0 0 0 262144
1577 1602 0 0 0 0 0 262144
1617 1577 0 0 0 0 0 262144
1638 1617 0 0 0 0 0 262144
1686 1638 0 0 0 0 0 262144
1688 1686 0 0 0 0 0 262144
1701 1688 0 0 0 0 0 262144
1702 1701 0 0 0 0 0 262144
1752 1702 0 0 0 0 0 262144
1742 1752 0 0 0 0 0 262144
