23 67 8 0 0 0 0 0
24 68 9 0 0 0 0 0
22 68 9 0 0 0 0 0
22 68 9 0 0 0 0 0
22 69 10 0 0 0 0 0
22 69 10 0 0 0 0 0
23 67 9 0 0 0 0 0
23 71 10 0 0 0 0 0
23 71 10 0 0 0 0 0
22 71 10 0 0 0 0 0
24 70 10 0 0 0 0 0
23 73 10 0 0 0 0 0
24 73 10 0 0 0 0 0
23 74 11 0 0 0 0 0
24 72 10 0 0 0 0 0
25 75 10 0 0 0 0 0
24 76 11 0 0 0 0 0
23 76 11 0 0 0 0 0
25 74 10 0 0 0 0 0
24 77 11 0 0 0 0 0
23 77 11 0 0 0 0 0
23 77 11 0 0 0 0 0
24 75 11 0 0 0 0 0
23 78 11 0 0 0 0 0
23 78 11 0 0 0 0 0
23 78 11 0 0 0 0 0
26 76 10 0 0 0 0 0
25 79 10 0 0 0 0 0
25 79 10 0 0 0 0 0
26 80 11 0 0 0 0 0
27 80 10 0 0 0 0 0
27 80 10 0 0 0 0 0
27 81 11 0 0 0 0 0
29 80 10 0 0 0 0 0
28 82 10 0 0 0 0 0
28 83 11 0 0 0 0 0
28 83 11 0 0 0 0 0
27 83 11 0 0 0 0 0
27 84 12 0 0 0 0 0
26 84 12 0 0 0 0 0
27 84 12 0 0 0 0 0
28 83 12 0 0 0 0 0
27 86 12 0 0 0 0 0
28 86 12 0 0 0 0 0
27 87 13 0 0 0 0 0
28 85 12 0 0 0 0 0
28 88 12 0 0 0 0 0
27 88 13 0 0 0 0 0
26 88 13 0 0 0 0 0
28 86 12 0 0 0 0 0
27 89 13 0 0 0 0 0
26 89 13 0 0 0 0 0
26 89 13 0 0 0 0 0
28 87 12 0 0 0 0 0
29 90 12 0 0 0 0 0
28 90 12 0 0 0 0 0
28 90 12 0 0 0 0 0
31 89 12 0 0 0 0 0
30 92 12 0 0 0 0 0
29 92 12 0 0 0 0 0
29 93 13 0 0 0 0 0
32 91 12 0 0 0 0 0
30 94 12 0 0 0 0 0
30 95 13 0 0 0 0 0
30 95 13 0 0 0 0 0
32 95 12 0 0 0 0 0
32 96 13 0 0 0 0 0
31 96 13 0 0 0 0 0
34 95 12 0 0 0 0 0
33 98 13 0 0 0 0 0
32 98 13 0 0 0 0 0
33 98 13 0 0 0 0 0
32 99 14 0 0 0 0 0
31 99 14 0 0 0 0 0
31 99 14 0 0 0 0 0
30 99 15 0 0 0 0 0
31 97 14 0 0 0 0 0
31 100 14 0 0 0 0 0
30 100 15 0 0 0 0 0
29 100 15 0 0 0 0 0
31 98 14 0 0 0 0 0
31 101 14 0 0 0 0 0
32 101 14 0 0 0 0 0
31 101 14 0 0 0 0 0
33 99 13 0 0 0 0 0
34 103 14 0 0 0 0 0
33 103 14 0 0 0 0 0
32 103 14 0 0 0 0 0
34 102 14 0 0 0 0 0
35 105 14 0 0 0 0 0
33 105 14 0 0 0 0 0
33 106 15 0 0 0 0 0
35 104 14 0 0 0 0 0
35 107 14 0 0 0 0 0
34 108 15 0 0 0 0 0
33 108 15 0 0 0 0 0
37 106 14 0 0 0 0 0
35 110 15 0 0 0 0 0
34 110 15 0 0 0 0 0
35 110 15 0 0 0 0 0
37 111 15 0 0 0 0 0
36 111 15 0 0 0 0 0
36 111 15 0 0 0 0 0
37 110 15 0 0 0 0 0
36 112 15 0 0 0 0 0
36 112 15 0 0 0 0 0
35 112 16 0 0 0 0 0
34 112 16 0 0 0 0 0
34 112 16 0 0 0 0 0
34 112 16 0 0 0 0 0
35 112 16 0 0 0 0 0
36 110 15 0 0 0 0 0
36 113 15 0 0 0 0 0
37 114 16 0 0 0 0 0
36 114 16 0 0 0 0 0
37 112 15 0 0 0 0 0
37 116 16 0 0 0 0 0
38 116 16 0 0 0 0 0
36 116 16 0 0 0 0 0
38 115 16 0 0 0 0 0
38 118 16 0 0 0 0 0
38 118 16 0 0 0 0 0
37 119 17 0 0 0 0 0
38 118 16 0 0 0 0 0
41 118 16 0 0 0 0 0
38 118 16 0 0 0 0 0
37 119 18 0 0 0 0 0
38 118 17 0 0 0 0 0
37 116 17 0 0 0 0 0
36 115 17 0 0 0 0 0
36 115 17 0 0 0 0 0
38 115 17 0 0 0 0 0
37 115 16 0 0 0 0 0
37 115 18 0 0 0 0 0
40 116 17 0 0 0 0 0
40 116 17 0 0 0 0 0
39 118 19 0 0 0 0 0
39 116 18 0 0 0 0 0
42 120 18 0 0 0 0 0
42 120 18 0 0 0 0 0
41 122 18 0 0 0 0 0
41 121 20 0 0 0 0 0
41 125 19 0 0 0 0 0
41 126 18 0 0 0 0 0
41 129 18 0 0 0 0 0
45 127 18 0 0 0 0 0
44 133 17 0 0 0 0 0
44 133 17 0 0 0 0 0
45 134 18 0 0 0 0 0
46 132 17 0 0 0 0 0
45 135 17 0 0 0 0 0
45 136 18 0 0 0 0 0
46 137 19 0 0 0 0 0
45 135 18 0 0 0 0 0
45 139 19 0 0 0 0 0
45 140 20 0 0 0 0 0
44 140 20 0 0 0 0 0
47 137 19 0 0 0 0 0
46 144 20 0 0 0 0 0
47 144 20 0 0 0 0 0
45 145 21 0 0 0 0 0
48 142 20 0 0 0 0 0
48 148 20 0 0 0 0 0
48 149 21 0 0 0 0 0
46 150 22 0 0 0 0 0
49 146 20 0 0 0 0 0
49 152 21 0 0 0 0 0
47 153 22 0 0 0 0 0
46 153 22 0 0 0 0 0
49 149 21 0 0 0 0 0
47 155 22 0 0 0 0 0
46 155 22 0 0 0 0 0
46 155 22 0 0 0 0 0
50 151 21 0 0 0 0 0
48 157 21 0 0 0 0 0
48 157 21 0 0 0 0 0
49 158 22 0 0 0 0 0
53 156 20 0 0 0 0 0
52 159 20 0 0 0 0 0
52 160 21 0 0 0 0 0
55 160 21 0 0 0 0 0
55 162 20 0 0 0 0 0
55 163 21 0 0 0 0 0
55 164 22 0 0 0 0 0
56 163 21 0 0 0 0 0
55 166 22 0 0 0 0 0
54 167 23 0 0 0 0 0
55 167 23 0 0 0 0 0
55 166 23 0 0 0 0 0
54 170 24 0 0 0 0 0
54 170 24 0 0 0 0 0
54 171 25 0 0 0 0 0
56 168 24 0 0 0 0 0
55 174 24 0 0 0 0 0
55 174 25 0 0 0 0 0
53 175 26 0 0 0 0 0
56 171 24 0 0 0 0 0
55 177 25 0 0 0 0 0
53 177 26 0 0 0 0 0
52 177 26 0 0 0 0 0
56 173 24 0 0 0 0 0
56 179 25 0 0 0 0 0
54 179 25 0 0 0 0 0
54 179 25 0 0 0 0 0
59 176 24 0 0 0 0 0
59 182 24 0 0 0 0 0
57 182 24 0 0 0 0 0
57 183 25 0 0 0 0 0
63 180 24 0 0 0 0 0
60 186 24 0 0 0 0 0
59 187 25 0 0 0 0 0
59 188 26 0 0 0 0 0
64 186 24 0 0 0 0 0
62 190 25 0 0 0 0 0
61 191 26 0 0 0 0 0
64 190 25 0 0 0 0 0
65 193 25 0 0 0 0 0
64 194 26 0 0 0 0 0
64 194 26 0 0 0 0 0
66 194 26 0 0 0 0 0
64 197 27 0 0 0 0 0
63 197 27 0 0 0 0 0
63 197 28 0 0 0 0 0
63 196 28 0 0 0 0 0
62 199 28 0 0 0 0 0
61 199 29 0 0 0 0 0
59 199 30 0 0 0 0 0
62 195 28 0 0 0 0 0
62 201 28 0 0 0 0 0
62 201 29 0 0 0 0 0
60 201 29 0 0 0 0 0
64 197 27 0 0 0 0 0
65 204 28 0 0 0 0 0
65 204 28 0 0 0 0 0
63 204 28 0 0 0 0 0
67 201 27 0 0 0 0 0
69 208 28 0 0 0 0 0
66 208 28 0 0 0 0 0
65 209 29 0 0 0 0 0
69 206 28 0 0 0 0 0
70 212 28 0 0 0 0 0
67 213 29 0 0 0 0 0
66 214 30 0 0 0 0 0
72 210 28 0 0 0 0 0
70 217 29 0 0 0 0 0
68 218 30 0 0 0 0 0
68 218 30 0 0 0 0 0
74 217 29 0 0 0 0 0
71 221 30 0 0 0 0 0
70 221 30 0 0 0 0 0
72 220 30 0 0 0 0 0
73 223 30 0 0 0 0 0
72 223 30 0 0 0 0 0
71 223 31 0 0 0 0 0
71 222 31 0 0 0 0 0
70 224 31 0 0 0 0 0
70 224 31 0 0 0 0 0
70 224 32 0 0 0 0 0
70 222 31 0 0 0 0 0
70 225 31 0 0 0 0 0
71 226 32 0 0 0 0 0
71 226 32 0 0 0 0 0
73 222 30 0 0 0 0 0
73 229 31 0 0 0 0 0
75 230 32 0 0 0 0 0
72 230 32 0 0 0 0 0
75 227 31 0 0 0 0 0
75 234 32 0 0 0 0 0
76 234 32 0 0 0 0 0
73 235 33 0 0 0 0 0
76 233 32 0 0 0 0 0
79 236 32 0 0 0 0 0
76 236 32 0 0 0 0 0
74 238 35 0 0 0 0 0
76 236 33 0 0 0 0 0
78 234 33 0 0 0 0 0
74 233 33 0 0 0 0 0
73 234 35 0 0 0 0 0
76 233 34 0 0 0 0 0
74 231 33 0 0 0 0 0
73 230 35 0 0 0 0 0
76 231 34 0 0 0 0 0
78 231 34 0 0 0 0 0
76 233 35 0 0 0 0 0
76 231 36 0 0 0 0 0
82 236 35 0 0 0 0 0
82 236 35 0 0 0 0 0
80 240 37 0 0 0 0 0
80 237 38 0 0 0 0 0
83 245 37 0 0 0 0 0
83 246 36 0 0 0 0 0
82 251 36 0 0 0 0 0
86 248 38 0 0 0 0 0
85 258 36 0 0 0 0 0
85 259 35 0 0 0 0 0
86 263 36 0 0 0 0 0
91 259 35 0 0 0 0 0
89 268 34 0 0 0 0 0
89 269 35 0 0 0 0 0
91 271 37 0 0 0 0 0
91 267 35 0 0 0 0 0
90 274 36 0 0 0 0 0
90 276 38 0 0 0 0 0
90 277 39 0 0 0 0 0
92 272 37 0 0 0 0 0
91 283 39 0 0 0 0 0
92 284 40 0 0 0 0 0
89 285 41 0 0 0 0 0
95 279 39 0 0 0 0 0
94 292 40 0 0 0 0 0
95 293 41 0 0 0 0 0
91 295 43 0 0 0 0 0
97 288 40 0 0 0 0 0
97 300 41 0 0 0 0 0
95 302 43 0 0 0 0 0
92 303 44 0 0 0 0 0
98 295 41 0 0 0 0 0
96 307 43 0 0 0 0 0
93 308 44 0 0 0 0 0
92 308 44 0 0 0 0 0
99 300 42 0 0 0 0 0
95 312 43 0 0 0 0 0
94 312 43 0 0 0 0 0
95 313 44 0 0 0 0 0
103 307 41 0 0 0 0 0
100 316 41 0 0 0 0 0
100 317 42 0 0 0 0 0
104 318 43 0 0 0 0 0
108 318 40 0 0 0 0 0
107 322 41 0 0 0 0 0
107 324 43 0 0 0 0 0
111 323 42 0 0 0 0 0
110 328 42 0 0 0 0 0
109 330 44 0 0 0 0 0
110 331 45 0 0 0 0 0
111 329 44 0 0 0 0 0
109 336 46 0 0 0 0 0
108 337 47 0 0 0 0 0
109 338 48 0 0 0 0 0
111 334 47 0 0 0 0 0
109 344 48 0 0 0 0 0
109 344 49 0 0 0 0 0
107 346 51 0 0 0 0 0
112 339 48 0 0 0 0 0
110 351 49 0 0 0 0 0
108 351 51 0 0 0 0 0
105 352 52 0 0 0 0 0
112 344 48 0 0 0 0 0
111 356 50 0 0 0 0 0
107 356 51 0 0 0 0 0
106 356 51 0 0 0 0 0
115 349 48 0 0 0 0 0
115 361 49 0 0 0 0 0
111 361 49 0 0 0 0 0
111 362 50 0 0 0 0 0
122 356 48 0 0 0 0 0
119 368 48 0 0 0 0 0
116 369 49 0 0 0 0 0
116 371 51 0 0 0 0 0
127 366 48 0 0 0 0 0
122 376 49 0 0 0 0 0
120 378 51 0 0 0 0 0
123 378 51 0 0 0 0 0
129 379 49 0 0 0 0 0
126 384 51 0 0 0 0 0
125 385 52 0 0 0 0 0
130 384 51 0 0 0 0 0
129 390 52 0 0 0 0 0
127 391 53 0 0 0 0 0
127 391 54 0 0 0 0 0
129 390 54 0 0 0 0 0
126 396 55 0 0 0 0 0
124 396 56 0 0 0 0 0
122 396 58 0 0 0 0 0
125 391 56 0 0 0 0 0
124 400 56 0 0 0 0 0
123 400 58 0 0 0 0 0
119 400 59 0 0 0 0 0
126 392 55 0 0 0 0 0
127 405 56 0 0 0 0 0
127 405 57 0 0 0 0 0
123 405 57 0 0 0 0 0
131 398 54 0 0 0 0 0
134 412 56 0 0 0 0 0
131 412 56 0 0 0 0 0
128 413 57 0 0 0 0 0
136 407 55 0 0 0 0 0
139 420 56 0 0 0 0 0
133 421 57 0 0 0 0 0
131 423 59 0 0 0 0 0
141 416 56 0 0 0 0 0
140 429 57 0 0 0 0 0
135 431 59 0 0 0 0 0
134 432 60 0 0 0 0 0
146 427 57 0 0 0 0 0
141 438 59 0 0 0 0 0
138 439 60 0 0 0 0 0
140 438 60 0 0 0 0 0
147 440 59 0 0 0 0 0
143 444 60 0 0 0 0 0
141 444 61 0 0 0 0 0
143 442 61 0 0 0 0 0
143 447 61 0 0 0 0 0
142 447 61 0 0 0 0 0
141 447 63 0 0 0 0 0
141 444 62 0 0 0 0 0
140 449 62 0 0 0 0 0
141 450 63 0 0 0 0 0
141 450 64 0 0 0 0 0
143 444 61 0 0 0 0 0
143 454 62 0 0 0 0 0
146 456 64 0 0 0 0 0
143 456 64 0 0 0 0 0
148 449 61 0 0 0 0 0
148 463 63 0 0 0 0 0
151 464 64 0 0 0 0 0
145 465 65 0 0 0 0 0
151 460 63 0 0 0 0 0
154 470 64 0 0 0 0 0
152 470 64 0 0 0 0 0
147 473 68 0 0 0 0 0
152 469 65 0 0 0 0 0
157 470 65 0 0 0 0 0
150 469 65 0 0 0 0 0
147 472 70 0 0 0 0 0
152 469 67 0 0 0 0 0
152 465 66 0 0 0 0 0
147 463 68 0 0 0 0 0
149 465 69 0 0 0 0 0
154 464 68 0 0 0 0 0
150 464 68 0 0 0 0 0
149 461 71 0 0 0 0 0
158 467 69 0 0 0 0 0
160 467 69 0 0 0 0 0
156 473 72 0 0 0 0 0
156 468 74 0 0 0 0 0
165 481 72 0 0 0 0 0
165 483 71 0 0 0 0 0
161 492 73 0 0 0 0 0
165 485 75 0 0 0 0 0
167 501 72 0 0 0 0 0
166 500 71 0 0 0 0 0
164 507 71 0 0 0 0 0
171 502 73 0 0 0 0 0
168 518 70 0 0 0 0 0
169 519 69 0 0 0 0 0
172 524 71 0 0 0 0 0
178 516 68 0 0 0 0 0
176 531 67 0 0 0 0 0
176 533 69 0 0 0 0 0
179 536 72 0 0 0 0 0
180 528 68 0 0 0 0 0
178 542 70 0 0 0 0 0
180 545 73 0 0 0 0 0
178 546 74 0 0 0 0 0
184 536 70 0 0 0 0 0
183 557 73 0 0 0 0 0
186 558 74 0 0 0 0 0
179 560 76 0 0 0 0 0
190 549 72 0 0 0 0 0
190 570 73 0 0 0 0 0
189 572 75 0 0 0 0 0
183 575 78 0 0 0 0 0
195 562 72 0 0 0 0 0
194 583 74 0 0 0 0 0
190 586 77 0 0 0 0 0
188 587 77 0 0 0 0 0
200 573 72 0 0 0 0 0
195 594 75 0 0 0 0 0
191 595 76 0 0 0 0 0
191 596 77 0 0 0 0 0
203 584 73 0 0 0 0 0
197 602 74 0 0 0 0 0
196 603 75 0 0 0 0 0
200 604 76 0 0 0 0 0
211 598 71 0 0 0 0 0
207 611 72 0 0 0 0 0
207 613 74 0 0 0 0 0
213 614 75 0 0 0 0 0
217 617 72 0 0 0 0 0
215 622 74 0 0 0 0 0
216 625 77 0 0 0 0 0
222 622 75 0 0 0 0 0
219 633 76 0 0 0 0 0
218 636 79 0 0 0 0 0
219 638 81 0 0 0 0 0
221 633 79 0 0 0 0 0
218 647 82 0 0 0 0 0
216 648 84 0 0 0 0 0
216 650 86 0 0 0 0 0
222 641 83 0 0 0 0 0
218 660 85 0 0 0 0 0
217 660 87 0 0 0 0 0
213 663 90 0 0 0 0 0
223 650 84 0 0 0 0 0
221 671 86 0 0 0 0 0
216 671 89 0 0 0 0 0
212 672 90 0 0 0 0 0
226 659 84 0 0 0 0 0
224 680 87 0 0 0 0 0
217 680 88 0 0 0 0 0
216 681 89 0 0 0 0 0
233 669 84 0 0 0 0 0
231 690 85 0 0 0 0 0
225 691 86 0 0 0 0 0
225 693 88 0 0 0 0 0
244 684 84 0 0 0 0 0
238 703 85 0 0 0 0 0
233 705 87 0 0 0 0 0
236 707 89 0 0 0 0 0
251 703 85 0 0 0 0 0
243 717 87 0 0 0 0 0
241 720 90 0 0 0 0 0
246 720 90 0 0 0 0 0
252 724 88 0 0 0 0 0
248 730 91 0 0 0 0 0
246 731 93 0 0 0 0 0
254 728 91 0 0 0 0 0
251 740 93 0 0 0 0 0
247 741 95 0 0 0 0 0
246 741 97 0 0 0 0 0
250 737 96 0 0 0 0 0
246 749 97 0 0 0 0 0
244 749 99 0 0 0 0 0
239 749 102 0 0 0 0 0
247 738 97 0 0 0 0 0
247 757 98 0 0 0 0 0
245 757 101 0 0 0 0 0
238 757 102 0 0 0 0 0
251 744 96 0 0 0 0 0
254 767 98 0 0 0 0 0
252 767 99 0 0 0 0 0
246 768 100 0 0 0 0 0
260 756 95 0 0 0 0 0
265 780 98 0 0 0 0 0
258 781 99 0 0 0 0 0
253 783 101 0 0 0 0 0
269 772 97 0 0 0 0 0
271 795 99 0 0 0 0 0
261 797 101 0 0 0 0 0
259 800 104 0 0 0 0 0
277 790 99 0 0 0 0 0
273 810 101 0 0 0 0 0
266 813 104 0 0 0 0 0
266 813 105 0 0 0 0 0
283 809 101 0 0 0 0 0
275 824 104 0 0 0 0 0
270 825 106 0 0 0 0 0
273 823 106 0 0 0 0 0
281 828 105 0 0 0 0 0
276 832 106 0 0 0 0 0
274 832 108 0 0 0 0 0
277 827 107 0 0 0 0 0
276 837 107 0 0 0 0 0
276 838 108 0 0 0 0 0
274 838 111 0 0 0 0 0
275 831 108 0 0 0 0 0
274 843 109 0 0 0 0 0
277 845 111 0 0 0 0 0
275 845 112 0 0 0 0 0
281 834 107 0 0 0 0 0
281 854 109 0 0 0 0 0
286 857 112 0 0 0 0 0
279 858 113 0 0 0 0 0
288 847 108 0 0 0 0 0
291 868 111 0 0 0 0 0
292 869 112 0 0 0 0 0
282 872 116 0 0 0 0 0
292 864 112 0 0 0 0 0
297 875 113 0 0 0 0 0
291 874 113 0 0 0 0 0
284 879 120 0 0 0 0 0
293 873 115 0 0 0 0 0
299 872 114 0 0 0 0 0
288 870 116 0 0 0 0 0
287 875 122 0 0 0 0 0
295 871 118 0 0 0 0 0
292 867 118 0 0 0 0 0
286 862 121 0 0 0 0 0
294 869 121 0 0 0 0 0
301 869 120 0 0 0 0 0
293 873 121 0 0 0 0 0
292 866 126 0 0 0 0 0
307 879 122 0 0 0 0 0
308 878 122 0 0 0 0 0
299 889 126 0 0 0 0 0
301 880 129 0 0 0 0 0
312 902 125 0 0 0 0 0
312 902 123 0 0 0 0 0
305 914 124 0 0 0 0 0
313 903 127 0 0 0 0 0
314 926 121 0 0 0 0 0
313 922 119 0 0 0 0 0
312 931 119 0 0 0 0 0
321 923 120 0 0 0 0 0
317 944 115 0 0 0 0 0
320 945 114 0 0 0 0 0
326 950 116 0 0 0 0 0
333 937 110 0 0 0 0 0
331 958 109 0 0 0 0 0
334 960 111 0 0 0 0 0
337 963 114 0 0 0 0 0
339 951 108 0 0 0 0 0
338 971 110 0 0 0 0 0
343 974 113 0 0 0 0 0
338 975 114 0 0 0 0 0
350 960 107 0 0 0 0 0
351 990 110 0 0 0 0 0
355 991 111 0 0 0 0 0
346 994 113 0 0 0 0 0
364 978 106 0 0 0 0 0
365 1007 107 0 0 0 0 0
362 1010 110 0 0 0 0 0
356 1014 113 0 0 0 0 0
374 995 104 0 0 0 0 0
372 1025 107 0 0 0 0 0
366 1029 111 0 0 0 0 0
365 1030 110 0 0 0 0 0
383 1010 103 0 0 0 0 0
375 1040 107 0 0 0 0 0
370 1041 108 0 0 0 0 0
371 1043 110 0 0 0 0 0
388 1027 104 0 0 0 0 0
380 1051 105 0 0 0 0 0
379 1053 107 0 0 0 0 0
386 1054 108 0 0 0 0 0
400 1048 101 0 0 0 0 0
395 1065 103 0 0 0 0 0
395 1068 106 0 0 0 0 0
403 1069 107 0 0 0 0 0
407 1075 104 0 0 0 0 0
404 1081 107 0 0 0 0 0
406 1085 111 0 0 0 0 0
414 1080 108 0 0 0 0 0
409 1097 110 0 0 0 0 0
408 1101 114 0 0 0 0 0
409 1104 117 0 0 0 0 0
412 1096 114 0 0 0 0 0
408 1117 118 0 0 0 0 0
405 1118 121 0 0 0 0 0
404 1121 124 0 0 0 0 0
414 1107 119 0 0 0 0 0
408 1135 122 0 0 0 0 0
406 1135 125 0 0 0 0 0
400 1139 129 0 0 0 0 0
415 1120 120 0 0 0 0 0
413 1150 123 0 0 0 0 0
405 1150 127 0 0 0 0 0
400 1151 128 0 0 0 0 0
421 1133 120 0 0 0 0 0
418 1163 124 0 0 0 0 0
408 1163 125 0 0 0 0 0
407 1165 127 0 0 0 0 0
432 1148 120 0 0 0 0 0
428 1178 121 0 0 0 0 0
420 1180 123 0 0 0 0 0
420 1183 126 0 0 0 0 0
447 1171 120 0 0 0 0 0
438 1197 122 0 0 0 0 0
431 1200 125 0 0 0 0 0
437 1202 127 0 0 0 0 0
456 1199 122 0 0 0 0 0
445 1217 125 0 0 0 0 0
443 1221 129 0 0 0 0 0
450 1221 129 0 0 0 0 0
456 1228 127 0 0 0 0 0
451 1235 131 0 0 0 0 0
448 1236 134 0 0 0 0 0
459 1231 131 0 0 0 0 0
454 1249 134 0 0 0 0 0
448 1250 137 0 0 0 0 0
446 1250 140 0 0 0 0 0
452 1243 138 0 0 0 0 0
447 1261 139 0 0 0 0 0
445 1261 142 0 0 0 0 0
437 1261 146 0 0 0 0 0
450 1244 138 0 0 0 0 0
451 1273 140 0 0 0 0 0
448 1273 144 0 0 0 0 0
438 1273 145 0 0 0 0 0
457 1255 137 0 0 0 0 0
462 1288 140 0 0 0 0 0
458 1288 141 0 0 0 0 0
450 1290 143 0 0 0 0 0
470 1273 136 0 0 0 0 0
477 1307 140 0 0 0 0 0
466 1309 142 0 0 0 0 0
459 1312 145 0 0 0 0 0
483 1296 139 0 0 0 0 0
484 1329 142 0 0 0 0 0
470 1332 145 0 0 0 0 0
468 1336 149 0 0 0 0 0
494 1323 142 0 0 0 0 0
487 1350 145 0 0 0 0 0
478 1354 149 0 0 0 0 0
479 1353 150 0 0 0 0 0
501 1350 145 0 0 0 0 0
490 1369 149 0 0 0 0 0
483 1370 152 0 0 0 0 0
487 1367 152 0 0 0 0 0
496 1375 151 0 0 0 0 0
490 1379 152 0 0 0 0 0
488 1379 155 0 0 0 0 0
492 1371 153 0 0 0 0 0
490 1386 153 0 0 0 0 0
491 1388 155 0 0 0 0 0
488 1388 159 0 0 0 0 0
490 1377 154 0 0 0 0 0
489 1396 156 0 0 0 0 0
494 1399 159 0 0 0 0 0
490 1399 160 0 0 0 0 0
500 1383 153 0 0 0 0 0
500 1413 156 0 0 0 0 0
507 1417 160 0 0 0 0 0
496 1419 162 0 0 0 0 0
509 1404 155 0 0 0 0 0
515 1432 159 0 0 0 0 0
514 1433 160 0 0 0 0 0
500 1438 167 0 0 0 0 0
514 1427 161 0 0 0 0 0
521 1439 162 0 0 0 0 0
511 1437 162 0 0 0 0 0
502 1444 172 0 0 0 0 0
515 1436 165 0 0 0 0 0
522 1433 163 0 0 0 0 0
507 1430 167 0 0 0 0 0
508 1437 174 0 0 0 0 0
519 1432 169 0 0 0 0 0
513 1428 170 0 0 0 0 0
506 1420 174 0 0 0 0 0
520 1432 173 0 0 0 0 0
529 1432 172 0 0 0 0 0
518 1440 174 0 0 0 0 0
517 1430 182 0 0 0 0 0
538 1452 176 0 0 0 0 0
539 1453 175 0 0 0 0 0
527 1471 181 0 0 0 0 0
533 1456 184 0 0 0 0 0
546 1490 178 0 0 0 0 0
545 1489 176 0 0 0 0 0
535 1505 177 0 0 0 0 0
546 1490 181 0 0 0 0 0
545 1521 173 0 0 0 0 0
544 1515 171 0 0 0 0 0
543 1526 171 0 0 0 0 0
555 1514 171 0 0 0 0 0
550 1544 165 0 0 0 0 0
554 1545 164 0 0 0 0 0
562 1551 167 0 0 0 0 0
572 1532 158 0 0 0 0 0
569 1562 157 0 0 0 0 0
574 1565 160 0 0 0 0 0
577 1569 164 0 0 0 0 0
581 1551 155 0 0 0 0 0
580 1581 158 0 0 0 0 0
588 1585 162 0 0 0 0 0
579 1586 163 0 0 0 0 0
597 1564 153 0 0 0 0 0
599 1606 157 0 0 0 0 0
603 1607 158 0 0 0 0 0
590 1611 161 0 0 0 0 0
616 1588 151 0 0 0 0 0
617 1628 152 0 0 0 0 0
612 1632 156 0 0 0 0 0
606 1637 159 0 0 0 0 0
633 1610 146 0 0 0 0 0
629 1652 150 0 0 0 0 0
621 1657 155 0 0 0 0 0
622 1659 154 0 0 0 0 0
647 1633 144 0 0 0 0 0
636 1672 149 0 0 0 0 0
630 1674 151 0 0 0 0 0
634 1676 153 0 0 0 0 0
655 1658 145 0 0 0 0 0
645 1689 147 0 0 0 0 0
644 1692 150 0 0 0 0 0
653 1693 151 0 0 0 0 0
670 1688 143 0 0 0 0 0
663 1709 146 0 0 0 0 0
664 1713 150 0 0 0 0 0
675 1713 151 0 0 0 0 0
678 1725 148 0 0 0 0 0
675 1732 152 0 0 0 0 0
677 1738 158 0 0 0 0 0
688 1729 153 0 0 0 0 0
681 1755 156 0 0 0 0 0
679 1760 162 0 0 0 0 0
679 1764 166 0 0 0 0 0
685 1751 161 0 0 0 0 0
679 1782 167 0 0 0 0 0
674 1783 171 0 0 0 0 0
672 1787 175 0 0 0 0 0
688 1766 167 0 0 0 0 0
681 1806 171 0 0 0 0 0
677 1806 175 0 0 0 0 0
669 1811 180 0 0 0 0 0
692 1785 168 0 0 0 0 0
689 1827 172 0 0 0 0 0
677 1827 177 0 0 0 0 0
671 1829 179 0 0 0 0 0
702 1804 168 0 0 0 0 0
696 1846 173 0 0 0 0 0
683 1847 175 0 0 0 0 0
682 1850 178 0 0 0 0 0
717 1828 168 0 0 0 0 0
711 1868 170 0 0 0 0 0
700 1871 173 0 0 0 0 0
703 1874 176 0 0 0 0 0
737 1862 169 0 0 0 0 0
724 1895 172 0 0 0 0 0
716 1899 176 0 0 0 0 0
724 1902 179 0 0 0 0 0
746 1900 173 0 0 0 0 0
732 1922 177 0 0 0 0 0
729 1927 183 0 0 0 0 0
739 1925 182 0 0 0 0 0
745 1938 180 0 0 0 0 0
738 1946 186 0 0 0 0 0
733 1947 190 0 0 0 0 0
749 1938 185 0 0 0 0 0
742 1965 189 0 0 0 0 0
735 1966 193 0 0 0 0 0
731 1966 197 0 0 0 0 0
741 1954 193 0 0 0 0 0
736 1982 195 0 0 0 0 0
733 1982 199 0 0 0 0 0
721 1982 204 0 0 0 0 0
741 1958 193 0 0 0 0 0
744 2000 196 0 0 0 0 0
738 2000 201 0 0 0 0 0
725 2001 203 0 0 0 0 0
752 1976 192 0 0 0 0 0
759 2022 196 0 0 0 0 0
752 2023 198 0 0 0 0 0
741 2026 201 0 0 0 0 0
771 2002 191 0 0 0 0 0
778 2050 197 0 0 0 0 0
762 2053 200 0 0 0 0 0
754 2057 204 0 0 0 0 0
788 2037 196 0 0 0 0 0
787 2080 200 0 0 0 0 0
769 2084 204 0 0 0 0 0
768 2088 209 0 0 0 0 0
801 2074 200 0 0 0 0 0
791 2108 204 0 0 0 0 0
779 2113 210 0 0 0 0 0
780 2111 211 0 0 0 0 0
807 2109 205 0 0 0 0 0
793 2132 210 0 0 0 0 0
785 2133 214 0 0 0 0 0
791 2127 213 0 0 0 0 0
801 2141 212 0 0 0 0 0
795 2146 214 0 0 0 0 0
792 2146 218 0 0 0 0 0
798 2133 214 0 0 0 0 0
795 2157 215 0 0 0 0 0
798 2160 218 0 0 0 0 0
792 2160 223 0 0 0 0 0
797 2144 216 0 0 0 0 0
796 2173 219 0 0 0 0 0
803 2177 223 0 0 0 0 0
796 2178 225 0 0 0 0 0
811 2156 215 0 0 0 0 0
814 2196 219 0 0 0 0 0
820 2201 224 0 0 0 0 0
804 2205 229 0 0 0 0 0
822 2185 219 0 0 0 0 0
830 2218 224 0 0 0 0 0
826 2218 225 0 0 0 0 0
808 2225 235 0 0 0 0 0
828 2211 227 0 0 0 0 0
836 2224 227 0 0 0 0 0
822 2221 229 0 0 0 0 0
814 2231 241 0 0 0 0 0
831 2221 232 0 0 0 0 0
838 2218 231 0 0 0 0 0
819 2212 236 0 0 0 0 0
825 2225 244 0 0 0 0 0
839 2220 238 0 0 0 0 0
828 2218 240 0 0 0 0 0
821 2204 246 0 0 0 0 0
841 2223 243 0 0 0 0 0
851 2222 242 0 0 0 0 0
834 2235 244 0 0 0 0 0
835 2221 255 0 0 0 0 0
861 2253 246 0 0 0 0 0
862 2252 244 0 0 0 0 0
846 2275 251 0 0 0 0 0
856 2254 254 0 0 0 0 0
871 2299 245 0 0 0 0 0
870 2296 242 0 0 0 0 0
859 2316 243 0 0 0 0 0
872 2296 247 0 0 0 0 0
870 2334 236 0 0 0 0 0
870 2326 234 0 0 0 0 0
870 2338 233 0 0 0 0 0
885 2321 231 0 0 0 0 0
879 2360 224 0 0 0 0 0
887 2360 222 0 0 0 0 0
896 2366 225 0 0 0 0 0
909 2341 213 0 0 0 0 0
907 2379 211 0 0 0 0 0
915 2382 214 0 0 0 0 0
917 2387 219 0 0 0 0 0
925 2363 206 0 0 0 0 0
926 2402 209 0 0 0 0 0
936 2407 214 0 0 0 0 0
925 2408 214 0 0 0 0 0
951 2379 200 0 0 0 0 0
954 2433 205 0 0 0 0 0
958 2434 206 0 0 0 0 0
943 2439 209 0 0 0 0 0
977 2409 196 0 0 0 0 0
978 2460 197 0 0 0 0 0
971 2465 202 0 0 0 0 0
965 2471 205 0 0 0 0 0
1001 2436 188 0 0 0 0 0
995 2490 193 0 0 0 0 0
985 2496 199 0 0 0 0 0
988 2499 198 0 0 0 0 0
1020 2467 185 0 0 0 0 0
1006 2515 191 0 0 0 0 0
999 2518 194 0 0 0 0 0
1006 2520 196 0 0 0 0 0
1031 2500 186 0 0 0 0 0
1019 2538 189 0 0 0 0 0
1018 2542 193 0 0 0 0 0
1029 2543 194 0 0 0 0 0
1049 2539 185 0 0 0 0 0
1040 2564 189 0 0 0 0 0
1042 2569 194 0 0 0 0 0
1056 2568 195 0 0 0 0 0
1058 2586 192 0 0 0 0 0
1055 2594 197 0 0 0 0 0
1057 2602 205 0 0 0 0 0
1071 2589 198 0 0 0 0 0
1062 2624 202 0 0 0 0 0
1059 2630 210 0 0 0 0 0
1058 2635 215 0 0 0 0 0
1067 2617 208 0 0 0 0 0
1059 2658 216 0 0 0 0 0
1052 2659 221 0 0 0 0 0
1049 2664 226 0 0 0 0 0
1071 2636 215 0 0 0 0 0
1063 2688 220 0 0 0 0 0
1057 2688 225 0 0 0 0 0
1047 2694 231 0 0 0 0 0
1078 2661 216 0 0 0 0 0
1074 2715 221 0 0 0 0 0
1058 2715 227 0 0 0 0 0
1051 2718 230 0 0 0 0 0
1092 2686 216 0 0 0 0 0
1083 2740 222 0 0 0 0 0
1067 2742 225 0 0 0 0 0
1066 2746 229 0 0 0 0 0
1111 2719 216 0 0 0 0 0
1103 2769 219 0 0 0 0 0
1089 2773 223 0 0 0 0 0
1095 2776 226 0 0 0 0 0
1136 2764 218 0 0 0 0 0
1119 2804 222 0 0 0 0 0
1110 2809 227 0 0 0 0 0
1120 2813 231 0 0 0 0 0
1145 2812 224 0 0 0 0 0
1128 2838 229 0 0 0 0 0
1124 2844 237 0 0 0 0 0
1137 2840 235 0 0 0 0 0
1143 2859 233 0 0 0 0 0
1134 2868 241 0 0 0 0 0
1127 2869 246 0 0 0 0 0
1148 2856 239 0 0 0 0 0
1139 2892 244 0 0 0 0 0
1131 2893 249 0 0 0 0 0
1125 2893 254 0 0 0 0 0
1139 2876 248 0 0 0 0 0
1134 2914 251 0 0 0 0 0
1130 2914 256 0 0 0 0 0
1114 2914 262 0 0 0 0 0
1141 2883 248 0 0 0 0 0
1146 2938 252 0 0 0 0 0
1137 2938 258 0 0 0 0 0
1121 2940 261 0 0 0 0 0
1156 2908 247 0 0 0 0 0
1165 2967 252 0 0 0 0 0
1155 2969 255 0 0 0 0 0
1141 2973 259 0 0 0 0 0
1181 2942 246 0 0 0 0 0
1188 3004 254 0 0 0 0 0
1167 3008 258 0 0 0 0 0
1158 3013 263 0 0 0 0 0
1202 2989 253 0 0 0 0 0
1199 3042 258 0 0 0 0 0
1177 3047 263 0 0 0 0 0
1177 3051 269 0 0 0 0 0
1217 3036 258 0 0 0 0 0
1204 3077 263 0 0 0 0 0
1189 3083 271 0 0 0 0 0
1190 3080 272 0 0 0 0 0
1222 3079 265 0 0 0 0 0
1205 3106 271 0 0 0 0 0
1196 3107 276 0 0 0 0 0
1204 3098 274 0 0 0 0 0
1215 3118 273 0 0 0 0 0
1209 3124 276 0 0 0 0 0
1205 3124 281 0 0 0 0 0
1213 3106 275 0 0 0 0 0
1209 3139 277 0 0 0 0 0
1214 3143 281 0 0 0 0 0
1205 3143 287 0 0 0 0 0
1213 3122 278 0 0 0 0 0
1212 3161 282 0 0 0 0 0
1221 3166 287 0 0 0 0 0
1211 3168 290 0 0 0 0 0
1231 3140 277 0 0 0 0 0
1237 3190 282 0 0 0 0 0
1242 3196 288 0 0 0 0 0
1221 3202 296 0 0 0 0 0
1244 3177 283 0 0 0 0 0
1254 3215 289 0 0 0 0 0
1247 3214 290 0 0 0 0 0
1225 3223 303 0 0 0 0 0
1251 3206 293 0 0 0 0 0
1260 3220 292 0 0 0 0 0
1242 3216 296 0 0 0 0 0
