This is TeX, Version 3.1415 (C version 6.0) (format=latex 94.7.6)  29 SEP 1994 02:44
**\nonstopmode\input{_region_.tex}
(_region_.tex  !name(Slide.tex) (/usr/TeX/lib/texmf/tex/latex/slides.cls
Document Class: slides 1994/06/01 v2.3h Standard LaTeX document class
(/usr/TeX/lib/texmf/tex/latex/slides.def
File: slides.def 1994/06/01 v2.3h SLiTeX definitions
 hacks, slides,
\c@page=\count82
 picture, mods,
\@smashboxa=\box25
\@smashboxb=\box26
\@smashboxc=\box27
 output,
init) (/usr/TeX/lib/texmf/tex/latex/sfonts.def
File: sfonts.def 1994/05/12 v2.1h Standard LaTeX slide font definitions

(/usr/TeX/lib/texmf/tex/latex/OT1lcmss.fd
File: OT1lcmss.fd 1994/05/12 v2.1h Standard LaTeX slide font definitions
))
\c@minutes=\count83
\c@seconds=\count84
\c@mv@invisible=\count85
LaTeX Font Info:    Overwriting symbol font `operators' in version `normal'
(Font)                  OT1/cmr/m/n --> OT1/lcmss/m/n on input line 361.
LaTeX Font Info:    Overwriting symbol font `letters' in version `normal'
(Font)                  OML/cmm/m/it --> OML/lcmm/m/it on input line 364.
LaTeX Font Info:    Overwriting symbol font `symbols' in version `normal'
(Font)                  OMS/cmsy/m/n --> OMS/lcmsy/m/n on input line 366.
LaTeX Font Info:    Overwriting symbol font `largesymbols' in version `normal'
(Font)                  OMX/cmex/m/n --> OMX/lcmex/m/n on input line 368.
LaTeX Font Info:    Overwriting symbol font `operators' in version `invisible'
(Font)                  OT1/cmr/m/n --> OT1/lcmss/m/In on input line 371.
LaTeX Font Info:    Overwriting symbol font `letters' in version `invisible'
(Font)                  OML/cmm/m/it --> OML/lcmm/m/Iit on input line 373.
LaTeX Font Info:    Overwriting symbol font `symbols' in version `invisible'
(Font)                  OMS/cmsy/m/n --> OMS/lcmsy/m/In on input line 375.
LaTeX Font Info:    Overwriting symbol font `largesymbols' in version `invisibl
e'
(Font)                  OMX/cmex/m/n --> OMX/lcmex/m/In on input line 377.
)
(/usr/TeX/lib/texmf/tex/babel/babel.sty
Package: babel 1994/07/03 v3.4f The Babel package

(/usr/TeX/lib/texmf/tex/babel/francais.sty
(/usr/TeX/lib/texmf/tex/babel/babel.def
File: babel.def 1994/07/03 v3.4f Babel common definitions
\babel@savecnt=\count86
)
File: francais.sty 1994/06/26 v4.5c French support from the babel system
)
(/usr/TeX/lib/texmf/tex/babel/english.sty
File: english.sty 1994/06/26 v3.3c English support from the babel system
\l@american = a dialect from \language\l@english 
))
(/usr/TeX/lib/texmf/tex/latex/ifthen.sty
Package: ifthen 1994/05/27 v1.0i Standard LaTeX ifthen package (DPC)
)
(/usr/TeX/lib/texmf/tex/graphics/epsfig.sty
Package: epsfig 1994/06/07 1.3 (SPQR)

(/usr/TeX/lib/texmf/tex/graphics/graphicx.sty
Package: graphicx 1994/05/30 v0.4b Enhanced LaTeX Graphics (DPC,SPQR)

(/usr/TeX/lib/texmf/tex/graphics/keyval.sty
Package: keyval 1994/03/15 v1.07 sin cos tan (DPC)
Package: keyval 1994/02/01 v1.06 (DPC)
Package: keyval 1994/02/01 v1.06 (DPC)
)
(/usr/TeX/lib/texmf/tex/graphics/graphics.sty
Package: graphics 1994/05/30 v0.4e Standard LaTeX Graphics (DPC,SPQR)

(/usr/TeX/lib/texmf/tex/graphics/trig.sty
Package: trig 1994/03/15 v1.07 sin cos tan (DPC)
)
(/usr/TeX/lib/texmf/tex/graphics/dvips.def
File: dvips.def 1994/06/08 v1.6 Driver-dependant file (DPC,SPQR)
))
\Gin@req@height=\dimen102
\Gin@req@width=\dimen103
)
\epsfxsize=\dimen104
\epsfysize=\dimen105
)
(/usr/TeX/lib/texmf/tex/tools/xspace.sty
Package: xspace 1994/01/31 v1.02 Space after command names (DPC)
) (Sty/fig-cap.sty
\mylengtha=\skip41
\mylengthb=\skip42
\myheigtha=\skip43
\myboxa=\box28
\myboxb=\box29
) (Sty/simple.sty)
(_region_.aux)
LaTeX Font Info:    Checking defaults for T1/cmr/m/n on input line 24.
LaTeX Font Info:    ... okay on input line 24.
LaTeX Font Info:    Checking defaults for OT1/lcmss/m/n on input line 24.
LaTeX Font Info:    ... okay on input line 24.
LaTeX Font Info:    Checking defaults for OML/cmm/m/it on input line 24.
LaTeX Font Info:    ... okay on input line 24.
LaTeX Font Info:    Checking defaults for OMS/cmsy/m/n on input line 24.
LaTeX Font Info:    ... okay on input line 24.
LaTeX Font Info:    Checking defaults for OMX/cmex/m/n on input line 24.
LaTeX Font Info:    ... okay on input line 24.
LaTeX Font Info:    Checking defaults for U/cmr/m/n on input line 24.
LaTeX Font Info:    ... okay on input line 24.
  \protect \relax !name(Slide.tex) \protect \relax !offset(181) 
 \protect \relax !name(Slide.tex) \protect \relax !offset(208)  [0

]
(_region_.aux) ) 
Here is how much of TeX's memory you used:
 946 strings out of 11042
 10088 string characters out of 75168
 56911 words of memory out of 262141
 3718 multiletter control sequences out of 9500
 3942 words of font info for 15 fonts, out of 100000 for 255
 14 hyphenation exceptions out of 607
 33i,4n,21p,236b,99s stack positions out of 300i,40n,60p,3000b,4000s

Output written on _region_.dvi (1 page, 584 bytes).
