This is TeX, Version 3.1415 (C version 6.0) (format=latex 94.7.6)  29 SEP 1994 15:55
**\nonstopmode\input{Slide.tex}
(Slide.tex (/usr/TeX/lib/texmf/tex/latex/slides.cls
Document Class: slides 1994/06/01 v2.3h Standard LaTeX document class
(/usr/TeX/lib/texmf/tex/latex/slides.def
File: slides.def 1994/06/01 v2.3h SLiTeX definitions
 hacks, slides,
\c@page=\count82
 picture, mods,
\@smashboxa=\box25
\@smashboxb=\box26
\@smashboxc=\box27
 output,
init) (/usr/TeX/lib/texmf/tex/latex/sfonts.def
File: sfonts.def 1994/05/12 v2.1h Standard LaTeX slide font definitions

(/usr/TeX/lib/texmf/tex/latex/OT1lcmss.fd
File: OT1lcmss.fd 1994/05/12 v2.1h Standard LaTeX slide font definitions
))
\c@minutes=\count83
\c@seconds=\count84
\c@mv@invisible=\count85
LaTeX Font Info:    Overwriting symbol font `operators' in version `normal'
(Font)                  OT1/cmr/m/n --> OT1/lcmss/m/n on input line 361.
LaTeX Font Info:    Overwriting symbol font `letters' in version `normal'
(Font)                  OML/cmm/m/it --> OML/lcmm/m/it on input line 364.
LaTeX Font Info:    Overwriting symbol font `symbols' in version `normal'
(Font)                  OMS/cmsy/m/n --> OMS/lcmsy/m/n on input line 366.
LaTeX Font Info:    Overwriting symbol font `largesymbols' in version `normal'
(Font)                  OMX/cmex/m/n --> OMX/lcmex/m/n on input line 368.
LaTeX Font Info:    Overwriting symbol font `operators' in version `invisible'
(Font)                  OT1/cmr/m/n --> OT1/lcmss/m/In on input line 371.
LaTeX Font Info:    Overwriting symbol font `letters' in version `invisible'
(Font)                  OML/cmm/m/it --> OML/lcmm/m/Iit on input line 373.
LaTeX Font Info:    Overwriting symbol font `symbols' in version `invisible'
(Font)                  OMS/cmsy/m/n --> OMS/lcmsy/m/In on input line 375.
LaTeX Font Info:    Overwriting symbol font `largesymbols' in version `invisibl
e'
(Font)                  OMX/cmex/m/n --> OMX/lcmex/m/In on input line 377.
)
(/usr/TeX/lib/texmf/tex/babel/babel.sty
Package: babel 1994/07/03 v3.4f The Babel package

(/usr/TeX/lib/texmf/tex/babel/francais.sty
(/usr/TeX/lib/texmf/tex/babel/babel.def
File: babel.def 1994/07/03 v3.4f Babel common definitions
\babel@savecnt=\count86
)
File: francais.sty 1994/06/26 v4.5c French support from the babel system
)
(/usr/TeX/lib/texmf/tex/babel/english.sty
File: english.sty 1994/06/26 v3.3c English support from the babel system
\l@american = a dialect from \language\l@english 
))
(/usr/TeX/lib/texmf/tex/latex/ifthen.sty
Package: ifthen 1994/05/27 v1.0i Standard LaTeX ifthen package (DPC)
)
(/usr/TeX/lib/texmf/tex/graphics/epsfig.sty
Package: epsfig 1994/06/07 1.3 (SPQR)

(/usr/TeX/lib/texmf/tex/graphics/graphicx.sty
Package: graphicx 1994/05/30 v0.4b Enhanced LaTeX Graphics (DPC,SPQR)

(/usr/TeX/lib/texmf/tex/graphics/keyval.sty
Package: keyval 1994/03/15 v1.07 sin cos tan (DPC)
Package: keyval 1994/02/01 v1.06 (DPC)
Package: keyval 1994/02/01 v1.06 (DPC)
)
(/usr/TeX/lib/texmf/tex/graphics/graphics.sty
Package: graphics 1994/05/30 v0.4e Standard LaTeX Graphics (DPC,SPQR)

(/usr/TeX/lib/texmf/tex/graphics/trig.sty
Package: trig 1994/03/15 v1.07 sin cos tan (DPC)
)
(/usr/TeX/lib/texmf/tex/graphics/dvips.def
File: dvips.def 1994/06/08 v1.6 Driver-dependant file (DPC,SPQR)
))
\Gin@req@height=\dimen102
\Gin@req@width=\dimen103
)
\epsfxsize=\dimen104
\epsfysize=\dimen105
)
(/usr/TeX/lib/texmf/tex/tools/xspace.sty
Package: xspace 1994/01/31 v1.02 Space after command names (DPC)
) (Sty/fig-cap.sty
\mylengtha=\skip41
\mylengthb=\skip42
\myheigtha=\skip43
\myboxa=\box28
\myboxb=\box29
) (Sty/simple.sty)
(Slide.aux)
LaTeX Font Info:    Checking defaults for T1/cmr/m/n on input line 24.
LaTeX Font Info:    ... okay on input line 24.
LaTeX Font Info:    Checking defaults for OT1/lcmss/m/n on input line 24.
LaTeX Font Info:    ... okay on input line 24.
LaTeX Font Info:    Checking defaults for OML/cmm/m/it on input line 24.
LaTeX Font Info:    ... okay on input line 24.
LaTeX Font Info:    Checking defaults for OMS/cmsy/m/n on input line 24.
LaTeX Font Info:    ... okay on input line 24.
LaTeX Font Info:    Checking defaults for OMX/cmex/m/n on input line 24.
LaTeX Font Info:    ... okay on input line 24.
LaTeX Font Info:    Checking defaults for U/cmr/m/n on input line 24.
LaTeX Font Info:    ... okay on input line 24.
File: ../dump/qmean-9-384.ps Graphic file (type eps)
 <../dump/qmean-9-384.ps>
LaTeX Font Info:    Try loading font information for OML+lcmm on input line 57.

 (/usr/TeX/lib/texmf/tex/latex/OMLlcmm.fd
File: OT1lcmm.fd 1994/05/12 v2.1h Standard LaTeX slide font definitions
)
LaTeX Font Info:    Try loading font information for OMS+lcmsy on input line 57
.

(/usr/TeX/lib/texmf/tex/latex/OMSlcmsy.fd
File: OT1lcmsy.fd 1994/05/12 v2.1h Standard LaTeX slide font definitions
)
LaTeX Font Info:    Try loading font information for OMX+lcmex on input line 57
.

(/usr/TeX/lib/texmf/tex/latex/OMXlcmex.fd
File: OT1lcmex.fd 1994/05/12 v2.1h Standard LaTeX slide font definitions
)
LaTeX Font Info:    External font `cmex10 at17.28pt' loaded for size
(Font)              <16.59> on input line 57.
LaTeX Font Info:    External font `cmex10 at17.28pt' loaded for size
(Font)              <12> on input line 57.
LaTeX Font Info:    External font `cmex10 at17.28pt' loaded for size
(Font)              <7> on input line 57.
LaTeX Font Info:    External font `cmex10 at17.28pt' loaded for size
(Font)              <19.91> on input line 57.
LaTeX Font Info:    External font `cmex10 at17.28pt' loaded for size
(Font)              <13.82> on input line 57.
 [0

] [1]
LaTeX Font Info:    Try loading font information for OT1+lcmtt on input line 78
.

(/usr/TeX/lib/texmf/tex/latex/OT1lcmtt.fd
File: OT1lcmtt.fd 1994/05/12 v2.1h Standard LaTeX slide font definitions
)
File: ../dump/life-00.eps Graphic file (type eps)
 <../dump/life-00.eps>
File: ../dump/anneal-00.eps Graphic file (type eps)

<../dump/anneal-00.eps>
File: ../dump/qmean-9-300.ps Graphic file (type eps)
 <../dump/qmean-9-300.ps> [2]
File: ../fig/apply-1.ps Graphic file (type eps)
 <../fig/apply-1.ps>
File: ../fig/func-4.ps Graphic file (type eps)

<../fig/func-4.ps>
File: ../fig/func-7.ps Graphic file (type eps)
 <../fig/func-7.ps> [3]
File: ../plot/anneal-04.eps Graphic file (type eps)
 <../plot/anneal-04.eps>
File: ../plot/anneal-02.eps Graphic file (type eps)

<../plot/anneal-02.eps> [4]
File: ../dump/life-time-xor.ps Graphic file (type eps)
 <../dump/life-time-xor.ps>
File: ../plot/lifex-sum-1.ps Graphic file (type eps)

<../plot/lifex-sum-1.ps>
File: ../plot/lifex-sum-2.ps Graphic file (type eps)
 <../plot/lifex-sum-2.ps> [5]
File: ../dump/life-3d-New.ps Graphic file (type eps)
 <../dump/life-3d-New.ps>
[6]
File: ../dump/slide-2.eps Graphic file (type eps)
 <../dump/slide-2.eps> [7] [8]
File: ../plot/E-lambda-1.ps Graphic file (type eps)
 <../plot/E-lambda-1.ps> [9]
File: ../fig/gap-pe.ps Graphic file (type eps)

<../fig/gap-pe.ps>
File: ../fig/gap.ps Graphic file (type eps)
 <../fig/gap.ps>
File: ../fig/life-tree.ps Graphic file (type eps)
 <../fig/life-tree.ps>
File: ../fig/life-dfa.ps Graphic file (type eps)
 <../fig/life-dfa.ps>
[10] [11]
File: ../dump/tube-worm-mix.ps Graphic file (type eps)
 <../dump/tube-worm-mix.ps> [12]
File: ../dump/anneal-3d.ps Graphic file (type eps)
 <../dump/anneal-3d.ps> [13]
File: ../dump/xu-photo-1.ps Graphic file (type eps)

<../dump/xu-photo-1.ps> [14] (Slide.aux) ) 
Here is how much of TeX's memory you used:
 1225 strings out of 11042
 13185 string characters out of 75168
 58905 words of memory out of 262141
 3790 multiletter control sequences out of 9500
 10079 words of font info for 36 fonts, out of 100000 for 255
 14 hyphenation exceptions out of 607
 33i,12n,22p,233b,623s stack positions out of 300i,40n,60p,3000b,4000s

Output written on Slide.dvi (15 pages, 11192 bytes).
