2077 0 0 0 0 0 0 0
1078 2077 1863 1078 0 0 0 0
1039 1078 1023 2242 0 0 0 0
1010 1039 913 1270 0 0 0 0
1003 1010 901 1216 0 0 0 0
973 1003 954 1189 0 0 0 0
953 973 876 1200 0 0 0 0
981 953 872 1178 0 0 0 0
963 981 862 1134 0 0 0 0
930 963 891 1131 0 0 0 0
854 930 824 1113 0 0 0 0
839 854 773 1045 0 0 0 0
842 839 767 968 0 0 0 0
792 842 768 973 0 0 0 0
791 792 729 925 0 0 0 0
747 791 692 915 0 0 0 0
768 747 643 879 0 0 0 0
761 768 639 882 0 0 0 0
738 761 665 872 0 0 0 0
739 738 633 866 0 0 0 0
761 739 646 891 0 0 0 0
735 761 680 866 0 0 0 0
735 735 674 864 0 0 0 0
715 735 676 836 0 0 0 0
712 715 655 879 0 0 0 0
652 712 612 837 0 0 0 0
638 652 600 800 0 0 0 0
593 638 579 751 0 0 0 0
600 593 547 720 0 0 0 0
600 600 510 675 0 0 0 0
590 600 510 670 0 0 0 0
626 590 532 678 0 0 0 0
631 626 537 675 0 0 0 0
609 631 584 721 0 0 0 0
589 609 576 724 0 0 0 0
590 589 529 713 0 0 0 0
578 590 548 701 0 0 0 0
542 578 516 662 0 0 0 0
567 542 479 623 0 0 0 0
540 567 479 610 0 0 0 0
533 540 499 602 0 0 0 0
546 533 429 632 0 0 0 0
527 546 459 578 0 0 0 0
532 527 435 562 0 0 0 0
520 532 418 605 0 0 0 0
526 520 428 562 0 0 0 0
502 526 414 568 0 0 0 0
503 502 385 543 0 0 0 0
516 503 405 516 0 0 0 0
522 516 402 523 0 0 0 0
548 522 426 554 0 0 0 0
517 548 445 561 0 0 0 0
472 517 435 548 0 0 0 0
464 472 402 541 0 0 0 0
438 464 408 514 0 0 0 0
457 438 353 541 0 0 0 0
467 457 352 489 0 0 0 0
486 467 381 507 0 0 0 0
481 486 417 480 0 0 0 0
431 481 420 517 0 0 0 0
438 431 363 505 0 0 0 0
455 438 331 466 0 0 0 0
415 455 350 449 0 0 0 0
419 415 344 458 0 0 0 0
404 419 333 413 0 0 0 0
407 404 319 424 0 0 0 0
407 407 334 459 0 0 0 0
452 407 303 415 0 0 0 0
415 452 349 450 0 0 0 0
428 415 335 444 0 0 0 0
423 428 347 432 0 0 0 0
407 423 348 449 0 0 0 0
392 407 325 427 0 0 0 0
401 392 331 416 0 0 0 0
402 401 329 386 0 0 0 0
423 402 305 414 0 0 0 0
420 423 329 398 0 0 0 0
449 420 363 434 0 0 0 0
427 449 374 475 0 0 0 0
433 427 376 430 0 0 0 0
409 433 406 456 0 0 0 0
443 409 332 442 0 0 0 0
391 443 354 406 0 0 0 0
427 391 310 448 0 0 0 0
385 427 318 382 0 0 0 0
423 385 310 412 0 0 0 0
429 423 320 422 0 0 0 0
444 429 307 433 0 0 0 0
436 444 346 439 0 0 0 0
457 436 347 445 0 0 0 0
453 457 364 427 0 0 0 0
456 453 313 475 0 0 0 0
461 456 361 442 0 0 0 0
490 461 355 500 0 0 0 0
451 490 435 502 0 0 0 0
428 451 395 548 0 0 0 0
411 428 329 496 0 0 0 0
387 411 324 429 0 0 0 0
371 387 320 398 0 0 0 0
361 371 322 414 0 0 0 0
345 361 294 390 0 0 0 0
329 345 294 390 0 0 0 0
305 329 246 352 0 0 0 0
304 305 231 331 0 0 0 0
290 304 214 309 0 0 0 0
327 290 213 301 0 0 0 0
305 327 240 305 0 0 0 0
307 305 248 320 0 0 0 0
305 307 228 310 0 0 0 0
298 305 235 287 0 0 0 0
261 298 247 308 0 0 0 0
262 261 199 288 0 0 0 0
290 262 196 279 0 0 0 0
269 290 213 253 0 0 0 0
271 269 210 273 0 0 0 0
268 271 211 277 0 0 0 0
300 268 216 271 0 0 0 0
265 300 245 289 0 0 0 0
274 265 213 310 0 0 0 0
257 274 217 266 0 0 0 0
269 257 196 257 0 0 0 0
268 269 205 261 0 0 0 0
300 268 186 267 0 0 0 0
310 300 224 290 0 0 0 0
320 310 252 300 0 0 0 0
333 320 249 331 0 0 0 0
341 333 280 339 0 0 0 0
375 341 272 338 0 0 0 0
367 375 324 350 0 0 0 0
373 367 300 400 0 0 0 0
350 373 331 377 0 0 0 0
316 350 300 397 0 0 0 0
333 316 233 349 0 0 0 0
295 333 288 321 0 0 0 0
330 295 253 309 0 0 0 0
308 330 300 329 0 0 0 0
310 308 262 330 0 0 0 0
312 310 250 332 0 0 0 0
299 312 293 307 0 0 0 0
301 299 258 337 0 0 0 0
303 301 254 312 0 0 0 0
313 303 260 308 0 0 0 0
272 313 253 329 0 0 0 0
272 272 214 301 0 0 0 0
261 272 241 291 0 0 0 0
255 261 224 269 0 0 0 0
284 255 197 263 0 0 0 0
257 284 247 276 0 0 0 0
263 257 198 279 0 0 0 0
260 263 225 271 0 0 0 0
282 260 234 251 0 0 0 0
267 282 243 251 0 0 0 0
271 267 228 291 0 0 0 0
281 271 232 280 0 0 0 0
272 281 271 295 0 0 0 0
265 272 231 300 0 0 0 0
290 265 215 274 0 0 0 0
290 290 244 275 0 0 0 0
267 290 251 295 0 0 0 0
309 267 238 305 0 0 0 0
283 309 244 296 0 0 0 0
308 283 221 301 0 0 0 0
298 308 262 287 0 0 0 0
299 298 269 307 0 0 0 0
294 299 249 310 0 0 0 0
283 294 227 300 0 0 0 0
305 283 206 305 0 0 0 0
308 305 241 289 0 0 0 0
317 308 225 288 0 0 0 0
304 317 233 316 0 0 0 0
327 304 235 294 0 0 0 0
309 327 294 347 0 0 0 0
319 309 232 332 0 0 0 0
302 319 257 317 0 0 0 0
329 302 223 324 0 0 0 0
327 329 264 311 0 0 0 0
346 327 255 327 0 0 0 0
330 346 302 377 0 0 0 0
378 330 282 366 0 0 0 0
371 378 341 365 0 0 0 0
364 371 307 406 0 0 0 0
340 364 324 395 0 0 0 0
316 340 268 388 0 0 0 0
301 316 253 345 0 0 0 0
279 301 254 321 0 0 0 0
299 279 238 276 0 0 0 0
282 299 241 267 0 0 0 0
276 282 216 299 0 0 0 0
276 276 218 282 0 0 0 0
275 276 229 275 0 0 0 0
266 275 207 276 0 0 0 0
277 266 207 276 0 0 0 0
269 277 220 267 0 0 0 0
272 269 247 277 0 0 0 0
278 272 220 301 0 0 0 0
298 278 232 278 0 0 0 0
301 298 225 285 0 0 0 0
319 301 230 319 0 0 0 0
328 319 249 305 0 0 0 0
301 328 267 320 0 0 0 0
328 301 211 286 0 0 0 0
295 328 273 304 0 0 0 0
303 295 206 307 0 0 0 0
292 303 233 295 0 0 0 0
318 292 200 283 0 0 0 0
316 318 238 288 0 0 0 0
336 316 234 316 0 0 0 0
293 336 231 295 0 0 0 0
299 293 218 317 0 0 0 0
291 299 220 284 0 0 0 0
298 291 215 259 0 0 0 0
300 298 204 261 0 0 0 0
325 300 233 283 0 0 0 0
296 325 257 296 0 0 0 0
310 296 220 305 0 0 0 0
276 310 252 294 0 0 0 0
280 276 216 264 0 0 0 0
281 280 199 243 0 0 0 0
266 281 219 250 0 0 0 0
267 266 177 262 0 0 0 0
275 267 192 239 0 0 0 0
266 275 197 253 0 0 0 0
257 266 187 228 0 0 0 0
277 257 176 225 0 0 0 0
264 277 205 257 0 0 0 0
255 264 183 230 0 0 0 0
282 255 177 212 0 0 0 0
265 282 201 208 0 0 0 0
287 265 180 227 0 0 0 0
303 287 202 250 0 0 0 0
302 303 209 245 0 0 0 0
295 302 221 274 0 0 0 0
318 295 203 276 0 0 0 0
325 318 233 256 0 0 0 0
323 325 244 297 0 0 0 0
313 323 248 278 0 0 0 0
312 313 241 307 0 0 0 0
296 312 224 289 0 0 0 0
297 296 195 265 0 0 0 0
300 297 185 250 0 0 0 0
296 300 206 255 0 0 0 0
315 296 223 269 0 0 0 0
299 315 206 257 0 0 0 0
308 299 209 263 0 0 0 0
319 308 185 234 0 0 0 0
310 319 201 258 0 0 0 0
330 310 202 247 0 0 0 0
321 330 221 249 0 0 0 0
330 321 203 270 0 0 0 0
327 330 213 286 0 0 0 0
333 327 218 271 0 0 0 0
313 333 226 242 0 0 0 0
312 313 203 263 0 0 0 0
310 312 228 273 0 0 0 0
331 310 165 225 0 0 0 0
334 331 223 248 0 0 0 0
364 334 234 297 0 0 0 0
379 364 257 309 0 0 0 0
379 379 286 347 0 0 0 0
373 379 290 338 0 0 0 0
349 373 320 372 0 0 0 0
337 349 240 342 0 0 0 0
336 337 243 307 0 0 0 0
294 336 244 265 0 0 0 0
297 294 201 261 0 0 0 0
277 297 206 257 0 0 0 0
302 277 185 233 0 0 0 0
281 302 199 242 0 0 0 0
293 281 156 225 0 0 0 0
290 293 181 213 0 0 0 0
306 290 180 227 0 0 0 0
323 306 217 235 0 0 0 0
312 323 205 260 0 0 0 0
328 312 198 265 0 0 0 0
332 328 232 260 0 0 0 0
343 332 245 271 0 0 0 0
326 343 255 304 0 0 0 0
364 326 228 303 0 0 0 0
359 364 279 315 0 0 0 0
382 359 255 328 0 0 0 0
360 382 292 341 0 0 0 0
381 360 289 371 0 0 0 0
387 381 308 383 0 0 0 0
363 387 318 396 0 0 0 0
379 363 280 370 0 0 0 0
371 379 288 372 0 0 0 0
384 371 281 353 0 0 0 0
390 384 282 365 0 0 0 0
412 390 326 380 0 0 0 0
421 412 335 407 0 0 0 0
421 421 334 423 0 0 0 0
385 421 358 436 0 0 0 0
371 385 302 426 0 0 0 0
361 371 322 402 0 0 0 0
379 361 264 392 0 0 0 0
372 379 275 369 0 0 0 0
395 372 307 392 0 0 0 0
389 395 302 343 0 0 0 0
353 389 300 392 0 0 0 0
371 353 288 394 0 0 0 0
347 371 262 346 0 0 0 0
363 347 256 330 0 0 0 0
372 363 281 323 0 0 0 0
347 372 281 356 0 0 0 0
356 347 255 354 0 0 0 0
324 356 276 333 0 0 0 0
344 324 234 350 0 0 0 0
308 344 262 286 0 0 0 0
325 308 217 287 0 0 0 0
316 325 241 266 0 0 0 0
335 316 229 302 0 0 0 0
328 335 255 272 0 0 0 0
325 328 261 308 0 0 0 0
328 325 249 314 0 0 0 0
329 328 231 288 0 0 0 0
304 329 239 302 0 0 0 0
327 304 211 270 0 0 0 0
311 327 250 301 0 0 0 0
358 311 235 289 0 0 0 0
312 358 266 281 0 0 0 0
321 312 237 313 0 0 0 0
321 321 240 289 0 0 0 0
337 321 236 292 0 0 0 0
314 337 249 297 0 0 0 0
313 314 235 282 0 0 0 0
311 313 248 263 0 0 0 0
328 311 217 275 0 0 0 0
349 328 221 282 0 0 0 0
331 349 248 281 0 0 0 0
335 331 240 298 0 0 0 0
349 335 230 296 0 0 0 0
335 349 250 286 0 0 0 0
326 335 243 313 0 0 0 0
319 326 245 284 0 0 0 0
338 319 237 292 0 0 0 0
301 338 263 270 0 0 0 0
313 301 226 269 0 0 0 0
306 313 217 265 0 0 0 0
322 306 194 267 0 0 0 0
308 322 224 250 0 0 0 0
294 308 220 266 0 0 0 0
288 294 212 260 0 0 0 0
286 288 224 262 0 0 0 0
294 286 208 258 0 0 0 0
274 294 220 238 0 0 0 0
294 274 182 230 0 0 0 0
276 294 198 240 0 0 0 0
298 276 182 234 0 0 0 0
274 298 220 236 0 0 0 0
272 274 186 248 0 0 0 0
264 272 178 220 0 0 0 0
261 264 207 225 0 0 0 0
278 261 193 232 0 0 0 0
287 278 195 230 0 0 0 0
302 287 199 252 0 0 0 0
312 302 224 259 0 0 0 0
302 312 254 298 0 0 0 0
320 302 224 290 0 0 0 0
322 320 258 302 0 0 0 0
339 322 237 303 0 0 0 0
316 339 293 312 0 0 0 0
349 316 249 342 0 0 0 0
298 349 269 302 0 0 0 0
329 298 237 310 0 0 0 0
293 329 250 261 0 0 0 0
292 293 235 263 0 0 0 0
296 292 224 257 0 0 0 0
306 296 228 250 0 0 0 0
314 306 244 288 0 0 0 0
344 314 242 292 0 0 0 0
315 344 257 265 0 0 0 0
324 315 223 306 0 0 0 0
337 324 245 276 0 0 0 0
317 337 278 309 0 0 0 0
303 317 254 304 0 0 0 0
320 303 251 317 0 0 0 0
307 320 247 272 0 0 0 0
330 307 237 298 0 0 0 0
304 330 288 273 0 0 0 0
329 304 281 331 0 0 0 0
300 329 275 296 0 0 0 0
317 300 245 304 0 0 0 0
296 317 263 300 0 0 0 0
301 296 255 294 0 0 0 0
291 301 246 273 0 0 0 0
275 291 230 268 0 0 0 0
274 275 219 235 0 0 0 0
261 274 211 230 0 0 0 0
276 261 177 206 0 0 0 0
271 276 171 186 0 0 0 0
286 271 165 204 0 0 0 0
308 286 192 201 0 0 0 0
281 308 227 219 0 0 0 0
279 281 188 231 0 0 0 0
287 279 184 202 0 0 0 0
282 287 199 215 0 0 0 0
297 282 187 234 0 0 0 0
300 297 179 216 0 0 0 0
316 300 200 223 0 0 0 0
269 316 235 229 0 0 0 0
258 269 203 244 0 0 0 0
257 258 171 214 0 0 0 0
249 257 152 195 0 0 0 0
259 249 156 172 0 0 0 0
266 259 161 171 0 0 0 0
281 266 169 180 0 0 0 0
280 281 189 202 0 0 0 0
288 280 182 211 0 0 0 0
301 288 197 223 0 0 0 0
302 301 221 236 0 0 0 0
284 302 220 237 0 0 0 0
280 284 214 244 0 0 0 0
276 280 188 208 0 0 0 0
287 276 195 231 0 0 0 0
296 287 193 222 0 0 0 0
297 296 203 240 0 0 0 0
292 297 217 250 0 0 0 0
277 292 227 252 0 0 0 0
266 277 197 246 0 0 0 0
253 266 173 198 0 0 0 0
252 253 167 194 0 0 0 0
242 252 164 195 0 0 0 0
256 242 172 204 0 0 0 0
241 256 185 179 0 0 0 0
244 241 177 182 0 0 0 0
241 244 161 182 0 0 0 0
234 241 173 192 0 0 0 0
246 234 162 171 0 0 0 0
227 246 191 155 0 0 0 0
228 227 153 160 0 0 0 0
231 228 171 158 0 0 0 0
252 231 157 160 0 0 0 0
220 252 194 161 0 0 0 0
224 220 144 172 0 0 0 0
202 224 172 152 0 0 0 0
220 202 130 152 0 0 0 0
216 220 138 116 0 0 0 0
228 216 106 134 0 0 0 0
212 228 126 90 0 0 0 0
219 212 123 107 0 0 0 0
217 219 122 111 0 0 0 0
226 217 125 103 0 0 0 0
212 226 114 91 0 0 0 0
208 212 108 90 0 0 0 0
214 208 102 90 0 0 0 0
219 214 115 91 0 0 0 0
223 219 142 97 0 0 0 0
211 223 124 118 0 0 0 0
224 211 123 97 0 0 0 0
219 224 139 102 0 0 0 0
195 219 130 109 0 0 0 0
194 195 105 111 0 0 0 0
183 194 115 86 0 0 0 0
170 183 99 78 0 0 0 0
173 170 93 62 0 0 0 0
179 173 86 55 0 0 0 0
175 179 90 44 0 0 0 0
184 175 83 43 0 0 0 0
188 184 86 59 0 0 0 0
192 188 80 52 0 0 0 0
202 192 98 68 0 0 0 0
190 202 114 74 0 0 0 0
186 190 102 86 0 0 0 0
187 186 99 77 0 0 0 0
192 187 97 66 0 0 0 0
190 192 102 79 0 0 0 0
197 190 105 71 0 0 0 0
192 197 127 84 0 0 0 0
198 192 104 93 0 0 0 0
208 198 116 100 0 0 0 0
207 208 123 95 0 0 0 0
220 207 131 102 0 0 0 0
206 220 152 119 0 0 0 0
214 206 140 112 0 0 0 0
194 214 146 130 0 0 0 0
189 194 127 117 0 0 0 0
207 189 112 97 0 0 0 0
182 207 119 87 0 0 0 0
192 182 106 95 0 0 0 0
191 192 111 91 0 0 0 0
194 191 105 90 0 0 0 0
187 194 111 96 0 0 0 0
180 187 115 94 0 0 0 0
175 180 107 84 0 0 0 0
169 175 94 81 0 0 0 0
178 169 87 67 0 0 0 0
184 178 90 77 0 0 0 0
193 184 103 81 0 0 0 0
183 193 110 101 0 0 0 0
195 183 104 100 0 0 0 0
194 195 111 111 0 0 0 0
192 194 116 107 0 0 0 0
201 192 107 107 0 0 0 0
226 201 105 116 0 0 0 0
217 226 131 118 0 0 0 0
221 217 124 147 0 0 0 0
228 221 143 129 0 0 0 0
234 228 158 161 0 0 0 0
236 234 152 168 0 0 0 0
224 236 162 188 0 0 0 0
234 224 142 170 0 0 0 0
230 234 134 158 0 0 0 0
226 230 146 162 0 0 0 0
231 226 135 163 0 0 0 0
237 231 158 161 0 0 0 0
245 237 148 178 0 0 0 0
251 245 168 168 0 0 0 0
235 251 166 192 0 0 0 0
235 235 158 184 0 0 0 0
232 235 175 199 0 0 0 0
249 232 149 186 0 0 0 0
230 249 181 192 0 0 0 0
