8280 8099 8173 0 0 0 0 0
4334 6524 13543 8091 8091 11175 16310 9087
5783 10215 15907 3021 5099 12898 10070 3490
5609 8110 15368 3520 3646 11964 9811 5312
5929 7753 14948 3425 3563 10617 11950 3511
5720 7729 14811 3275 3957 11784 10321 3215
5815 7288 14821 3410 3990 11254 9930 3992
6188 7220 14740 3466 4140 11656 10618 4031
6343 7196 14634 3528 4274 11236 10720 4010
6394 7315 14596 3699 4258 11646 10312 3966
6451 7335 14608 3773 4289 11416 10112 3751
6445 7232 14624 3767 4311 11622 10460 3826
6447 7363 14604 3799 4345 11406 10579 3519
6435 7410 14617 3849 4334 11586 10460 3508
6483 7482 14624 3891 4376 11355 10186 3633
6460 7456 14651 3700 4373 11543 10385 3608
6447 7526 14671 3769 4367 11374 10597 3665
6411 7437 14675 3720 4320 11583 10311 3718
6539 7383 14676 3818 4488 11322 10472 3759
6563 7525 14622 3797 4468 11521 10367 3604
6640 7422 14597 3885 4560 11384 10564 3616
6706 7442 14544 3915 4568 11545 10480 3495
6828 7496 14552 3989 4632 11433 10381 3578
6811 7565 14570 3906 4644 11559 10524 3428
6868 7624 14565 4023 4636 11482 10562 3430
6981 7580 14550 4052 4681 11632 10551 3575
6968 7593 14460 4067 4827 11486 10484 3406
7058 7728 14449 4094 4818 11645 10535 3372
7056 7800 14462 4117 4739 11568 10563 3209
7090 7886 14509 4067 4725 11630 10600 3227
7076 7922 14487 4140 4792 11656 10554 3315
7039 7977 14497 3979 4753 11641 10494 3228
7024 7966 14515 4108 4750 11625 10578 3336
7004 7968 14598 4102 4739 11656 10604 3352
7032 7950 14611 4113 4802 11545 10518 3306
6965 7926 14548 4117 4798 11611 10638 3359
7115 7981 14562 4238 4924 11600 10635 3235
7288 8107 14565 4224 4970 11693 10653 3106
7155 8146 14459 4248 4887 11602 10573 3118
7315 8112 14464 4242 4958 11727 10665 3144
7235 8094 14431 4225 4962 11583 10745 3137
7324 8194 14423 4231 4926 11760 10610 3072
7284 8263 14458 4243 4887 11712 10596 3143
7256 8256 14446 4198 4919 11821 10629 3219
7239 8322 14455 4239 4980 11688 10725 3111
7321 8361 14461 4288 4933 11767 10658 3061
7287 8404 14449 4200 4934 11704 10636 3088
7349 8449 14449 4264 4943 11785 10603 3079
7321 8483 14430 4201 4940 11722 10604 3058
7274 8502 14448 4274 4954 11690 10722 3131
7397 8487 14471 4297 5123 11624 10518 3005
7445 8433 14361 4279 5166 11788 10675 3099
7576 8564 14307 4363 5096 11746 10792 2977
7583 8591 14290 4328 5110 11817 10725 2961
7471 8637 14274 4311 5037 11732 10661 2882
7617 8838 14366 4423 5160 11883 10635 2878
7597 8726 14347 4395 5215 11729 10676 2933
7603 8890 14321 4339 5159 11756 10703 2864
7668 8881 14339 4353 5122 11714 10635 2901
7715 8894 14313 4408 5230 11816 10554 2873
7663 8938 14329 4354 5172 11703 10749 2917
7545 8984 14363 4288 5098 11863 10630 2874
7449 8924 14397 4310 4985 11739 10676 2929
7427 8875 14328 4217 5036 11829 10587 2875
7434 8841 14349 4338 5104 11760 10745 2953
7391 8856 14357 4161 4996 11823 10598 3007
7339 8802 14361 4242 5034 11691 10615 3012
7366 8841 14397 4241 4956 11808 10573 3027
7457 8766 14405 4305 5104 11698 10661 3025
7431 8832 14369 4325 5094 11788 10619 2931
7506 8896 14414 4304 5052 11847 10587 2965
7456 8868 14408 4296 5060 11784 10685 2854
7445 8924 14399 4327 5062 11715 10674 2860
7481 9005 14466 4297 5086 11755 10602 2893
7428 8829 14402 4288 5073 11742 10487 2945
7515 8897 14388 4327 5158 11839 10747 2943
7396 8918 14328 4229 5028 11771 10700 2903
7406 8891 14326 4321 4999 11766 10629 2995
7328 8823 14368 4234 5003 11810 10577 3030
7400 8837 14443 4279 5054 11806 10653 3010
7388 8826 14395 4205 4971 11849 10646 3009
7367 8835 14369 4149 4962 11761 10665 3051
7290 8779 14381 4200 4937 11691 10581 3014
7318 8820 14424 4131 4971 11706 10572 3018
7336 8762 14342 4221 5009 11649 10591 3002
7365 8758 14298 4244 4995 11744 10527 3034
7392 8802 14300 4189 4990 11674 10531 3080
7360 8683 14241 4240 4988 11763 10509 3054
7298 8672 14266 4168 4875 11765 10638 3103
7359 8770 14305 4314 5038 11788 10602 3036
7346 8789 14309 4182 4990 11711 10510 3045
7229 8823 14343 4117 4825 11691 10428 3064
7203 8772 14389 4120 4847 11679 10612 3114
7238 8831 14366 4194 5001 11709 10653 3077
7278 8792 14467 4209 4927 11600 10542 3087
7310 8796 14518 4136 4918 11678 10626 3061
7276 8719 14364 4084 4992 11648 10509 3006
7395 8752 14359 4338 5026 11708 10740 3032
7403 8776 14353 4248 5050 11688 10552 2993
7425 8738 14280 4282 5075 11858 10519 3047
7473 8974 14395 4275 5004 11783 10686 3003
7415 8959 14349 4203 4982 11758 10589 3007
7355 8874 14315 4242 5037 11688 10586 3075
7359 8918 14334 4147 5034 11826 10574 2953
7404 8987 14323 4289 5058 11792 10596 2981
7499 9049 14341 4313 5098 11792 10636 2968
7473 8995 14368 4237 5068 11738 10593 3031
7442 8886 14343 4264 5082 11787 10555 3046
7481 8871 14283 4310 5100 11763 10626 2982
7516 8855 14305 4364 5052 11777 10725 3003
7481 8922 14292 4257 5078 11731 10648 2909
7377 8936 14251 4284 5061 11912 10531 2944
7446 8958 14322 4298 5045 11747 10682 2952
7427 8919 14287 4293 5023 11763 10536 2895
7377 8989 14280 4240 5053 11874 10624 2981
7511 9066 14357 4326 5093 11790 10615 2948
7448 8997 14304 4162 5006 11687 10607 2961
7510 8943 14226 4330 5097 11780 10575 2972
7597 9001 14223 4308 5131 11837 10523 2914
7495 8898 14233 4263 5021 11797 10555 2946
7433 8947 14295 4229 5008 11837 10604 2973
7486 9033 14388 4284 4968 11867 10587 2975
7386 8919 14306 4228 5097 11821 10513 2992
7437 8904 14294 4383 5172 11842 10657 3011
7538 9031 14316 4327 5093 11809 10652 2922
7544 9016 14205 4268 5062 11776 10604 2955
7524 9061 14220 4364 5114 11794 10523 2905
7445 9110 14240 4167 4999 11685 10617 2895
7550 9187 14249 4356 5074 11713 10559 2878
7347 9087 14368 4094 4936 11634 10474 2915
7306 9056 14409 4156 5034 11728 10615 3039
7328 9107 14368 4214 4986 11749 10508 2994
7360 8988 14442 4163 4981 11649 10594 3060
7318 8977 14378 4221 4997 11703 10489 2989
7351 9037 14323 4138 4969 11770 10616 3055
7264 9039 14427 4202 4947 11700 10636 3046
7287 8969 14432 4160 4971 11654 10541 2983
7445 8952 14396 4284 5051 11767 10591 3047
7442 8918 14363 4119 5002 11700 10620 2978
7371 8908 14268 4182 4994 11797 10548 3013
7396 8947 14288 4226 4929 11765 10614 3064
7356 8888 14303 4222 5030 11765 10498 3008
7309 8908 14332 4279 5025 11819 10530 3001
7462 8932 14356 4317 5068 11803 10569 2991
7383 8806 14254 4222 4965 11705 10666 3029
7404 8879 14308 4179 5007 11784 10589 2941
7286 8919 14352 4211 4908 11714 10619 2967
7399 8938 14368 4188 5032 11864 10520 3012
7292 8839 14358 4155 4925 11693 10630 3034
7340 8946 14382 4198 4952 11758 10667 3066
7264 8899 14406 4183 4934 11585 10524 3010
7345 8790 14395 4213 5027 11667 10596 3131
7441 8734 14374 4256 5095 11735 10544 3093
7503 8848 14236 4244 5076 11838 10596 3045
7562 8885 14201 4256 5101 11761 10595 3002
7564 8946 14251 4321 5083 11839 10620 2944
7530 8942 14295 4341 5088 11774 10639 2888
7540 9044 14281 4356 5107 11907 10581 2876
7578 9125 14311 4334 5095 11860 10524 2877
7503 9213 14320 4224 5040 11826 10647 2908
7303 9196 14393 4244 4954 11709 10598 2908
7318 9068 14427 4205 5024 11723 10550 3009
7356 8996 14386 4203 5024 11851 10557 3019
7403 9081 14387 4233 4994 11832 10698 2969
7258 9165 14339 4113 4868 11713 10591 2901
7104 9045 14372 4117 4854 11814 10516 3052
7120 8904 14455 4078 4917 11639 10478 3105
7184 8830 14490 4181 4973 11811 10582 3156
7369 8777 14402 4249 5097 11741 10606 3137
7483 8846 14218 4196 5094 11825 10596 3073
7492 8929 14176 4199 4968 11772 10504 3014
7447 8869 14277 4240 4924 11732 10631 3077
7345 8887 14302 4153 4991 11670 10565 2951
7381 9001 14356 4339 5068 11824 10533 2997
7376 8942 14369 4150 5051 11694 10573 3061
7372 8883 14291 4250 5073 11760 10570 3015
7417 8780 14324 4207 5022 11798 10625 2994
7584 8830 14276 4298 5167 11906 10589 2997
7588 8857 14135 4274 5149 11847 10610 2939
7567 8961 14195 4331 5004 11821 10561 2912
7469 9060 14265 4269 4976 11843 10555 2901
7268 8995 14298 4272 5009 11826 10564 3018
7297 9050 14420 4230 5022 11717 10593 2970
7279 9013 14422 4136 4948 11724 10577 2997
7394 8914 14380 4215 5029 11613 10707 3100
7419 8944 14390 4157 5009 11648 10613 3027
7495 8952 14366 4206 5099 11757 10547 3019
7543 8949 14206 4252 5075 11738 10518 2948
7521 8964 14232 4263 5052 11828 10697 3027
7539 9049 14342 4326 5099 11867 10583 2929
7475 9123 14390 4273 5078 11789 10496 2861
7443 9090 14371 4343 5088 11772 10661 2965
7585 9061 14318 4381 5208 11842 10641 2965
7606 9120 14235 4259 5168 11686 10728 2908
7566 9179 14214 4300 5102 11823 10454 2822
7620 9168 14285 4339 5146 11871 10695 2966
7608 9223 14287 4386 5133 11863 10587 2799
7514 9218 14249 4232 5130 11910 10642 2852
7512 9167 14323 4266 5130 11793 10636 2904
7566 9210 14364 4307 5075 11861 10713 2928
7509 9192 14300 4263 5083 11866 10579 2888
7516 9117 14178 4389 5196 11790 10646 2941
7623 9216 14286 4347 5175 11766 10657 2850
7636 9223 14354 4366 5149 11749 10610 2824
7542 9233 14287 4253 5094 11824 10649 2909
7572 9197 14276 4379 5208 11722 10609 2885
7537 9189 14269 4242 5156 11768 10562 2887
7662 9185 14272 4374 5241 11786 10581 2827
7643 9154 14227 4369 5177 11894 10612 2878
7650 9149 14200 4359 5135 11814 10689 2824
7590 9218 14206 4310 5052 11808 10551 2762
7432 9200 14265 4184 5030 11716 10619 2933
7411 9231 14357 4275 5019 11751 10566 2906
7378 9236 14422 4250 5008 11771 10482 2941
7354 9100 14389 4252 5091 11728 10474 2996
7393 9074 14337 4203 5057 11788 10719 3021
7450 9126 14330 4201 4995 11757 10630 2964
7455 9105 14310 4122 4939 11805 10572 3040
7415 9068 14265 4229 4998 11741 10571 3070
7443 9118 14292 4171 5017 11768 10563 3068
7375 9130 14295 4206 5016 11706 10518 2942
7373 9064 14350 4178 5001 11768 10539 2981
7327 8916 14341 4185 4953 11728 10544 3026
7380 8906 14337 4148 4999 11750 10668 3074
7382 8903 14277 4255 5017 11800 10547 3033
7480 8883 14325 4301 5056 11756 10580 3064
7443 9055 14291 4210 5030 11839 10551 2964
7401 9050 14261 4265 5072 11662 10486 2900
7431 9026 14341 4271 5041 11691 10513 2933
7448 8965 14390 4213 5038 11663 10608 2989
7457 8948 14357 4306 5128 11675 10539 3014
7511 9020 14293 4272 5113 11740 10649 2957
7472 8975 14241 4293 5076 11734 10452 2908
7534 8965 14374 4316 5073 11806 10608 2974
7572 8989 14356 4359 5123 11768 10632 2904
7602 9091 14264 4359 5166 11870 10578 2844
7535 9074 14237 4251 5093 11803 10660 2878
7525 9078 14242 4318 5108 11789 10646 2920
7542 9162 14269 4297 5027 11791 10616 2887
7547 9125 14300 4285 5082 11785 10579 2995
7434 9079 14254 4245 5082 11657 10621 2943
7470 9161 14274 4242 5092 11792 10470 2833
7408 9014 14280 4244 5016 11692 10603 2963
7540 9036 14310 4272 5084 11802 10606 2966
7550 9012 14352 4290 5071 11658 10597 2915
7472 9047 14301 4182 5078 11800 10547 2977
7435 9098 14289 4291 5009 11842 10660 2962
7404 9086 14340 4169 4991 11785 10600 2919
7349 8962 14396 4271 4964 11684 10639 2992
7386 8927 14429 4197 5049 11723 10619 3000
7408 8995 14363 4249 5048 11689 10603 2982
7411 9079 14340 4215 4994 11759 10464 2951
7370 8918 14340 4193 5026 11671 10504 3007
7307 8832 14302 4180 4932 11814 10600 3021
7472 8969 14308 4295 5030 11807 10608 3015
7413 9000 14227 4277 5029 11692 10527 3006
7343 8965 14285 4195 4978 11671 10524 2968
7243 8895 14402 4126 4968 11740 10617 3053
7408 8888 14449 4211 4974 11675 10570 3047
7370 8816 14314 4198 5025 11622 10626 3111
7455 8873 14222 4213 5097 11813 10523 3006
7448 9018 14272 4227 4979 11822 10598 2988
7459 9100 14379 4298 5005 11743 10535 2941
7337 9030 14371 4167 4938 11654 10522 2996
7363 8979 14382 4252 5079 11792 10545 3080
7481 9013 14351 4207 5060 11731 10604 2993
7418 8947 14272 4214 4979 11692 10588 3068
7484 8927 14329 4165 4984 11748 10511 3056
7453 8977 14315 4265 4996 11745 10702 3018
7384 9027 14277 4256 5011 11710 10569 2975
7429 9056 14321 4250 5105 11835 10532 2982
7544 8994 14360 4336 5060 11624 10543 2998
7455 9027 14248 4106 4991 11802 10562 2940
7495 9068 14270 4289 5029 11724 10543 2944
7494 9159 14375 4238 4982 11824 10572 2963
7332 9115 14374 4213 4961 11639 10575 2966
7297 8998 14371 4201 4985 11716 10571 3000
7363 8912 14438 4212 5041 11700 10538 3032
7367 8952 14428 4132 4955 11638 10672 3006
7326 9039 14335 4196 4954 11670 10546 2977
7348 8990 14350 4168 5006 11769 10533 3007
7363 8892 14390 4185 5047 11596 10629 3013
7384 8854 14383 4170 5054 11765 10564 2983
7500 8859 14311 4260 5039 11767 10585 3012
7484 8844 14198 4248 5078 11819 10660 3034
7502 9075 14263 4296 5003 11800 10573 2909
7476 9054 14397 4271 5046 11796 10594 2957
7402 8979 14424 4302 5033 11679 10558 2928
7343 8883 14367 4187 5033 11778 10654 3058
7398 8949 14411 4236 5065 11724 10628 2923
7439 8945 14450 4319 5040 11717 10606 2937
7449 8890 14369 4264 5100 11820 10586 2964
7553 8875 14376 4307 5103 11837 10745 3019
7631 8905 14299 4358 5183 11797 10583 3003
7597 8931 14231 4262 5075 11758 10613 2916
7357 9016 14272 4230 4967 11738 10576 2855
7402 8999 14399 4342 5040 11802 10696 3035
7408 8993 14432 4209 5025 11613 10599 2905
7336 9026 14341 4207 5068 11837 10574 2968
7368 8998 14355 4291 5067 11722 10582 3001
7491 9031 14383 4307 5088 11632 10622 2988
7525 9096 14297 4311 5087 11708 10578 2909
7543 9154 14268 4275 5111 11776 10545 2919
7394 9029 14262 4229 5049 11756 10472 2933
7454 8979 14301 4322 5085 11862 10652 3025
7543 9086 14348 4310 5054 11704 10669 2944
7409 9187 14326 4231 5008 11792 10560 2933
7421 9113 14334 4215 5117 11782 10551 2985
7399 9011 14274 4153 5036 11683 10680 3024
7314 8981 14298 4162 4937 11713 10600 2919
7517 8954 14387 4345 5117 11756 10607 2973
7523 8903 14275 4349 5132 11745 10593 3005
7537 8963 14199 4297 5174 11745 10580 2934
7469 8949 14188 4225 5072 11786 10567 2915
7529 8905 14282 4308 5040 11788 10580 2970
7573 9003 14306 4293 5031 11821 10675 2982
7466 9012 14261 4300 5048 11781 10603 2960
7488 9087 14345 4268 5102 11851 10589 2965
7557 9059 14421 4334 5187 11721 10656 2925
7570 8996 14349 4271 5136 11719 10676 2929
7664 9155 14285 4405 5182 11681 10626 2830
7568 9114 14229 4343 5153 11809 10498 2798
7566 9097 14262 4363 5161 11778 10693 2900
7643 9231 14296 4325 5242 11890 10639 2867
7626 9176 14242 4368 5185 11772 10643 2935
7642 9210 14284 4284 5050 11807 10588 2889
7668 9219 14301 4439 5155 11795 10619 2921
7613 9077 14193 4258 5209 11758 10619 2973
7522 9199 14191 4330 5120 11875 10561 2828
7673 9202 14327 4388 5140 11721 10590 2845
7637 9148 14209 4385 5226 11768 10535 2742
7478 9145 14186 4299 5147 11919 10543 2805
7525 9167 14307 4361 5108 11833 10748 2913
7496 9205 14318 4251 5055 11753 10653 2864
7428 9147 14257 4296 5071 11830 10635 2909
7465 9112 14242 4259 5114 11725 10648 2900
7438 9095 14261 4253 5027 11803 10598 2877
7569 9134 14329 4256 5025 11813 10660 2935
7514 9115 14290 4256 5092 11731 10624 2949
7526 9136 14210 4287 5134 11861 10502 2914
7519 9126 14248 4289 5093 11847 10600 2949
7535 9100 14287 4379 5104 11811 10582 2915
7527 9183 14332 4241 5101 11776 10664 2933
7497 9168 14324 4309 5055 11788 10560 2934
7453 9048 14304 4248 5071 11790 10612 2930
7537 9049 14293 4370 5196 11796 10605 2910
7506 9098 14229 4294 5103 11919 10584 2892
7619 9078 14224 4382 5166 11871 10615 2924
7641 9222 14244 4344 5153 11884 10606 2816
7553 9195 14243 4312 5105 11799 10568 2829
7460 9154 14233 4286 5085 11778 10636 2987
7488 9101 14342 4329 5131 11761 10565 2974
7558 9132 14325 4301 5109 11829 10555 2934
7560 9135 14226 4305 5109 11808 10584 2917
7611 9116 14239 4285 5172 11875 10583 2920
7569 9222 14267 4252 5057 11796 10589 2928
7579 9238 14298 4337 5096 11702 10618 2906
7488 9226 14319 4280 5076 11841 10554 2912
7596 9162 14292 4326 5242 11767 10601 2933
7650 9237 14287 4378 5176 11683 10549 2833
7574 9215 14231 4223 5062 11687 10558 2856
7457 9329 14283 4193 5037 11830 10543 2826
7399 9247 14340 4277 5050 11736 10595 2985
7426 9126 14366 4233 5102 11678 10628 3028
7519 9075 14304 4297 5183 11735 10513 2964
7538 9182 14246 4272 5076 11818 10540 2922
7552 9283 14286 4253 5017 11804 10657 2962
7414 9196 14332 4222 5015 11706 10627 2950
7494 9217 14409 4269 5134 11708 10616 2934
7609 9077 14310 4359 5263 11678 10527 2960
7640 9020 14170 4243 5256 11714 10566 2937
7698 9076 14144 4361 5186 11735 10559 2837
7688 9153 14143 4316 5145 11824 10567 2797
7651 9249 14234 4404 5115 11799 10561 2846
7513 9210 14339 4291 5081 11722 10573 2887
7548 9225 14323 4316 5175 11754 10635 2907
7541 9143 14341 4346 5182 11786 10692 2894
7627 9136 14247 4348 5212 11785 10672 2917
7735 9240 14199 4391 5251 11845 10665 2851
7623 9264 14233 4334 5095 11791 10625 2812
7544 9263 14292 4229 5019 11885 10644 2884
7503 9098 14297 4331 5097 11706 10674 2908
7522 9047 14248 4283 5135 11817 10614 2865
7561 9158 14210 4282 5141 11867 10644 2888
7537 9227 14251 4316 5064 11927 10551 2867
7391 9100 14311 4267 4955 11640 10686 2911
7394 9154 14371 4267 5020 11761 10541 2825
7418 9157 14402 4315 5119 11779 10529 2976
7518 9039 14333 4336 5149 11740 10540 3000
7609 9172 14251 4261 5079 11800 10656 2937
7636 9244 14267 4321 5133 11718 10515 2860
7582 9186 14281 4230 5129 11763 10547 2933
7559 9201 14239 4205 5010 11727 10630 2964
7532 9196 14244 4282 5044 11774 10594 2933
7460 9148 14293 4236 5096 11726 10606 2964
7435 9143 14257 4330 5126 11781 10522 2896
7486 9126 14328 4311 5157 11787 10573 2876
7478 9118 14357 4224 5043 11690 10593 2869
7412 9059 14309 4242 5032 11766 10605 2941
7439 9096 14304 4310 5122 11805 10582 2930
