7 6 8 10 10 12 5 8
7 8 12 8 12 10 2 13
11 10 11 9 8 12 6 15
14 9 9 10 10 11 8 15
12 8 7 7 9 12 6 14
11 10 9 6 9 15 9 12
11 6 7 9 8 14 6 11
14 7 9 10 11 13 6 15
11 9 7 6 9 16 7 13
11 9 10 6 8 15 8 12
11 8 6 10 8 14 6 13
15 9 10 10 9 15 9 15
11 7 6 6 9 14 6 12
11 8 10 6 9 16 8 11
11 7 6 10 9 15 5 13
13 10 10 8 9 16 8 15
11 8 8 6 8 14 7 12
10 9 8 7 8 14 7 12
13 9 9 10 8 15 9 13
13 7 7 9 8 14 7 13
12 8 9 6 9 16 8 12
10 8 7 7 8 16 7 11
12 9 9 9 8 16 8 13
13 8 8 9 8 15 8 13
12 8 8 7 8 15 8 12
11 8 8 7 8 16 8 11
12 8 8 9 8 16 8 12
13 8 8 9 8 16 8 13
12 8 8 7 8 16 8 12
11 8 8 7 8 16 8 11
12 8 8 9 8 16 8 12
13 8 8 9 8 16 8 13
12 8 8 7 8 16 8 12
11 8 8 7 8 16 8 11
12 8 8 9 8 16 8 12
13 8 8 9 8 16 8 13
12 8 8 7 8 16 8 12
11 8 8 7 8 16 8 11
12 8 8 9 8 16 8 12
13 8 8 9 8 16 8 13
12 8 8 7 8 16 8 12
11 8 8 7 8 16 8 11
12 8 8 9 8 16 8 12
13 8 8 9 8 16 8 13
12 8 8 7 8 16 8 12
11 8 8 7 8 16 8 11
12 8 8 9 8 16 8 12
13 8 8 9 8 16 8 13
12 8 8 7 8 16 8 12
11 8 8 7 8 16 8 11
12 8 8 9 8 16 8 12
13 8 8 9 8 16 8 13
12 8 8 7 8 16 8 12
11 8 8 7 8 16 8 11
12 8 8 9 8 16 8 12
13 8 8 9 8 16 8 13
12 8 8 7 8 16 8 12
11 8 8 7 8 16 8 11
12 8 8 9 8 16 8 12
13 8 8 9 8 16 8 13
12 8 8 7 8 16 8 12
11 8 8 7 8 16 8 11
12 8 8 9 8 16 8 12
13 8 8 9 8 16 8 13
12 8 8 7 8 16 8 12
11 8 8 7 8 16 8 11
12 8 8 9 8 16 8 12
13 8 8 9 8 16 8 13
12 8 8 7 8 16 8 12
11 8 8 7 8 16 8 11
12 8 8 9 8 16 8 12
13 8 8 9 8 16 8 13
12 8 8 7 8 16 8 12
11 8 8 7 8 16 8 11
12 8 8 9 8 16 8 12
13 8 8 9 8 16 8 13
12 8 8 7 8 16 8 12
11 8 8 7 8 16 8 11
12 8 8 9 8 16 8 12
13 8 8 9 8 16 8 13
12 8 8 7 8 16 8 12
11 8 8 7 8 16 8 11
12 8 8 9 8 16 8 12
13 8 8 9 8 16 8 13
12 8 8 7 8 16 8 12
11 8 8 7 8 16 8 11
12 8 8 9 8 16 8 12
13 8 8 9 8 16 8 13
12 8 8 7 8 16 8 12
11 8 8 7 8 16 8 11
12 8 8 9 8 16 8 12
13 8 8 9 8 16 8 13
12 8 8 7 8 16 8 12
11 8 8 7 8 16 8 11
12 8 8 9 8 16 8 12
13 8 8 9 8 16 8 13
12 8 8 7 8 16 8 12
11 8 8 7 8 16 8 11
12 8 8 9 8 16 8 12
13 8 8 9 8 16 8 13
