8280 8099 8173 0 0 0 0 0
2940 8285 7132 7091 9194 8099 16384 8099
4535 14918 1595 3061 4535 8285 8099 0
5677 7240 4082 5677 2737 8099 1466 0
5160 9144 2552 4543 2099 1466 9144 0
5061 13708 3975 6034 3790 9144 7240 0
4298 8425 4001 5893 4411 7240 2676 0
5110 10171 3722 5010 3804 2676 7959 0
6181 11769 3448 6057 3829 7959 6213 0
5281 9037 4289 6235 3994 6213 4615 0
5622 10107 4112 5961 3669 4615 7347 0
5692 11620 4059 6527 4720 7347 6277 0
5843 9732 4633 6390 4605 6277 4764 0
6616 9185 4119 6638 4152 4764 6652 0
6232 11720 4641 7017 4670 6652 7199 0
6398 9741 4838 7083 4588 7199 4664 0
6580 9292 4626 7204 4990 4664 6643 0
6839 11746 5077 7389 5092 6643 7092 0
7073 9239 4843 7620 4877 7092 4638 0
6842 9709 5099 7578 5004 4638 7145 0
7105 11422 5123 7702 5065 7145 6675 0
6969 9335 5127 7824 5358 6675 4962 0
7215 9976 5395 7820 5272 4962 7049 0
7535 10917 5103 8041 5326 7049 6408 0
7431 9513 5574 8287 5490 6408 5467 0
7574 9929 5377 8158 5321 5467 6871 0
7588 10772 5564 8440 5638 6871 6455 0
7608 9728 5653 8386 5687 6455 5612 0
7875 9765 5593 8466 5646 5612 6656 0
7899 10686 5705 8651 5752 6656 6619 0
7910 9752 5781 8674 5707 6619 5698 0
8033 9775 5805 8774 5836 5698 6632 0
8045 10671 5861 8821 5952 6632 6609 0
8095 9682 5900 8890 5850 6609 5713 0
8182 9869 5929 8916 5937 5713 6702 0
8196 10525 5887 8957 5965 6702 6515 0
8152 9717 6027 9037 5926 6515 5859 0
8207 9965 5941 8957 5974 5859 6667 0
8285 10388 6010 9121 6079 6667 6419 0
8292 9819 6077 9137 6059 6419 5996 0
8410 9866 6042 9191 6046 5996 6565 0
8377 10362 6082 9214 6113 6565 6518 0
8356 9769 6135 9247 6070 6518 6022 0
8342 9986 6098 9164 6123 6022 6615 0
8454 10282 6164 9272 6204 6615 6398 0
8489 9806 6168 9336 6223 6398 6102 0
8546 9976 6171 9336 6143 6102 6578 0
8616 10157 6219 9463 6199 6578 6408 0
8506 9872 6228 9410 6254 6408 6227 0
8492 9991 6237 9358 6174 6227 6512 0
8510 10149 6215 9359 6251 6512 6393 0
8500 9915 6190 9282 6244 6393 6235 0
8636 9907 6298 9464 6246 6235 6469 0
8531 10233 6127 9331 6229 6469 6477 0
8575 9826 6276 9411 6125 6477 6151 0
8569 9912 6219 9419 6270 6151 6558 0
8542 10278 6293 9433 6345 6558 6472 0
8608 9836 6244 9417 6225 6472 6106 0
8676 9894 6274 9461 6284 6106 6548 0
8611 10181 6224 9479 6250 6548 6490 0
8598 9931 6369 9523 6258 6490 6203 0
8656 9889 6223 9494 6332 6203 6453 0
8740 10164 6427 9666 6429 6453 6495 0
8782 9893 6309 9613 6346 6495 6220 0
8759 9863 6369 9641 6313 6220 6491 0
8663 10173 6335 9578 6299 6491 6521 0
8641 9925 6393 9583 6383 6521 6211 0
8680 9924 6315 9514 6403 6211 6459 0
8827 10110 6420 9626 6416 6459 6460 0
8859 9853 6367 9643 6419 6460 6274 0
8795 9927 6411 9684 6351 6274 6531 0
8665 10166 6303 9544 6251 6531 6457 0
8667 9876 6374 9582 6330 6457 6218 0
8615 9979 6284 9494 6381 6218 6508 0
8685 10154 6377 9550 6330 6508 6405 0
8804 9808 6348 9609 6402 6405 6230 0
8816 10008 6371 9598 6423 6230 6576 0
8846 10013 6461 9712 6370 6576 6376 0
8774 9923 6407 9663 6448 6376 6371 0
8819 9998 6416 9662 6425 6371 6461 0
8918 9955 6476 9778 6475 6461 6386 0
8887 9991 6432 9700 6487 6386 6429 0
8947 9892 6545 9836 6466 6429 6393 0
8796 10057 6378 9677 6442 6393 6492 0
8764 9962 6423 9645 6315 6492 6327 0
8854 9907 6471 9761 6480 6327 6422 0
8832 10094 6412 9675 6565 6422 6477 0
8909 9835 6481 9794 6377 6477 6290 0
8876 9997 6431 9742 6427 6290 6549 0
8924 10024 6492 9809 6514 6549 6387 0
8786 9858 6415 9748 6427 6387 6360 0
8832 10082 6535 9732 6418 6360 6526 0
8870 9915 6327 9739 6490 6526 6302 0
8833 9988 6564 9777 6485 6302 6469 0
8990 9934 6450 9793 6453 6469 6396 0
8921 9941 6511 9837 6600 6396 6450 0
8992 10007 6607 9856 6521 6450 6443 0
8999 9860 6460 9882 6542 6443 6377 0
8994 10062 6623 9905 6576 6377 6524 0
8966 9895 6394 9809 6417 6524 6322 0
8960 9938 6699 9990 6580 6322 6489 0
8955 10057 6432 9836 6599 6489 6446 0
9028 9902 6641 9965 6570 6446 6327 0
8914 9928 6361 9721 6385 6327 6482 0
8870 9974 6607 9876 6445 6482 6456 0
8770 10035 6406 9688 6533 6456 6410 0
8937 9957 6578 9808 6572 6410 6349 0
9012 9914 6419 9783 6523 6349 6427 0
8942 9996 6510 9794 6415 6427 6470 0
8862 9885 6459 9767 6374 6470 6388 0
8838 10061 6545 9794 6583 6388 6499 0
8952 9988 6502 9831 6611 6499 6323 0
9073 9866 6553 9895 6558 6323 6396 0
9078 9931 6487 9892 6467 6396 6518 0
8961 10004 6600 9919 6502 6518 6453 0
8860 9960 6525 9820 6540 6453 6380 0
8816 10021 6461 9716 6498 6380 6424 0
8889 9925 6455 9732 6431 6424 6363 0
8966 9935 6502 9792 6531 6363 6459 0
8944 9975 6481 9823 6521 6459 6449 0
8877 9953 6506 9766 6424 6449 6409 0
8921 10004 6476 9731 6470 6409 6431 0
8912 9887 6520 9833 6591 6431 6380 0
8899 10037 6521 9751 6510 6380 6497 0
8949 9914 6391 9738 6384 6497 6347 0
8954 9917 6587 9905 6534 6347 6470 0
8860 10064 6398 9716 6480 6470 6467 0
8984 9895 6649 9897 6530 6467 6320 0
8973 9958 6449 9789 6622 6320 6489 0
8929 10001 6536 9800 6467 6489 6426 0
8995 9876 6546 9877 6456 6426 6383 0
9022 10030 6542 9870 6679 6383 6508 0
9075 9902 6600 9987 6598 6508 6354 0
9023 9979 6573 9918 6512 6354 6482 0
9009 9962 6498 9901 6494 6482 6405 0
8908 9882 6563 9952 6534 6405 6422 0
8931 10128 6562 9830 6551 6422 6502 0
9056 9798 6537 9937 6622 6502 6256 0
8978 10009 6593 9892 6601 6256 6586 0
9009 9986 6508 9853 6436 6586 6375 0
8933 9863 6517 9891 6523 6375 6398 0
8999 10089 6632 9907 6624 6398 6521 0
9107 9864 6555 9931 6666 6521 6295 0
8989 9931 6550 9854 6524 6295 6520 0
8847 10001 6429 9718 6282 6520 6453 0
8782 9975 6489 9788 6450 6453 6383 0
8858 10024 6497 9780 6634 6383 6409 0
9033 9923 6498 9837 6561 6409 6360 0
9066 9866 6539 9940 6488 6360 6461 0
8965 10006 6525 9920 6477 6461 6518 0
8897 9974 6526 9896 6494 6518 6378 0
8926 9976 6565 9849 6584 6378 6410 0
9002 9936 6545 9864 6623 6410 6408 0
8997 9978 6575 9849 6572 6408 6448 0
9085 9929 6590 9900 6560 6448 6406 0
9035 9938 6520 9920 6588 6406 6455 0
9018 10027 6618 9925 6525 6455 6446 0
9039 9892 6512 9901 6537 6446 6357 0
8993 9975 6623 9926 6627 6357 6492 0
8950 9990 6506 9816 6507 6492 6409 0
8923 9935 6531 9861 6486 6409 6394 0
9044 10013 6605 9902 6632 6394 6449 0
9084 9874 6496 9903 6625 6449 6371 0
8940 9949 6571 9864 6425 6371 6510 0
8895 10001 6487 9793 6403 6510 6435 0
8881 9968 6519 9850 6624 6435 6383 0
9030 9964 6628 9922 6664 6383 6416 0
9096 9923 6456 9862 6531 6416 6420 0
9041 9898 6608 9975 6467 6420 6461 0
8992 10029 6592 9940 6573 6461 6486 0
8938 9958 6528 9920 6623 6486 6355 0
8977 9993 6594 9856 6533 6355 6426 0
9159 9866 6588 9990 6628 6426 6391 0
9116 9987 6663 10037 6753 6391 6518 0
9110 9960 6613 9991 6535 6518 6397 0
8965 9897 6473 9845 6428 6397 6424 0
8848 9987 6535 9813 6446 6424 6487 0
8779 10037 6476 9714 6516 6487 6397 0
8931 9957 6573 9837 6626 6397 6347 0
9065 9901 6473 9882 6603 6347 6427 0
9080 9997 6506 9892 6424 6427 6483 0
8962 9823 6503 9915 6373 6483 6387 0
8718 10091 6509 9774 6491 6387 6561 0
8842 10065 6575 9775 6599 6561 6293 0
8929 9815 6399 9749 6603 6293 6319 0
9036 10051 6572 9801 6458 6319 6569 0
9043 9843 6427 9870 6423 6569 6333 0
8883 10028 6638 9892 6586 6333 6541 0
8946 9994 6484 9818 6522 6541 6356 0
8942 9910 6524 9853 6564 6356 6390 0
9022 10001 6549 9835 6514 6390 6474 0
8965 9868 6461 9837 6493 6474 6383 0
8835 10024 6555 9799 6459 6383 6516 0
8864 9994 6430 9749 6450 6516 6360 0
8881 9920 6484 9820 6541 6360 6390 0
8979 10022 6523 9806 6509 6390 6464 0
9041 9848 6521 9897 6549 6464 6362 0
8848 10030 6486 9755 6471 6362 6536 0
8913 9975 6567 9837 6441 6536 6354 0
8880 9949 6415 9803 6591 6354 6409 0
