8246 0 0
8273 0 0
8323 0 0
8274 0 0
8329 0 0
8399 0 0
8411 0 0
8497 0 0
8497 0 0
8554 0 0
8544 0 0
8527 0 0
8532 0 0
8550 0 0
8551 0 0
8553 0 0
8539 0 0
8561 0 0
8541 0 0
8514 0 0
8570 0 0
8541 0 0
8550 0 0
8542 0 0
8537 0 0
8549 0 0
8544 0 0
8540 0 0
8593 0 0
8595 0 0
8601 0 0
8624 0 0
8629 0 0
8674 0 0
8617 0 0
8660 0 0
8663 0 0
8644 0 0
8642 0 0
8636 0 0
8626 0 0
8638 0 0
8631 0 0
8634 0 0
8638 0 0
8668 0 0
8634 0 0
8665 0 0
8679 0 0
8688 0 0
8659 0 0
8687 0 0
8677 0 0
8645 0 0
8661 0 0
8645 0 0
8652 0 0
8644 0 0
8649 0 0
8648 0 0
8677 0 0
8627 0 0
8651 0 0
8666 0 0
8654 0 0
8651 0 0
8625 0 0
8655 0 0
8641 0 0
8675 0 0
8614 0 0
8642 0 0
8637 0 0
8626 0 0
8655 0 0
8656 0 0
8649 0 0
8676 0 0
8656 0 0
8687 0 0
8675 0 0
8674 0 0
8697 0 0
8714 0 0
8696 0 0
8698 0 0
8704 0 0
8701 0 0
8713 0 0
8739 0 0
8723 0 0
8729 0 0
8728 0 0
8703 0 0
8702 0 0
8696 0 0
8704 0 0
8693 0 0
8689 0 0
8697 0 0
8711 0 0
8715 0 0
8734 0 0
8723 0 0
8745 0 0
8715 0 0
8725 0 0
8709 0 0
8710 0 0
8694 0 0
8693 0 0
8702 0 0
8680 0 0
8693 0 0
8673 0 0
8684 0 0
8652 0 0
8665 0 0
8691 0 0
8661 0 0
8691 0 0
8680 0 0
8699 0 0
8704 0 0
8699 0 0
8674 0 0
8684 0 0
8692 0 0
8671 0 0
8703 0 0
8697 0 0
8695 0 0
8719 0 0
8723 0 0
8719 0 0
8749 0 0
8740 0 0
8732 0 0
8750 0 0
8740 0 0
8756 0 0
8734 0 0
8749 0 0
8748 0 0
8759 0 0
8766 0 0
8763 0 0
8761 0 0
8756 0 0
8736 0 0
8776 0 0
8767 0 0
8784 0 0
8802 0 0
8812 0 0
8814 0 0
8788 0 0
8830 0 0
8835 0 0
8844 0 0
8851 0 0
8860 0 0
8860 0 0
8866 0 0
8878 0 0
8882 0 0
8870 0 0
8856 0 0
8865 0 0
8849 0 0
8865 0 0
8877 0 0
8882 0 0
8894 0 0
8912 0 0
8920 0 0
8900 0 0
8950 0 0
8952 0 0
8954 0 0
8968 0 0
8958 0 0
8956 0 0
8942 0 0
8956 0 0
8976 0 0
8983 0 0
8993 0 0
8997 0 0
9006 0 0
9006 0 0
9010 0 0
9018 0 0
9026 0 0
9054 0 0
9047 0 0
9035 0 0
9058 0 0
9066 0 0
9061 0 0
9066 0 0
9074 0 0
9082 0 0
9096 0 0
9115 0 0
9109 0 0
9105 0 0
9109 0 0
9128 0 0
9132 0 0
9138 0 0
9142 0 0
9158 0 0
9169 0 0
9205 0 0
9209 0 0
9215 0 0
9211 0 0
9231 0 0
9231 0 0
9255 0 0
9276 0 0
9282 0 0
9274 0 0
9276 0 0
9274 0 0
9274 0 0
9286 0 0
9300 0 0
9290 0 0
9286 0 0
9288 0 0
9311 0 0
9293 0 0
9285 0 0
9307 0 0
9321 0 0
9337 0 0
9347 0 0
9368 0 0
9362 0 0
9359 0 0
9377 0 0
9376 0 0
9366 0 0
9389 0 0
9386 0 0
9396 0 0
9402 0 0
9411 0 0
9407 0 0
9418 0 0
9440 0 0
9472 0 0
9468 0 0
9468 0 0
9451 0 0
9485 0 0
9475 0 0
9474 0 0
9495 0 0
9486 0 0
9498 0 0
9518 0 0
9528 0 0
9528 0 0
9528 0 0
9535 0 0
9551 0 0
9535 0 0
9551 0 0
9559 0 0
9526 0 0
9541 0 0
9555 0 0
9565 0 0
9567 0 0
9577 0 0
9564 0 0
9584 0 0
9572 0 0
9583 0 0
9581 0 0
9591 0 0
9607 0 0
9616 0 0
9636 0 0
9632 0 0
9642 0 0
9626 0 0
9637 0 0
9647 0 0
9647 0 0
9661 0 0
9669 0 0
9683 0 0
9683 0 0
9681 0 0
9686 0 0
9708 0 0
9706 0 0
9714 0 0
9736 0 0
9720 0 0
9720 0 0
9714 0 0
9718 0 0
9718 0 0
9742 0 0
9740 0 0
9742 0 0
9744 0 0
9767 0 0
9763 0 0
9785 0 0
9773 0 0
9777 0 0
9801 0 0
9800 0 0
9798 0 0
9810 0 0
9810 0 0
9822 0 0
9838 0 0
9842 0 0
9854 0 0
9858 0 0
9868 0 0
9866 0 0
9870 0 0
9866 0 0
9878 0 0
9884 0 0
9885 0 0
9882 0 0
9893 0 0
9905 0 0
9897 0 0
9919 0 0
9930 0 0
9938 0 0
9935 0 0
9949 0 0
9953 0 0
9977 0 0
9967 0 0
9967 0 0
9959 0 0
9964 0 0
9959 0 0
9977 0 0
9982 0 0
9992 0 0
10005 0 0
10023 0 0
10021 0 0
10016 0 0
10033 0 0
10007 0 0
10013 0 0
10023 0 0
10009 0 0
10009 0 0
10016 0 0
10005 0 0
10027 0 0
10013 0 0
10025 0 0
10027 0 0
10019 0 0
10013 0 0
10007 0 0
9995 0 0
10006 0 0
10024 0 0
10029 0 0
10034 0 0
10026 0 0
10038 0 0
10036 0 0
10027 0 0
10027 0 0
10022 0 0
10048 0 0
10042 0 0
10034 0 0
10024 0 0
10030 0 0
10004 0 0
10024 0 0
10008 0 0
10020 0 0
10024 0 0
10004 0 0
10014 0 0
10014 0 0
10014 0 0
10024 0 0
10026 0 0
10048 0 0
10028 0 0
10030 0 0
10040 0 0
10038 0 0
10044 0 0
10042 0 0
10034 0 0
10030 0 0
10034 0 0
10028 0 0
10036 0 0
10030 0 0
10030 0 0
10060 0 0
10058 0 0
10060 0 0
10066 0 0
10090 0 0
10068 0 0
10080 0 0
10064 0 0
10086 0 0
10102 0 0
10080 0 0
10076 0 0
10086 0 0
10052 0 0
10068 0 0
10070 0 0
10082 0 0
10084 0 0
10083 0 0
10069 0 0
10082 0 0
10086 0 0
10069 0 0
10067 0 0
10073 0 0
10073 0 0
10095 0 0
10071 0 0
10087 0 0
10071 0 0
10063 0 0
10085 0 0
10069 0 0
10080 0 0
10064 0 0
10070 0 0
10074 0 0
10066 0 0
10076 0 0
10064 0 0
10076 0 0
10076 0 0
10085 0 0
10073 0 0
10095 0 0
10093 0 0
10091 0 0
10109 0 0
10097 0 0
10080 0 0
10094 0 0
10099 0 0
10093 0 0
10083 0 0
10089 0 0
10081 0 0
10087 0 0
10111 0 0
10117 0 0
10123 0 0
10143 0 0
10133 0 0
10127 0 0
10133 0 0
10145 0 0
10131 0 0
10125 0 0
10127 0 0
10105 0 0
10132 0 0
10114 0 0
10126 0 0
10120 0 0
10104 0 0
10122 0 0
10120 0 0
10102 0 0
10102 0 0
10106 0 0
10110 0 0
10094 0 0
10114 0 0
10126 0 0
10122 0 0
10139 0 0
10121 0 0
10135 0 0
10117 0 0
10117 0 0
10111 0 0
10113 0 0
10123 0 0
10119 0 0
10131 0 0
10139 0 0
10135 0 0
10137 0 0
10131 0 0
10145 0 0
10129 0 0
10137 0 0
10139 0 0
10153 0 0
10151 0 0
10147 0 0
10147 0 0
10143 0 0
10127 0 0
10133 0 0
10143 0 0
10135 0 0
10129 0 0
10157 0 0
10161 0 0
10159 0 0
10163 0 0
10157 0 0
10153 0 0
10163 0 0
10159 0 0
10159 0 0
10137 0 0
10137 0 0
10149 0 0
10159 0 0
10145 0 0
10137 0 0
10129 0 0
10139 0 0
10135 0 0
10139 0 0
10151 0 0
10139 0 0
10135 0 0
10141 0 0
10159 0 0
10167 0 0
10169 0 0
10165 0 0
10176 0 0
10184 0 0
10182 0 0
10174 0 0
10178 0 0
10192 0 0
10192 0 0
10186 0 0
10188 0 0
10180 0 0
10178 0 0
10164 0 0
10188 0 0
10192 0 0
10192 0 0
10190 0 0
10196 0 0
10186 0 0
10202 0 0
10200 0 0
10194 0 0
10196 0 0
10190 0 0
10194 0 0
10184 0 0
10190 0 0
10182 0 0
10176 0 0
10180 0 0
10187 0 0
10190 0 0
10172 0 0
10180 0 0
10166 0 0
10168 0 0
10184 0 0
10192 0 0
10184 0 0
10174 0 0
10180 0 0
10174 0 0
10174 0 0
10166 0 0
10172 0 0
10176 0 0
10176 0 0
10178 0 0
10176 0 0
10178 0 0
10178 0 0
10166 0 0
10178 0 0
10182 0 0
10180 0 0
10184 0 0
10178 0 0
10166 0 0
10176 0 0
10168 0 0
10176 0 0
10166 0 0
10164 0 0
10166 0 0
10166 0 0
10168 0 0
10156 0 0
10152 0 0
10160 0 0
10154 0 0
10168 0 0
10184 0 0
10173 0 0
10173 0 0
10153 0 0
10185 0 0
10177 0 0
10175 0 0
10179 0 0
10171 0 0
10159 0 0
10177 0 0
10155 0 0
10173 0 0
10173 0 0
10175 0 0
10161 0 0
10179 0 0
10181 0 0
10181 0 0
10173 0 0
10167 0 0
10173 0 0
10161 0 0
10159 0 0
10163 0 0
10157 0 0
10170 0 0
10154 0 0
10148 0 0
10158 0 0
10160 0 0
10171 0 0
10185 0 0
10185 0 0
10165 0 0
10179 0 0
10173 0 0
10187 0 0
10195 0 0
10191 0 0
10207 0 0
10195 0 0
10207 0 0
10209 0 0
10213 0 0
10215 0 0
10213 0 0
10221 0 0
10225 0 0
10209 0 0
10209 0 0
10187 0 0
10197 0 0
10175 0 0
10175 0 0
10177 0 0
10177 0 0
10165 0 0
10149 0 0
10157 0 0
10149 0 0
10155 0 0
10155 0 0
10153 0 0
10147 0 0
10151 0 0
10159 0 0
10161 0 0
10162 0 0
10168 0 0
10168 0 0
10164 0 0
10168 0 0
10172 0 0
10164 0 0
10184 0 0
10174 0 0
10178 0 0
10170 0 0
10170 0 0
10162 0 0
10144 0 0
10158 0 0
10166 0 0
10166 0 0
10162 0 0
10152 0 0
10164 0 0
10162 0 0
10166 0 0
10154 0 0
10160 0 0
10162 0 0
10164 0 0
10178 0 0
10176 0 0
10184 0 0
10196 0 0
10190 0 0
10192 0 0
10186 0 0
10182 0 0
10188 0 0
10190 0 0
10178 0 0
10174 0 0
10184 0 0
10172 0 0
10170 0 0
10164 0 0
10178 0 0
10178 0 0
10170 0 0
10182 0 0
10178 0 0
10178 0 0
10180 0 0
10176 0 0
10182 0 0
10184 0 0
10186 0 0
10184 0 0
10186 0 0
10184 0 0
10184 0 0
10182 0 0
10188 0 0
10188 0 0
10202 0 0
10202 0 0
10198 0 0
10198 0 0
10198 0 0
10200 0 0
10202 0 0
10211 0 0
10209 0 0
10217 0 0
10206 0 0
10212 0 0
10206 0 0
10198 0 0
10206 0 0
10218 0 0
10202 0 0
10214 0 0
10204 0 0
10204 0 0
10196 0 0
10206 0 0
10212 0 0
10232 0 0
10220 0 0
10206 0 0
10214 0 0
10216 0 0
10226 0 0
10216 0 0
10214 0 0
10204 0 0
10206 0 0
10202 0 0
10206 0 0
10192 0 0
10194 0 0
10182 0 0
10198 0 0
10198 0 0
10202 0 0
10202 0 0
10200 0 0
10188 0 0
10190 0 0
10182 0 0
10180 0 0
10174 0 0
10180 0 0
10190 0 0
10186 0 0
10184 0 0
10174 0 0
10180 0 0
10194 0 0
10182 0 0
10184 0 0
10178 0 0
10186 0 0
10180 0 0
10184 0 0
10180 0 0
10174 0 0
10176 0 0
10166 0 0
10158 0 0
10172 0 0
10172 0 0
10176 0 0
10164 0 0
10174 0 0
10186 0 0
10178 0 0
10160 0 0
10172 0 0
10160 0 0
10168 0 0
10162 0 0
10174 0 0
10164 0 0
10164 0 0
10162 0 0
10160 0 0
10168 0 0
10158 0 0
10144 0 0
10146 0 0
10144 0 0
10148 0 0
10160 0 0
10154 0 0
10176 0 0
10170 0 0
10164 0 0
10174 0 0
10176 0 0
10182 0 0
10200 0 0
10188 0 0
10186 0 0
10186 0 0
10182 0 0
10200 0 0
10200 0 0
10194 0 0
10192 0 0
10188 0 0
10192 0 0
10192 0 0
10182 0 0
10186 0 0
10174 0 0
10184 0 0
10196 0 0
10194 0 0
10202 0 0
10200 0 0
10204 0 0
10214 0 0
10216 0 0
10210 0 0
10208 0 0
10210 0 0
10212 0 0
10216 0 0
10216 0 0
10214 0 0
10214 0 0
10206 0 0
10208 0 0
10206 0 0
10210 0 0
10208 0 0
10196 0 0
10218 0 0
10218 0 0
10218 0 0
10186 0 0
10202 0 0
10190 0 0
10202 0 0
10196 0 0
10198 0 0
10190 0 0
10168 0 0
10174 0 0
10176 0 0
10178 0 0
10184 0 0
10160 0 0
10172 0 0
10168 0 0
10166 0 0
10178 0 0
10166 0 0
10170 0 0
10170 0 0
10174 0 0
10170 0 0
10168 0 0
10174 0 0
10192 0 0
10178 0 0
10176 0 0
10182 0 0
10184 0 0
10200 0 0
10188 0 0
10186 0 0
10180 0 0
10176 0 0
10178 0 0
10184 0 0
10178 0 0
10172 0 0
10156 0 0
10182 0 0
10188 0 0
10182 0 0
10180 0 0
10176 0 0
10182 0 0
10192 0 0
10184 0 0
10178 0 0
10176 0 0
10174 0 0
10168 0 0
10170 0 0
10172 0 0
10166 0 0
10158 0 0
10162 0 0
10166 0 0
10152 0 0
10154 0 0
10140 0 0
10140 0 0
10142 0 0
10148 0 0
10144 0 0
10132 0 0
10146 0 0
10132 0 0
10146 0 0
10152 0 0
10162 0 0
10154 0 0
10140 0 0
10142 0 0
10148 0 0
10150 0 0
10162 0 0
10144 0 0
10158 0 0
10160 0 0
10156 0 0
10156 0 0
10158 0 0
10158 0 0
10160 0 0
10160 0 0
10162 0 0
10150 0 0
10158 0 0
10172 0 0
10168 0 0
10174 0 0
10172 0 0
10176 0 0
10180 0 0
10164 0 0
10170 0 0
10158 0 0
10164 0 0
10163 0 0
10153 0 0
10167 0 0
10171 0 0
10159 0 0
10173 0 0
10169 0 0
10175 0 0
10175 0 0
10165 0 0
10177 0 0
10185 0 0
10177 0 0
10173 0 0
10159 0 0
10155 0 0
10159 0 0
10153 0 0
10153 0 0
10165 0 0
10159 0 0
10151 0 0
10151 0 0
10159 0 0
10151 0 0
10153 0 0
10157 0 0
10159 0 0
10151 0 0
10153 0 0
10135 0 0
10143 0 0
10139 0 0
10159 0 0
10151 0 0
10153 0 0
10143 0 0
10147 0 0
10167 0 0
10151 0 0
10167 0 0
10169 0 0
10161 0 0
10157 0 0
10161 0 0
10159 0 0
10147 0 0
10147 0 0
10149 0 0
10145 0 0
10149 0 0
10147 0 0
10143 0 0
10143 0 0
10159 0 0
10153 0 0
10163 0 0
10167 0 0
10171 0 0
10169 0 0
10169 0 0
10165 0 0
10167 0 0
10165 0 0
10167 0 0
10171 0 0
10155 0 0
10175 0 0
10163 0 0
10181 0 0
10171 0 0
10185 0 0
10183 0 0
10185 0 0
10191 0 0
10195 0 0
10184 0 0
10184 0 0
10194 0 0
10178 0 0
10172 0 0
10182 0 0
10178 0 0
10182 0 0
10176 0 0
10178 0 0
10166 0 0
10184 0 0
10182 0 0
10180 0 0
10184 0 0
10194 0 0
10186 0 0
10188 0 0
10174 0 0
10190 0 0
10186 0 0
10188 0 0
10180 0 0
10184 0 0
10176 0 0
10172 0 0
10168 0 0
10170 0 0
10178 0 0
10182 0 0
10166 0 0
10178 0 0
10170 0 0
10152 0 0
10144 0 0
10146 0 0
10146 0 0
10146 0 0
10134 0 0
10152 0 0
10142 0 0
10136 0 0
10154 0 0
10142 0 0
10152 0 0
10146 0 0
10154 0 0
10154 0 0
10146 0 0
10150 0 0
10148 0 0
10158 0 0
10154 0 0
10160 0 0
10164 0 0
10160 0 0
10148 0 0
10168 0 0
10172 0 0
10174 0 0
10184 0 0
10166 0 0
10182 0 0
10182 0 0
10186 0 0
10178 0 0
10182 0 0
10180 0 0
10180 0 0
10178 0 0
10190 0 0
10184 0 0
10176 0 0
10194 0 0
10184 0 0
10194 0 0
10206 0 0
10196 0 0
10198 0 0
10190 0 0
10190 0 0
10192 0 0
10162 0 0
10168 0 0
10160 0 0
10174 0 0
10156 0 0
10174 0 0
10162 0 0
10154 0 0
10150 0 0
10146 0 0
10138 0 0
10150 0 0
10132 0 0
10134 0 0
10136 0 0
10134 0 0
10134 0 0
10126 0 0
10130 0 0
10134 0 0
10114 0 0
10118 0 0
10120 0 0
10110 0 0
10122 0 0
10116 0 0
10122 0 0
10128 0 0
10114 0 0
10126 0 0
10112 0 0
10122 0 0
10110 0 0
10124 0 0
10122 0 0
10116 0 0
10114 0 0
10124 0 0
10112 0 0
10126 0 0
10124 0 0
10118 0 0
10128 0 0
10122 0 0
10130 0 0
10126 0 0
10126 0 0
10128 0 0
10132 0 0
10128 0 0
10126 0 0
10134 0 0
10138 0 0
10132 0 0
10124 0 0
10142 0 0
10122 0 0
10144 0 0
10140 0 0
10144 0 0
10131 0 0
10135 0 0
10141 0 0
10143 0 0
10131 0 0
10141 0 0
10141 0 0
10139 0 0
10143 0 0
10151 0 0
10137 0 0
10135 0 0
10147 0 0
10135 0 0
10141 0 0
10137 0 0
10115 0 0
10127 0 0
10127 0 0
10121 0 0
10117 0 0
10117 0 0
10117 0 0
10123 0 0
10105 0 0
10111 0 0
10115 0 0
10115 0 0
10129 0 0
10119 0 0
10125 0 0
10125 0 0
10121 0 0
10123 0 0
10119 0 0
10119 0 0
10109 0 0
10109 0 0
10111 0 0
10109 0 0
10107 0 0
10105 0 0
10095 0 0
10115 0 0
10109 0 0
10107 0 0
10109 0 0
10105 0 0
10121 0 0
10121 0 0
10115 0 0
10125 0 0
10121 0 0
10121 0 0
10115 0 0
10131 0 0
10133 0 0
10133 0 0
10129 0 0
10141 0 0
10137 0 0
10139 0 0
10141 0 0
10147 0 0
10135 0 0
10135 0 0
10147 0 0
10143 0 0
10121 0 0
10131 0 0
10125 0 0
10125 0 0
10115 0 0
10117 0 0
10119 0 0
10107 0 0
10107 0 0
10097 0 0
10101 0 0
10105 0 0
10087 0 0
10095 0 0
10095 0 0
10091 0 0
10079 0 0
10091 0 0
10077 0 0
10089 0 0
10081 0 0
10079 0 0
10073 0 0
10077 0 0
10081 0 0
10083 0 0
10093 0 0
10097 0 0
10095 0 0
10105 0 0
10111 0 0
10113 0 0
10103 0 0
10109 0 0
10115 0 0
10113 0 0
10109 0 0
10109 0 0
10099 0 0
10107 0 0
10101 0 0
10109 0 0
10119 0 0
10113 0 0
10119 0 0
10117 0 0
10115 0 0
10127 0 0
10123 0 0
10131 0 0
10123 0 0
10125 0 0
10127 0 0
10123 0 0
10107 0 0
10119 0 0
10103 0 0
10115 0 0
10113 0 0
10121 0 0
10117 0 0
10107 0 0
10101 0 0
10113 0 0
10087 0 0
10091 0 0
10089 0 0
10085 0 0
10095 0 0
10095 0 0
10087 0 0
10093 0 0
10097 0 0
10091 0 0
10101 0 0
10109 0 0
10095 0 0
10109 0 0
10113 0 0
10103 0 0
10111 0 0
10099 0 0
10103 0 0
10111 0 0
10101 0 0
10099 0 0
10111 0 0
10113 0 0
10121 0 0
10117 0 0
10109 0 0
10115 0 0
10115 0 0
10115 0 0
10117 0 0
10123 0 0
10105 0 0
10107 0 0
10103 0 0
10115 0 0
10101 0 0
10113 0 0
10101 0 0
10115 0 0
10117 0 0
10113 0 0
10127 0 0
10109 0 0
10109 0 0
10115 0 0
10109 0 0
10111 0 0
10109 0 0
10111 0 0
10107 0 0
10113 0 0
10101 0 0
10099 0 0
10079 0 0
10085 0 0
10071 0 0
10075 0 0
10073 0 0
10075 0 0
10063 0 0
10077 0 0
10069 0 0
10073 0 0
10045 0 0
10063 0 0
10061 0 0
10065 0 0
10065 0 0
10079 0 0
10073 0 0
10065 0 0
10055 0 0
10063 0 0
10065 0 0
10073 0 0
10047 0 0
10053 0 0
10051 0 0
10035 0 0
10045 0 0
10033 0 0
10031 0 0
10041 0 0
10037 0 0
10047 0 0
10045 0 0
10039 0 0
10051 0 0
10043 0 0
10059 0 0
10055 0 0
10055 0 0
10071 0 0
10053 0 0
10055 0 0
10065 0 0
10065 0 0
10073 0 0
10061 0 0
10055 0 0
10071 0 0
10055 0 0
10069 0 0
10059 0 0
10053 0 0
10063 0 0
10051 0 0
10065 0 0
10065 0 0
10059 0 0
10063 0 0
10057 0 0
10059 0 0
10063 0 0
10063 0 0
10067 0 0
10063 0 0
10057 0 0
10047 0 0
10051 0 0
10061 0 0
10055 0 0
10071 0 0
10063 0 0
10063 0 0
10081 0 0
10073 0 0
10049 0 0
10063 0 0
10059 0 0
10065 0 0
10055 0 0
10059 0 0
10049 0 0
10055 0 0
10055 0 0
10053 0 0
10053 0 0
10053 0 0
10043 0 0
10063 0 0
10061 0 0
10049 0 0
10055 0 0
10043 0 0
10049 0 0
10057 0 0
10055 0 0
10047 0 0
10047 0 0
10053 0 0
10061 0 0
10049 0 0
10053 0 0
10059 0 0
10055 0 0
10055 0 0
10047 0 0
10047 0 0
10051 0 0
10053 0 0
10041 0 0
10047 0 0
10047 0 0
10055 0 0
10033 0 0
10041 0 0
10035 0 0
10027 0 0
10035 0 0
10019 0 0
10035 0 0
10037 0 0
10045 0 0
10047 0 0
10043 0 0
10039 0 0
10047 0 0
10055 0 0
10045 0 0
10045 0 0
10039 0 0
10047 0 0
10043 0 0
10047 0 0
10047 0 0
10063 0 0
10047 0 0
10055 0 0
10063 0 0
10071 0 0
10063 0 0
10071 0 0
10049 0 0
10059 0 0
10055 0 0
10073 0 0
10055 0 0
10051 0 0
10051 0 0
10047 0 0
10059 0 0
10059 0 0
10045 0 0
10045 0 0
10053 0 0
10043 0 0
10035 0 0
10045 0 0
10039 0 0
10043 0 0
10039 0 0
10035 0 0
10043 0 0
10039 0 0
10047 0 0
10041 0 0
10045 0 0
10059 0 0
10049 0 0
10061 0 0
10049 0 0
10053 0 0
10065 0 0
10053 0 0
10059 0 0
10061 0 0
10065 0 0
10059 0 0
10045 0 0
10065 0 0
10059 0 0
10059 0 0
10061 0 0
10051 0 0
10079 0 0
10079 0 0
10069 0 0
10079 0 0
10075 0 0
10069 0 0
10077 0 0
10087 0 0
10097 0 0
10091 0 0
10079 0 0
10079 0 0
10085 0 0
10099 0 0
10091 0 0
10093 0 0
10093 0 0
10093 0 0
10095 0 0
10103 0 0
10079 0 0
10097 0 0
10081 0 0
10097 0 0
10091 0 0
10099 0 0
10091 0 0
10091 0 0
10099 0 0
10103 0 0
10105 0 0
10111 0 0
10093 0 0
10107 0 0
10113 0 0
10101 0 0
10109 0 0
10101 0 0
10101 0 0
10111 0 0
10111 0 0
10103 0 0
10101 0 0
10105 0 0
10123 0 0
10115 0 0
10119 0 0
10113 0 0
10113 0 0
10129 0 0
10127 0 0
10129 0 0
10135 0 0
10139 0 0
10143 0 0
10141 0 0
10135 0 0
10151 0 0
10141 0 0
10161 0 0
10161 0 0
10153 0 0
10165 0 0
10145 0 0
10163 0 0
10157 0 0
10161 0 0
10151 0 0
10159 0 0
10159 0 0
10159 0 0
10163 0 0
10171 0 0
10161 0 0
10149 0 0
10161 0 0
10151 0 0
10159 0 0
10157 0 0
10163 0 0
10161 0 0
10161 0 0
10163 0 0
10173 0 0
10149 0 0
10159 0 0
10147 0 0
10159 0 0
10147 0 0
10155 0 0
10143 0 0
10139 0 0
10139 0 0
10139 0 0
10141 0 0
10139 0 0
10125 0 0
10129 0 0
10127 0 0
10115 0 0
10121 0 0
10117 0 0
10127 0 0
10127 0 0
10137 0 0
10143 0 0
10131 0 0
10137 0 0
10147 0 0
10147 0 0
10147 0 0
10147 0 0
10145 0 0
10157 0 0
10149 0 0
10151 0 0
10149 0 0
10151 0 0
10153 0 0
10155 0 0
10155 0 0
10165 0 0
10143 0 0
10157 0 0
10149 0 0
10143 0 0
10155 0 0
10143 0 0
10137 0 0
10147 0 0
10145 0 0
10153 0 0
10159 0 0
10147 0 0
10149 0 0
10151 0 0
10157 0 0
10143 0 0
10139 0 0
10133 0 0
10135 0 0
10145 0 0
10137 0 0
10145 0 0
10135 0 0
10151 0 0
10151 0 0
10151 0 0
10127 0 0
10141 0 0
10135 0 0
10143 0 0
10147 0 0
10153 0 0
10145 0 0
10133 0 0
10139 0 0
10137 0 0
10135 0 0
10137 0 0
10131 0 0
10133 0 0
10141 0 0
10137 0 0
10129 0 0
10123 0 0
10121 0 0
10123 0 0
10129 0 0
10121 0 0
10117 0 0
10123 0 0
10135 0 0
10133 0 0
10141 0 0
10137 0 0
10127 0 0
10141 0 0
10131 0 0
10137 0 0
10131 0 0
10129 0 0
10129 0 0
10133 0 0
10133 0 0
10147 0 0
10133 0 0
10153 0 0
10147 0 0
10139 0 0
10137 0 0
10137 0 0
10153 0 0
10153 0 0
10141 0 0
10141 0 0
10143 0 0
10139 0 0
10141 0 0
10151 0 0
10143 0 0
10139 0 0
10147 0 0
10141 0 0
10137 0 0
10141 0 0
10149 0 0
10151 0 0
10141 0 0
10145 0 0
10151 0 0
10149 0 0
10129 0 0
10131 0 0
10131 0 0
10139 0 0
10135 0 0
10135 0 0
10133 0 0
10127 0 0
10135 0 0
10129 0 0
10127 0 0
10127 0 0
10113 0 0
10119 0 0
10117 0 0
10115 0 0
10111 0 0
10117 0 0
10111 0 0
10135 0 0
10131 0 0
10127 0 0
10123 0 0
10127 0 0
10137 0 0
10135 0 0
10127 0 0
10139 0 0
10133 0 0
10129 0 0
10129 0 0
10133 0 0
10127 0 0
10139 0 0
10143 0 0
10147 0 0
10147 0 0
10143 0 0
10129 0 0
10131 0 0
10131 0 0
10135 0 0
10143 0 0
10117 0 0
10131 0 0
10135 0 0
10145 0 0
10135 0 0
10133 0 0
10129 0 0
10133 0 0
10141 0 0
10139 0 0
10141 0 0
10133 0 0
10133 0 0
10139 0 0
10149 0 0
10153 0 0
10147 0 0
10151 0 0
10149 0 0
10155 0 0
10149 0 0
10139 0 0
10149 0 0
10135 0 0
10147 0 0
10141 0 0
10161 0 0
10137 0 0
10141 0 0
10141 0 0
10128 0 0
10140 0 0
10142 0 0
10132 0 0
10136 0 0
10132 0 0
10130 0 0
10124 0 0
10116 0 0
10114 0 0
10126 0 0
10118 0 0
10118 0 0
10120 0 0
10122 0 0
10128 0 0
10128 0 0
10128 0 0
10136 0 0
10132 0 0
10134 0 0
10134 0 0
10132 0 0
10132 0 0
10138 0 0
10150 0 0
10144 0 0
10140 0 0
10146 0 0
10136 0 0
10142 0 0
10136 0 0
10136 0 0
10148 0 0
10136 0 0
10144 0 0
10146 0 0
10144 0 0
10136 0 0
10144 0 0
10142 0 0
10148 0 0
10152 0 0
10150 0 0
10150 0 0
10134 0 0
10150 0 0
10140 0 0
10154 0 0
10168 0 0
10170 0 0
10162 0 0
10170 0 0
10166 0 0
10166 0 0
10150 0 0
10156 0 0
10146 0 0
10158 0 0
10144 0 0
10150 0 0
10140 0 0
10140 0 0
10142 0 0
10148 0 0
10144 0 0
10146 0 0
10128 0 0
10138 0 0
10138 0 0
10136 0 0
10126 0 0
10122 0 0
10128 0 0
10140 0 0
10126 0 0
10126 0 0
10126 0 0
10128 0 0
10136 0 0
10128 0 0
10130 0 0
10130 0 0
10132 0 0
10134 0 0
10142 0 0
10136 0 0
10130 0 0
10134 0 0
10142 0 0
10140 0 0
10130 0 0
10130 0 0
10120 0 0
10128 0 0
10126 0 0
10126 0 0
10136 0 0
10122 0 0
10136 0 0
10126 0 0
10128 0 0
10126 0 0
10138 0 0
10134 0 0
10134 0 0
10140 0 0
10136 0 0
10138 0 0
10122 0 0
10138 0 0
10122 0 0
10140 0 0
10146 0 0
10150 0 0
10144 0 0
10152 0 0
10154 0 0
10158 0 0
10142 0 0
10142 0 0
10138 0 0
10142 0 0
10138 0 0
10144 0 0
10140 0 0
10144 0 0
10144 0 0
10150 0 0
10156 0 0
10162 0 0
10144 0 0
10158 0 0
10160 0 0
10156 0 0
10142 0 0
10144 0 0
10146 0 0
10162 0 0
10150 0 0
10146 0 0
10148 0 0
10146 0 0
10162 0 0
10150 0 0
10150 0 0
10154 0 0
10154 0 0
10156 0 0
10164 0 0
10160 0 0
10160 0 0
10166 0 0
10174 0 0
10172 0 0
10164 0 0
10170 0 0
10164 0 0
10174 0 0
10164 0 0
10170 0 0
10176 0 0
10164 0 0
10178 0 0
10178 0 0
10174 0 0
10172 0 0
10182 0 0
10182 0 0
10186 0 0
10184 0 0
10182 0 0
10178 0 0
10164 0 0
10176 0 0
10158 0 0
10178 0 0
10188 0 0
10184 0 0
10178 0 0
10192 0 0
10188 0 0
10186 0 0
10170 0 0
10174 0 0
10170 0 0
10176 0 0
10170 0 0
10174 0 0
10174 0 0
10172 0 0
10174 0 0
10184 0 0
10188 0 0
10190 0 0
10176 0 0
10188 0 0
10188 0 0
10186 0 0
10178 0 0
10170 0 0
10172 0 0
10186 0 0
10168 0 0
10168 0 0
10172 0 0
10174 0 0
10184 0 0
10174 0 0
10176 0 0
10184 0 0
10188 0 0
10190 0 0
10192 0 0
10188 0 0
10178 0 0
10184 0 0
10194 0 0
10186 0 0
10184 0 0
10184 0 0
10178 0 0
10180 0 0
10182 0 0
10184 0 0
10192 0 0
10176 0 0
10194 0 0
10186 0 0
10186 0 0
10186 0 0
10196 0 0
10190 0 0
10192 0 0
10196 0 0
10190 0 0
10188 0 0
10176 0 0
10192 0 0
10178 0 0
10198 0 0
10204 0 0
10204 0 0
10194 0 0
10210 0 0
10206 0 0
10204 0 0
10192 0 0
10192 0 0
10186 0 0
10186 0 0
10180 0 0
10186 0 0
10184 0 0
10184 0 0
10188 0 0
10196 0 0
10200 0 0
10204 0 0
10188 0 0
10200 0 0
10200 0 0
10198 0 0
10190 0 0
10184 0 0
10186 0 0
10200 0 0
10182 0 0
10182 0 0
10182 0 0
10188 0 0
10196 0 0
10186 0 0
10184 0 0
10194 0 0
10196 0 0
10198 0 0
10200 0 0
10198 0 0
10192 0 0
10198 0 0
10208 0 0
10202 0 0
10200 0 0
10204 0 0
10200 0 0
10204 0 0
10198 0 0
10208 0 0
10216 0 0
10204 0 0
10224 0 0
10218 0 0
10218 0 0
10218 0 0
10228 0 0
10218 0 0
10220 0 0
10222 0 0
10218 0 0
10216 0 0
10204 0 0
10218 0 0
10200 0 0
10224 0 0
10232 0 0
10230 0 0
10220 0 0
10236 0 0
10230 0 0
10228 0 0
10214 0 0
10214 0 0
10206 0 0
10208 0 0
10200 0 0
10208 0 0
10208 0 0
10208 0 0
10208 0 0
10220 0 0
10224 0 0
10226 0 0
10210 0 0
10220 0 0
10220 0 0
10216 0 0
10210 0 0
10204 0 0
10204 0 0
10216 0 0
10198 0 0
10196 0 0
10192 0 0
10198 0 0
10208 0 0
10198 0 0
10198 0 0
10208 0 0
10210 0 0
10214 0 0
10216 0 0
10214 0 0
10206 0 0
10212 0 0
10224 0 0
10216 0 0
10214 0 0
10214 0 0
10206 0 0
10216 0 0
10208 0 0
10216 0 0
10222 0 0
10218 0 0
10232 0 0
10228 0 0
10228 0 0
10228 0 0
10236 0 0
10236 0 0
10238 0 0
10244 0 0
10238 0 0
10238 0 0
10224 0 0
10242 0 0
10228 0 0
10250 0 0
10260 0 0
10258 0 0
10248 0 0
10264 0 0
10256 0 0
10258 0 0
10240 0 0
10244 0 0
10230 0 0
10236 0 0
10228 0 0
10240 0 0
10236 0 0
10236 0 0
10238 0 0
10248 0 0
10250 0 0
10252 0 0
10236 0 0
10246 0 0
10246 0 0
10244 0 0
10234 0 0
10230 0 0
10226 0 0
10240 0 0
10226 0 0
10220 0 0
10222 0 0
10228 0 0
10230 0 0
10226 0 0
10222 0 0
10232 0 0
10232 0 0
10236 0 0
10234 0 0
10232 0 0
10226 0 0
10234 0 0
10244 0 0
10238 0 0
10234 0 0
10238 0 0
10228 0 0
10234 0 0
10230 0 0
10234 0 0
10240 0 0
10232 0 0
10248 0 0
10244 0 0
10244 0 0
10242 0 0
10254 0 0
10246 0 0
10250 0 0
10254 0 0
10244 0 0
10244 0 0
10230 0 0
10246 0 0
10230 0 0
10250 0 0
10260 0 0
10258 0 0
10248 0 0
10264 0 0
10256 0 0
10258 0 0
10240 0 0
10244 0 0
10230 0 0
10236 0 0
10228 0 0
10240 0 0
10236 0 0
10236 0 0
10238 0 0
10248 0 0
10250 0 0
10252 0 0
10236 0 0
10246 0 0
10246 0 0
10244 0 0
10234 0 0
10230 0 0
10226 0 0
10240 0 0
10226 0 0
10220 0 0
10222 0 0
10228 0 0
10230 0 0
10226 0 0
10222 0 0
10232 0 0
10232 0 0
10236 0 0
10234 0 0
10232 0 0
10226 0 0
10234 0 0
10244 0 0
10238 0 0
10234 0 0
10238 0 0
10228 0 0
10234 0 0
10230 0 0
10234 0 0
10240 0 0
10232 0 0
10248 0 0
10244 0 0
10244 0 0
10242 0 0
10254 0 0
10246 0 0
10250 0 0
10254 0 0
10244 0 0
10244 0 0
10230 0 0
10246 0 0
10230 0 0
10250 0 0
10260 0 0
10258 0 0
10248 0 0
10264 0 0
10256 0 0
10258 0 0
10240 0 0
10244 0 0
10230 0 0
10236 0 0
10228 0 0
10240 0 0
10236 0 0
10236 0 0
10238 0 0
10248 0 0
10250 0 0
10252 0 0
10236 0 0
10246 0 0
10246 0 0
10244 0 0
10234 0 0
10230 0 0
10226 0 0
10240 0 0
10226 0 0
10220 0 0
10222 0 0
10228 0 0
10230 0 0
10226 0 0
10222 0 0
10232 0 0
10232 0 0
10236 0 0
10234 0 0
10232 0 0
10226 0 0
10234 0 0
10244 0 0
10238 0 0
10234 0 0
10238 0 0
10228 0 0
10234 0 0
10230 0 0
10234 0 0
10240 0 0
10232 0 0
10248 0 0
10244 0 0
10244 0 0
10242 0 0
10254 0 0
10246 0 0
10250 0 0
10254 0 0
10244 0 0
10244 0 0
10230 0 0
10246 0 0
10230 0 0
10250 0 0
10260 0 0
10258 0 0
10248 0 0
10264 0 0
10256 0 0
10258 0 0
10240 0 0
10244 0 0
10230 0 0
10236 0 0
10228 0 0
10240 0 0
10236 0 0
10236 0 0
10238 0 0
10248 0 0
10250 0 0
10252 0 0
10236 0 0
10246 0 0
10246 0 0
10244 0 0
10234 0 0
10230 0 0
10226 0 0
10240 0 0
10226 0 0
10220 0 0
10222 0 0
10228 0 0
10230 0 0
10226 0 0
10222 0 0
10232 0 0
10232 0 0
10236 0 0
10234 0 0
10232 0 0
10226 0 0
10234 0 0
10244 0 0
10238 0 0
10234 0 0
10238 0 0
10228 0 0
10234 0 0
10230 0 0
10234 0 0
10240 0 0
10232 0 0
10248 0 0
10244 0 0
10244 0 0
10242 0 0
10254 0 0
10246 0 0
10250 0 0
10254 0 0
10244 0 0
10244 0 0
10230 0 0
10246 0 0
10230 0 0
10250 0 0
10260 0 0
10258 0 0
10248 0 0
10264 0 0
10256 0 0
10258 0 0
10240 0 0
10244 0 0
10230 0 0
10236 0 0
10228 0 0
10240 0 0
10236 0 0
10236 0 0
10238 0 0
10248 0 0
10250 0 0
10252 0 0
10236 0 0
10246 0 0
10246 0 0
10244 0 0
10234 0 0
10230 0 0
10226 0 0
10240 0 0
10226 0 0
10220 0 0
10222 0 0
10228 0 0
10230 0 0
10226 0 0
10222 0 0
10232 0 0
10232 0 0
10236 0 0
10234 0 0
10232 0 0
10226 0 0
10234 0 0
10244 0 0
10238 0 0
10234 0 0
10238 0 0
10228 0 0
10234 0 0
10230 0 0
10234 0 0
10240 0 0
10232 0 0
10248 0 0
10244 0 0
10244 0 0
10242 0 0
10254 0 0
10246 0 0
10250 0 0
10254 0 0
10244 0 0
10244 0 0
10230 0 0
10246 0 0
10230 0 0
10250 0 0
10260 0 0
10258 0 0
10248 0 0
10264 0 0
10256 0 0
10258 0 0
10240 0 0
10244 0 0
10230 0 0
10236 0 0
10228 0 0
10240 0 0
10236 0 0
10236 0 0
10238 0 0
10248 0 0
10250 0 0
10252 0 0
10236 0 0
10246 0 0
10246 0 0
10244 0 0
10234 0 0
10230 0 0
10226 0 0
10240 0 0
10226 0 0
10220 0 0
10222 0 0
10228 0 0
10230 0 0
10226 0 0
10222 0 0
10232 0 0
10232 0 0
10236 0 0
10234 0 0
10232 0 0
10226 0 0
10234 0 0
10244 0 0
10238 0 0
10234 0 0
10238 0 0
10228 0 0
10234 0 0
10230 0 0
10234 0 0
10240 0 0
10232 0 0
10248 0 0
10244 0 0
10244 0 0
10242 0 0
10254 0 0
10246 0 0
10250 0 0
10254 0 0
10244 0 0
10244 0 0
10230 0 0
10246 0 0
10230 0 0
10250 0 0
10260 0 0
10258 0 0
10248 0 0
10264 0 0
10256 0 0
10258 0 0
10240 0 0
10244 0 0
10230 0 0
10236 0 0
10228 0 0
10240 0 0
10236 0 0
10236 0 0
10238 0 0
10248 0 0
10250 0 0
10252 0 0
10236 0 0
10246 0 0
10246 0 0
10244 0 0
10234 0 0
10230 0 0
10226 0 0
10240 0 0
10226 0 0
10220 0 0
10222 0 0
10228 0 0
10230 0 0
10226 0 0
10222 0 0
10232 0 0
10232 0 0
10236 0 0
10234 0 0
10232 0 0
10226 0 0
10234 0 0
10244 0 0
10238 0 0
10234 0 0
10238 0 0
10228 0 0
10234 0 0
10230 0 0
10234 0 0
10240 0 0
10232 0 0
10248 0 0
10244 0 0
10244 0 0
10242 0 0
10254 0 0
10246 0 0
10250 0 0
10254 0 0
10244 0 0
10244 0 0
10230 0 0
10246 0 0
10230 0 0
10250 0 0
10260 0 0
10258 0 0
10248 0 0
10264 0 0
10256 0 0
10258 0 0
10240 0 0
10244 0 0
10230 0 0
10236 0 0
10228 0 0
10240 0 0
10236 0 0
10236 0 0
10238 0 0
10248 0 0
10250 0 0
10252 0 0
10236 0 0
10246 0 0
10246 0 0
10244 0 0
10234 0 0
10230 0 0
10226 0 0
10240 0 0
10226 0 0
10220 0 0
10222 0 0
10228 0 0
10230 0 0
10226 0 0
10222 0 0
10232 0 0
10232 0 0
10236 0 0
10234 0 0
10232 0 0
10226 0 0
10234 0 0
10244 0 0
10238 0 0
10234 0 0
10238 0 0
10228 0 0
10234 0 0
10230 0 0
10234 0 0
10240 0 0
10232 0 0
10248 0 0
10244 0 0
10244 0 0
10242 0 0
10254 0 0
10246 0 0
10250 0 0
10254 0 0
10244 0 0
10244 0 0
10230 0 0
10246 0 0
10230 0 0
10250 0 0
10260 0 0
10258 0 0
10248 0 0
10264 0 0
10256 0 0
10258 0 0
10240 0 0
10244 0 0
10230 0 0
10236 0 0
10228 0 0
10240 0 0
10236 0 0
10236 0 0
10238 0 0
10248 0 0
10250 0 0
10252 0 0
10236 0 0
10246 0 0
10246 0 0
10244 0 0
10234 0 0
10230 0 0
10226 0 0
10240 0 0
10226 0 0
10220 0 0
10222 0 0
10228 0 0
10230 0 0
10226 0 0
10222 0 0
10232 0 0
10232 0 0
10236 0 0
10234 0 0
10232 0 0
10226 0 0
10234 0 0
10244 0 0
10238 0 0
10234 0 0
10238 0 0
10228 0 0
10234 0 0
10230 0 0
10234 0 0
10240 0 0
10232 0 0
10248 0 0
10244 0 0
10244 0 0
10242 0 0
10254 0 0
10246 0 0
10250 0 0
10254 0 0
10244 0 0
10244 0 0
10230 0 0
10246 0 0
10230 0 0
10250 0 0
10260 0 0
10258 0 0
10248 0 0
10264 0 0
10256 0 0
10258 0 0
10240 0 0
10244 0 0
10230 0 0
10236 0 0
10228 0 0
10240 0 0
10236 0 0
10236 0 0
10238 0 0
10248 0 0
10250 0 0
10252 0 0
10236 0 0
10246 0 0
10246 0 0
10244 0 0
10234 0 0
10230 0 0
10226 0 0
10240 0 0
10226 0 0
10220 0 0
10222 0 0
10228 0 0
10230 0 0
10226 0 0
10222 0 0
10232 0 0
10232 0 0
10236 0 0
10234 0 0
10232 0 0
10226 0 0
10234 0 0
10244 0 0
10238 0 0
10234 0 0
10238 0 0
10228 0 0
10234 0 0
10230 0 0
10234 0 0
10240 0 0
10232 0 0
10248 0 0
10244 0 0
10244 0 0
10242 0 0
10254 0 0
10246 0 0
10250 0 0
10254 0 0
10244 0 0
10244 0 0
10230 0 0
10246 0 0
10230 0 0
10250 0 0
10260 0 0
10258 0 0
10248 0 0
10264 0 0
10256 0 0
10258 0 0
10240 0 0
10244 0 0
10230 0 0
10236 0 0
10228 0 0
10240 0 0
10236 0 0
10236 0 0
10238 0 0
10248 0 0
10250 0 0
10252 0 0
10236 0 0
10246 0 0
10246 0 0
10244 0 0
10234 0 0
10230 0 0
10226 0 0
10240 0 0
10226 0 0
10220 0 0
10222 0 0
10228 0 0
10230 0 0
10226 0 0
10222 0 0
10232 0 0
10232 0 0
10236 0 0
10234 0 0
10232 0 0
10226 0 0
10234 0 0
10244 0 0
10238 0 0
10234 0 0
10238 0 0
10228 0 0
10234 0 0
10230 0 0
10234 0 0
10240 0 0
10232 0 0
10248 0 0
10244 0 0
10244 0 0
10242 0 0
10254 0 0
10246 0 0
10250 0 0
10254 0 0
10244 0 0
10244 0 0
10230 0 0
10246 0 0
10230 0 0
10250 0 0
10260 0 0
10258 0 0
10248 0 0
10264 0 0
10256 0 0
10258 0 0
10240 0 0
10244 0 0
10230 0 0
10236 0 0
10228 0 0
10240 0 0
10236 0 0
10236 0 0
10238 0 0
10248 0 0
10250 0 0
10252 0 0
10236 0 0
10246 0 0
10246 0 0
10244 0 0
10234 0 0
10230 0 0
10226 0 0
10240 0 0
10226 0 0
10220 0 0
10222 0 0
10228 0 0
10230 0 0
10226 0 0
10222 0 0
10232 0 0
10232 0 0
10236 0 0
10234 0 0
10232 0 0
10226 0 0
10234 0 0
10244 0 0
10238 0 0
10234 0 0
10238 0 0
10228 0 0
10234 0 0
10230 0 0
10234 0 0
10240 0 0
10232 0 0
10248 0 0
10244 0 0
10244 0 0
10242 0 0
10254 0 0
10246 0 0
10250 0 0
10254 0 0
10244 0 0
10244 0 0
10230 0 0
10246 0 0
10230 0 0
10250 0 0
10260 0 0
10258 0 0
10248 0 0
10264 0 0
10256 0 0
10258 0 0
10240 0 0
10244 0 0
10230 0 0
10236 0 0
10228 0 0
10240 0 0
10236 0 0
10236 0 0
10238 0 0
10248 0 0
10250 0 0
10252 0 0
10236 0 0
10246 0 0
10246 0 0
10244 0 0
10234 0 0
10230 0 0
10226 0 0
10240 0 0
10226 0 0
10220 0 0
10222 0 0
10228 0 0
10230 0 0
10226 0 0
10222 0 0
10232 0 0
10232 0 0
10236 0 0
10234 0 0
10232 0 0
10226 0 0
10234 0 0
10244 0 0
10238 0 0
10234 0 0
10238 0 0
10228 0 0
10234 0 0
10230 0 0
10234 0 0
10240 0 0
10232 0 0
10248 0 0
10244 0 0
10244 0 0
10242 0 0
10254 0 0
10246 0 0
10250 0 0
10254 0 0
10244 0 0
10244 0 0
10230 0 0
10246 0 0
10230 0 0
10250 0 0
10260 0 0
10258 0 0
10248 0 0
10264 0 0
10256 0 0
10258 0 0
10240 0 0
10244 0 0
10230 0 0
10236 0 0
10228 0 0
10240 0 0
10236 0 0
10236 0 0
10238 0 0
10248 0 0
10250 0 0
10252 0 0
10236 0 0
10246 0 0
10246 0 0
10244 0 0
10234 0 0
10230 0 0
10226 0 0
10240 0 0
10226 0 0
10220 0 0
10222 0 0
10228 0 0
10230 0 0
10226 0 0
10222 0 0
10232 0 0
10232 0 0
10236 0 0
10234 0 0
10232 0 0
10226 0 0
10234 0 0
10244 0 0
10238 0 0
10234 0 0
10238 0 0
10228 0 0
10234 0 0
10230 0 0
10234 0 0
10240 0 0
10232 0 0
10248 0 0
10244 0 0
10244 0 0
10242 0 0
10254 0 0
10246 0 0
10250 0 0
10254 0 0
10244 0 0
10244 0 0
10230 0 0
10246 0 0
10230 0 0
10250 0 0
10260 0 0
10258 0 0
10248 0 0
10264 0 0
10256 0 0
10258 0 0
10240 0 0
10244 0 0
10230 0 0
10236 0 0
10228 0 0
10240 0 0
10236 0 0
10236 0 0
10238 0 0
10248 0 0
10250 0 0
10252 0 0
10236 0 0
10246 0 0
10246 0 0
10244 0 0
10234 0 0
10230 0 0
10226 0 0
10240 0 0
10226 0 0
10220 0 0
10222 0 0
10228 0 0
10230 0 0
10226 0 0
10222 0 0
10232 0 0
10232 0 0
10236 0 0
10234 0 0
10232 0 0
10226 0 0
10234 0 0
10244 0 0
10238 0 0
10234 0 0
10238 0 0
10228 0 0
10234 0 0
10230 0 0
10234 0 0
10240 0 0
10232 0 0
10248 0 0
10244 0 0
10244 0 0
10242 0 0
10254 0 0
10246 0 0
10250 0 0
10254 0 0
10244 0 0
10244 0 0
10230 0 0
10246 0 0
10230 0 0
10250 0 0
10260 0 0
10258 0 0
10248 0 0
10264 0 0
10256 0 0
10258 0 0
10240 0 0
10244 0 0
10230 0 0
10236 0 0
10228 0 0
10240 0 0
10236 0 0
10236 0 0
10238 0 0
10248 0 0
10250 0 0
10252 0 0
10236 0 0
10246 0 0
10246 0 0
10244 0 0
10234 0 0
10230 0 0
10226 0 0
10240 0 0
10226 0 0
10220 0 0
10222 0 0
10228 0 0
10230 0 0
10226 0 0
10222 0 0
10232 0 0
10232 0 0
10236 0 0
10234 0 0
10232 0 0
10226 0 0
10234 0 0
10244 0 0
10238 0 0
10234 0 0
10238 0 0
10228 0 0
10234 0 0
10230 0 0
10234 0 0
10240 0 0
10232 0 0
10248 0 0
10244 0 0
10244 0 0
10242 0 0
10254 0 0
10246 0 0
10250 0 0
10254 0 0
10244 0 0
10244 0 0
10230 0 0
10246 0 0
10230 0 0
10250 0 0
10260 0 0
10258 0 0
10248 0 0
10264 0 0
10256 0 0
10258 0 0
10240 0 0
10244 0 0
10230 0 0
10236 0 0
10228 0 0
10240 0 0
10236 0 0
10236 0 0
10238 0 0
10248 0 0
10250 0 0
10252 0 0
10236 0 0
10246 0 0
10246 0 0
10244 0 0
10234 0 0
10230 0 0
10226 0 0
10240 0 0
10226 0 0
10220 0 0
10222 0 0
10228 0 0
10230 0 0
10226 0 0
10222 0 0
10232 0 0
10232 0 0
10236 0 0
10234 0 0
10232 0 0
10226 0 0
10234 0 0
10244 0 0
10238 0 0
10234 0 0
10238 0 0
10228 0 0
10234 0 0
10230 0 0
10234 0 0
10240 0 0
10232 0 0
10248 0 0
10244 0 0
10244 0 0
10242 0 0
10254 0 0
10246 0 0
10250 0 0
10254 0 0
10244 0 0
10244 0 0
10230 0 0
10246 0 0
10230 0 0
10250 0 0
10260 0 0
10258 0 0
10248 0 0
10264 0 0
10256 0 0
10258 0 0
10240 0 0
10244 0 0
10230 0 0
10236 0 0
10228 0 0
10240 0 0
10236 0 0
10236 0 0
10238 0 0
10248 0 0
10250 0 0
10252 0 0
10236 0 0
10246 0 0
10246 0 0
10244 0 0
10234 0 0
10230 0 0
10226 0 0
10240 0 0
10226 0 0
10220 0 0
10222 0 0
10228 0 0
10230 0 0
10226 0 0
10222 0 0
10232 0 0
10232 0 0
10236 0 0
10234 0 0
10232 0 0
10226 0 0
10234 0 0
10244 0 0
10238 0 0
10234 0 0
10238 0 0
10228 0 0
10234 0 0
10230 0 0
10234 0 0
10240 0 0
10232 0 0
10248 0 0
10244 0 0
10244 0 0
10242 0 0
10254 0 0
10246 0 0
10250 0 0
10254 0 0
10244 0 0
10244 0 0
10230 0 0
10246 0 0
10230 0 0
10250 0 0
10260 0 0
10258 0 0
10248 0 0
10264 0 0
10256 0 0
10258 0 0
10240 0 0
10244 0 0
10230 0 0
10236 0 0
10228 0 0
10240 0 0
10236 0 0
10236 0 0
10238 0 0
10248 0 0
10250 0 0
10252 0 0
10236 0 0
10246 0 0
10246 0 0
10244 0 0
10234 0 0
10230 0 0
10226 0 0
10240 0 0
10226 0 0
10220 0 0
10222 0 0
10228 0 0
10230 0 0
10226 0 0
10222 0 0
10232 0 0
10232 0 0
10236 0 0
10234 0 0
10232 0 0
10226 0 0
10234 0 0
10244 0 0
10238 0 0
10234 0 0
10238 0 0
10228 0 0
10234 0 0
10230 0 0
10234 0 0
10240 0 0
10232 0 0
10248 0 0
10244 0 0
10244 0 0
10242 0 0
10254 0 0
10246 0 0
10250 0 0
10254 0 0
10244 0 0
10244 0 0
10230 0 0
10246 0 0
10230 0 0
10250 0 0
10260 0 0
10258 0 0
10248 0 0
10264 0 0
10256 0 0
10258 0 0
10240 0 0
10244 0 0
10230 0 0
10236 0 0
10228 0 0
10240 0 0
10236 0 0
10236 0 0
10238 0 0
10248 0 0
10250 0 0
10252 0 0
10236 0 0
10246 0 0
10246 0 0
10244 0 0
10234 0 0
10230 0 0
10226 0 0
10240 0 0
10226 0 0
10220 0 0
10222 0 0
10228 0 0
10230 0 0
10226 0 0
10222 0 0
10232 0 0
10232 0 0
10236 0 0
10234 0 0
10232 0 0
10226 0 0
10234 0 0
10244 0 0
10238 0 0
10234 0 0
10238 0 0
10228 0 0
10234 0 0
10230 0 0
10234 0 0
10240 0 0
10232 0 0
10248 0 0
10244 0 0
10244 0 0
10242 0 0
10254 0 0
10246 0 0
10250 0 0
10254 0 0
10244 0 0
10244 0 0
10230 0 0
10246 0 0
10230 0 0
10250 0 0
10260 0 0
10258 0 0
10248 0 0
10264 0 0
10256 0 0
10258 0 0
10240 0 0
10244 0 0
10230 0 0
10236 0 0
10228 0 0
10240 0 0
10236 0 0
10236 0 0
10238 0 0
10248 0 0
10250 0 0
10252 0 0
10236 0 0
10246 0 0
10246 0 0
10244 0 0
10234 0 0
10230 0 0
10226 0 0
10240 0 0
10226 0 0
10220 0 0
10222 0 0
10228 0 0
10230 0 0
10226 0 0
10222 0 0
10232 0 0
10232 0 0
10236 0 0
10234 0 0
10232 0 0
10226 0 0
10234 0 0
10244 0 0
10238 0 0
10234 0 0
10238 0 0
10228 0 0
10234 0 0
10230 0 0
10234 0 0
10240 0 0
10232 0 0
10248 0 0
10244 0 0
10244 0 0
10242 0 0
10254 0 0
10246 0 0
10250 0 0
10254 0 0
10244 0 0
10244 0 0
10230 0 0
10246 0 0
10230 0 0
10250 0 0
10260 0 0
10258 0 0
10248 0 0
10264 0 0
10256 0 0
10258 0 0
10240 0 0
10244 0 0
10230 0 0
10236 0 0
10228 0 0
10240 0 0
10236 0 0
10236 0 0
10238 0 0
10248 0 0
10250 0 0
10252 0 0
10236 0 0
10246 0 0
10246 0 0
10244 0 0
10234 0 0
10230 0 0
10226 0 0
10240 0 0
10226 0 0
10220 0 0
10222 0 0
10228 0 0
10230 0 0
10226 0 0
10222 0 0
10232 0 0
10232 0 0
10236 0 0
10234 0 0
10232 0 0
10226 0 0
10234 0 0
10244 0 0
10238 0 0
10234 0 0
10238 0 0
10228 0 0
10234 0 0
10230 0 0
10234 0 0
10240 0 0
10232 0 0
10248 0 0
10244 0 0
10244 0 0
10242 0 0
10254 0 0
10246 0 0
10250 0 0
10254 0 0
10244 0 0
10244 0 0
10230 0 0
10246 0 0
10230 0 0
10250 0 0
10260 0 0
10258 0 0
10248 0 0
10264 0 0
10256 0 0
10258 0 0
10240 0 0
10244 0 0
10230 0 0
10236 0 0
10228 0 0
10240 0 0
10236 0 0
10236 0 0
10238 0 0
10248 0 0
10250 0 0
10252 0 0
10236 0 0
10246 0 0
10246 0 0
10244 0 0
10234 0 0
10230 0 0
10226 0 0
10240 0 0
10226 0 0
10220 0 0
10222 0 0
10228 0 0
10230 0 0
10226 0 0
10222 0 0
10232 0 0
10232 0 0
10236 0 0
10234 0 0
10232 0 0
10226 0 0
10234 0 0
10244 0 0
10238 0 0
10234 0 0
10238 0 0
10228 0 0
10234 0 0
10230 0 0
10234 0 0
10240 0 0
10232 0 0
10248 0 0
10244 0 0
10244 0 0
10242 0 0
10254 0 0
10246 0 0
10250 0 0
10254 0 0
10244 0 0
10244 0 0
10230 0 0
10246 0 0
10230 0 0
10250 0 0
10260 0 0
10258 0 0
10248 0 0
10264 0 0
10256 0 0
10258 0 0
10240 0 0
10244 0 0
10230 0 0
10236 0 0
10228 0 0
10240 0 0
10236 0 0
10236 0 0
10238 0 0
10248 0 0
10250 0 0
10252 0 0
10236 0 0
10246 0 0
10246 0 0
10244 0 0
10234 0 0
10230 0 0
10226 0 0
10240 0 0
10226 0 0
10220 0 0
10222 0 0
10228 0 0
10230 0 0
10226 0 0
10222 0 0
10232 0 0
10232 0 0
10236 0 0
10234 0 0
10232 0 0
10226 0 0
10234 0 0
10244 0 0
10238 0 0
10234 0 0
10238 0 0
10228 0 0
10234 0 0
10230 0 0
10234 0 0
10240 0 0
10232 0 0
10248 0 0
10244 0 0
10244 0 0
10242 0 0
10254 0 0
10246 0 0
10250 0 0
10254 0 0
10244 0 0
10244 0 0
10230 0 0
10246 0 0
10230 0 0
10250 0 0
10260 0 0
10258 0 0
10248 0 0
10264 0 0
10256 0 0
10258 0 0
10240 0 0
10244 0 0
10230 0 0
10236 0 0
10228 0 0
10240 0 0
10236 0 0
10236 0 0
10238 0 0
10248 0 0
10250 0 0
10252 0 0
10236 0 0
10246 0 0
10246 0 0
10244 0 0
10234 0 0
10230 0 0
10226 0 0
10240 0 0
10226 0 0
10220 0 0
10222 0 0
10228 0 0
10230 0 0
10226 0 0
10222 0 0
10232 0 0
10232 0 0
10236 0 0
10234 0 0
10232 0 0
10226 0 0
10234 0 0
10244 0 0
10238 0 0
10234 0 0
10238 0 0
10228 0 0
10234 0 0
10230 0 0
10234 0 0
10240 0 0
10232 0 0
10248 0 0
10244 0 0
10244 0 0
10242 0 0
10254 0 0
10246 0 0
10250 0 0
10254 0 0
10244 0 0
10244 0 0
10230 0 0
10246 0 0
10230 0 0
10250 0 0
10260 0 0
10258 0 0
10248 0 0
10264 0 0
10256 0 0
10258 0 0
10240 0 0
10244 0 0
10230 0 0
10236 0 0
10228 0 0
10240 0 0
10236 0 0
10236 0 0
10238 0 0
10248 0 0
10250 0 0
10252 0 0
10236 0 0
10246 0 0
10246 0 0
10244 0 0
10234 0 0
10230 0 0
10226 0 0
10240 0 0
10226 0 0
10220 0 0
10222 0 0
10228 0 0
10230 0 0
10226 0 0
10222 0 0
10232 0 0
10232 0 0
10236 0 0
10234 0 0
10232 0 0
10226 0 0
10234 0 0
10244 0 0
10238 0 0
10234 0 0
10238 0 0
10228 0 0
10234 0 0
10230 0 0
10234 0 0
10240 0 0
10232 0 0
10248 0 0
10244 0 0
10244 0 0
10242 0 0
10254 0 0
10246 0 0
10250 0 0
10254 0 0
10244 0 0
10244 0 0
10230 0 0
10246 0 0
10230 0 0
10250 0 0
10260 0 0
10258 0 0
10248 0 0
10264 0 0
10256 0 0
10258 0 0
10240 0 0
10244 0 0
10230 0 0
10236 0 0
10228 0 0
10240 0 0
10236 0 0
10236 0 0
10238 0 0
10248 0 0
10250 0 0
10252 0 0
10236 0 0
10246 0 0
10246 0 0
10244 0 0
10234 0 0
10230 0 0
10226 0 0
10240 0 0
10226 0 0
10220 0 0
10222 0 0
10228 0 0
10230 0 0
10226 0 0
10222 0 0
10232 0 0
10232 0 0
10236 0 0
10234 0 0
10232 0 0
10226 0 0
10234 0 0
10244 0 0
10238 0 0
10234 0 0
10238 0 0
10228 0 0
10234 0 0
10230 0 0
10234 0 0
10240 0 0
10232 0 0
10248 0 0
10244 0 0
10244 0 0
10242 0 0
10254 0 0
10246 0 0
10250 0 0
10254 0 0
10244 0 0
10244 0 0
10230 0 0
10246 0 0
10230 0 0
10250 0 0
10260 0 0
10258 0 0
10248 0 0
10264 0 0
10256 0 0
10258 0 0
10240 0 0
10244 0 0
10230 0 0
10236 0 0
10228 0 0
10240 0 0
10236 0 0
10236 0 0
10238 0 0
10248 0 0
10250 0 0
10252 0 0
10236 0 0
10246 0 0
10246 0 0
10244 0 0
10234 0 0
10230 0 0
10226 0 0
10240 0 0
10226 0 0
10220 0 0
10222 0 0
10228 0 0
10230 0 0
10226 0 0
10222 0 0
10232 0 0
10232 0 0
10236 0 0
10234 0 0
10232 0 0
10226 0 0
10234 0 0
10244 0 0
10238 0 0
10234 0 0
10238 0 0
10228 0 0
10234 0 0
10230 0 0
10234 0 0
10240 0 0
10232 0 0
10248 0 0
10244 0 0
10244 0 0
10242 0 0
10254 0 0
10246 0 0
10250 0 0
10254 0 0
10244 0 0
10244 0 0
10230 0 0
10246 0 0
10230 0 0
10250 0 0
10260 0 0
10258 0 0
10248 0 0
10264 0 0
10256 0 0
10258 0 0
10240 0 0
10244 0 0
10230 0 0
10236 0 0
10228 0 0
10240 0 0
10236 0 0
10236 0 0
10238 0 0
10248 0 0
10250 0 0
10252 0 0
10236 0 0
10246 0 0
10246 0 0
10244 0 0
10234 0 0
10230 0 0
10226 0 0
10240 0 0
10226 0 0
10220 0 0
10222 0 0
10228 0 0
10230 0 0
10226 0 0
10222 0 0
10232 0 0
10232 0 0
10236 0 0
10234 0 0
10232 0 0
10226 0 0
10234 0 0
10244 0 0
10238 0 0
10234 0 0
10238 0 0
10228 0 0
10234 0 0
10230 0 0
10234 0 0
10240 0 0
10232 0 0
10248 0 0
10244 0 0
10244 0 0
10242 0 0
10254 0 0
10246 0 0
10250 0 0
10254 0 0
10244 0 0
10244 0 0
10230 0 0
10246 0 0
10230 0 0
10250 0 0
10260 0 0
10258 0 0
10248 0 0
10264 0 0
10256 0 0
10258 0 0
10240 0 0
10244 0 0
10230 0 0
10236 0 0
10228 0 0
10240 0 0
10236 0 0
10236 0 0
10238 0 0
10248 0 0
10250 0 0
10252 0 0
10236 0 0
10246 0 0
10246 0 0
10244 0 0
10234 0 0
10230 0 0
10226 0 0
10240 0 0
10226 0 0
10220 0 0
10222 0 0
10228 0 0
10230 0 0
10226 0 0
10222 0 0
10232 0 0
10232 0 0
10236 0 0
10234 0 0
10232 0 0
10226 0 0
10234 0 0
10244 0 0
10238 0 0
10234 0 0
10238 0 0
10228 0 0
10234 0 0
10230 0 0
10234 0 0
10240 0 0
10232 0 0
10248 0 0
10244 0 0
10244 0 0
10242 0 0
10254 0 0
10246 0 0
10250 0 0
10254 0 0
10244 0 0
10244 0 0
10230 0 0
10246 0 0
10230 0 0
10250 0 0
10260 0 0
10258 0 0
10248 0 0
10264 0 0
10256 0 0
10258 0 0
10240 0 0
10244 0 0
10230 0 0
10236 0 0
10228 0 0
10240 0 0
10236 0 0
10236 0 0
10238 0 0
10248 0 0
10250 0 0
10252 0 0
10236 0 0
10246 0 0
10246 0 0
10244 0 0
10234 0 0
10230 0 0
10226 0 0
10240 0 0
10226 0 0
10220 0 0
10222 0 0
10228 0 0
10230 0 0
10226 0 0
10222 0 0
10232 0 0
10232 0 0
10236 0 0
10234 0 0
10232 0 0
10226 0 0
10234 0 0
10244 0 0
10238 0 0
10234 0 0
10238 0 0
10228 0 0
10234 0 0
10230 0 0
10234 0 0
10240 0 0
10232 0 0
10248 0 0
10244 0 0
10244 0 0
10242 0 0
10254 0 0
10246 0 0
10250 0 0
10254 0 0
10244 0 0
10244 0 0
10230 0 0
10246 0 0
10230 0 0
10250 0 0
10260 0 0
10258 0 0
10248 0 0
10264 0 0
10256 0 0
10258 0 0
10240 0 0
10244 0 0
10230 0 0
10236 0 0
10228 0 0
10240 0 0
10236 0 0
10236 0 0
10238 0 0
10248 0 0
10250 0 0
10252 0 0
10236 0 0
10246 0 0
10246 0 0
10244 0 0
10234 0 0
10230 0 0
10226 0 0
10240 0 0
10226 0 0
10220 0 0
10222 0 0
10228 0 0
10230 0 0
10226 0 0
10222 0 0
10232 0 0
10232 0 0
10236 0 0
10234 0 0
10232 0 0
10226 0 0
10234 0 0
10244 0 0
10238 0 0
10234 0 0
10238 0 0
10228 0 0
10234 0 0
10230 0 0
10234 0 0
10240 0 0
10232 0 0
10248 0 0
10244 0 0
10244 0 0
10242 0 0
10254 0 0
10246 0 0
10250 0 0
10254 0 0
10244 0 0
10244 0 0
10230 0 0
10246 0 0
10230 0 0
10250 0 0
10260 0 0
10258 0 0
10248 0 0
10264 0 0
10256 0 0
10258 0 0
10240 0 0
10244 0 0
10230 0 0
10236 0 0
10228 0 0
10240 0 0
10236 0 0
10236 0 0
10238 0 0
10248 0 0
10250 0 0
10252 0 0
10236 0 0
10246 0 0
10246 0 0
10244 0 0
10234 0 0
10230 0 0
10226 0 0
10240 0 0
10226 0 0
10220 0 0
10222 0 0
10228 0 0
10230 0 0
10226 0 0
10222 0 0
10232 0 0
10232 0 0
10236 0 0
10234 0 0
10232 0 0
10226 0 0
10234 0 0
10244 0 0
10238 0 0
10234 0 0
10238 0 0
10228 0 0
10234 0 0
10230 0 0
10234 0 0
10240 0 0
10232 0 0
10248 0 0
10244 0 0
10244 0 0
10242 0 0
10254 0 0
10246 0 0
10250 0 0
10254 0 0
10244 0 0
10244 0 0
10230 0 0
10246 0 0
10230 0 0
10250 0 0
10260 0 0
10258 0 0
10248 0 0
10264 0 0
10256 0 0
10258 0 0
10240 0 0
10244 0 0
10230 0 0
10236 0 0
10228 0 0
10240 0 0
10236 0 0
10236 0 0
10238 0 0
10248 0 0
10250 0 0
10252 0 0
10236 0 0
10246 0 0
10246 0 0
10244 0 0
10234 0 0
10230 0 0
10226 0 0
10240 0 0
10226 0 0
10220 0 0
10222 0 0
10228 0 0
10230 0 0
10226 0 0
10222 0 0
10232 0 0
10232 0 0
10236 0 0
10234 0 0
10232 0 0
10226 0 0
10234 0 0
10244 0 0
10238 0 0
10234 0 0
10238 0 0
10228 0 0
10234 0 0
10230 0 0
10234 0 0
10240 0 0
10232 0 0
10248 0 0
10244 0 0
10244 0 0
10242 0 0
10254 0 0
10246 0 0
10250 0 0
10254 0 0
10244 0 0
10244 0 0
10230 0 0
10246 0 0
10230 0 0
10250 0 0
10260 0 0
10258 0 0
10248 0 0
10264 0 0
10256 0 0
10258 0 0
10240 0 0
10244 0 0
10230 0 0
10236 0 0
10228 0 0
10240 0 0
10236 0 0
10236 0 0
10238 0 0
10248 0 0
10250 0 0
10252 0 0
10236 0 0
10246 0 0
10246 0 0
10244 0 0
10234 0 0
10230 0 0
10226 0 0
10240 0 0
10226 0 0
10220 0 0
10222 0 0
10228 0 0
10230 0 0
10226 0 0
10222 0 0
10232 0 0
10232 0 0
10236 0 0
10234 0 0
10232 0 0
10226 0 0
10234 0 0
10244 0 0
10238 0 0
10234 0 0
10238 0 0
10228 0 0
10234 0 0
10230 0 0
10234 0 0
10240 0 0
10232 0 0
10248 0 0
10244 0 0
10244 0 0
10242 0 0
10254 0 0
10246 0 0
10250 0 0
10254 0 0
10244 0 0
10244 0 0
10230 0 0
10246 0 0
10230 0 0
10250 0 0
10260 0 0
10258 0 0
10248 0 0
10264 0 0
10256 0 0
10258 0 0
10240 0 0
10244 0 0
10230 0 0
10236 0 0
10228 0 0
10240 0 0
10236 0 0
10236 0 0
10238 0 0
10248 0 0
10250 0 0
10252 0 0
10236 0 0
10246 0 0
10246 0 0
10244 0 0
10234 0 0
10230 0 0
10226 0 0
10240 0 0
10226 0 0
10220 0 0
10222 0 0
10228 0 0
10230 0 0
10226 0 0
10222 0 0
10232 0 0
10232 0 0
10236 0 0
10234 0 0
10232 0 0
10226 0 0
10234 0 0
10244 0 0
10238 0 0
10234 0 0
10238 0 0
10228 0 0
10234 0 0
10230 0 0
10234 0 0
10240 0 0
10232 0 0
10248 0 0
10244 0 0
10244 0 0
10242 0 0
10254 0 0
10246 0 0
10250 0 0
10254 0 0
10244 0 0
10244 0 0
10230 0 0
10246 0 0
10230 0 0
10250 0 0
10260 0 0
10258 0 0
10248 0 0
10264 0 0
10256 0 0
10258 0 0
10240 0 0
10244 0 0
10230 0 0
10236 0 0
10228 0 0
10240 0 0
10236 0 0
10236 0 0
10238 0 0
10248 0 0
10250 0 0
10252 0 0
10236 0 0
10246 0 0
10246 0 0
10244 0 0
10234 0 0
10230 0 0
10226 0 0
10240 0 0
10226 0 0
10220 0 0
10222 0 0
10228 0 0
10230 0 0
10226 0 0
10222 0 0
10232 0 0
10232 0 0
10236 0 0
10234 0 0
10232 0 0
10226 0 0
10234 0 0
10244 0 0
10238 0 0
10234 0 0
10238 0 0
10228 0 0
10234 0 0
10230 0 0
10234 0 0
10240 0 0
10232 0 0
10248 0 0
10244 0 0
10244 0 0
10242 0 0
10254 0 0
10246 0 0
10250 0 0
10254 0 0
10244 0 0
10244 0 0
10230 0 0
10246 0 0
10230 0 0
10250 0 0
10260 0 0
10258 0 0
10248 0 0
10264 0 0
10256 0 0
10258 0 0
10240 0 0
10244 0 0
10230 0 0
10236 0 0
10228 0 0
10240 0 0
10236 0 0
10236 0 0
10238 0 0
10248 0 0
10250 0 0
10252 0 0
10236 0 0
10246 0 0
10246 0 0
10244 0 0
10234 0 0
10230 0 0
10226 0 0
10240 0 0
10226 0 0
10220 0 0
10222 0 0
10228 0 0
10230 0 0
10226 0 0
10222 0 0
10232 0 0
10232 0 0
10236 0 0
10234 0 0
10232 0 0
10226 0 0
10234 0 0
10244 0 0
10238 0 0
10234 0 0
10238 0 0
10228 0 0
10234 0 0
10230 0 0
10234 0 0
10240 0 0
10232 0 0
10248 0 0
10244 0 0
10244 0 0
10242 0 0
10254 0 0
10246 0 0
10250 0 0
10254 0 0
10244 0 0
10244 0 0
10230 0 0
10246 0 0
10230 0 0
10250 0 0
10260 0 0
10258 0 0
10248 0 0
10264 0 0
10256 0 0
10258 0 0
10240 0 0
10244 0 0
10230 0 0
10236 0 0
10228 0 0
10240 0 0
10236 0 0
10236 0 0
10238 0 0
10248 0 0
10250 0 0
10252 0 0
10236 0 0
10246 0 0
10246 0 0
10244 0 0
10234 0 0
10230 0 0
10226 0 0
10240 0 0
10226 0 0
10220 0 0
10222 0 0
10228 0 0
10230 0 0
10226 0 0
10222 0 0
10232 0 0
10232 0 0
10236 0 0
10234 0 0
10232 0 0
10226 0 0
10234 0 0
10244 0 0
10238 0 0
10234 0 0
10238 0 0
10228 0 0
10234 0 0
10230 0 0
10234 0 0
10240 0 0
10232 0 0
10248 0 0
10244 0 0
10244 0 0
10242 0 0
10254 0 0
10246 0 0
10250 0 0
10254 0 0
10244 0 0
10244 0 0
10230 0 0
10246 0 0
10230 0 0
10250 0 0
10260 0 0
10258 0 0
10248 0 0
10264 0 0
10256 0 0
10258 0 0
10240 0 0
10244 0 0
10230 0 0
10236 0 0
10228 0 0
10240 0 0
10236 0 0
10236 0 0
10238 0 0
10248 0 0
10250 0 0
10252 0 0
10236 0 0
10246 0 0
10246 0 0
10244 0 0
10234 0 0
10230 0 0
10226 0 0
10240 0 0
10226 0 0
10220 0 0
10222 0 0
10228 0 0
10230 0 0
10226 0 0
10222 0 0
10232 0 0
10232 0 0
10236 0 0
10234 0 0
10232 0 0
10226 0 0
10234 0 0
10244 0 0
10238 0 0
10234 0 0
10238 0 0
10228 0 0
10234 0 0
10230 0 0
10234 0 0
10240 0 0
10232 0 0
10248 0 0
10244 0 0
10244 0 0
10242 0 0
10254 0 0
10246 0 0
10250 0 0
10254 0 0
10244 0 0
10244 0 0
10230 0 0
10246 0 0
10230 0 0
10250 0 0
10260 0 0
10258 0 0
10248 0 0
10264 0 0
10256 0 0
10258 0 0
10240 0 0
10244 0 0
10230 0 0
10236 0 0
10228 0 0
10240 0 0
10236 0 0
10236 0 0
10238 0 0
10248 0 0
10250 0 0
10252 0 0
10236 0 0
10246 0 0
10246 0 0
10244 0 0
10234 0 0
10230 0 0
10226 0 0
10240 0 0
10226 0 0
10220 0 0
10222 0 0
10228 0 0
10230 0 0
10226 0 0
10222 0 0
10232 0 0
10232 0 0
10236 0 0
10234 0 0
10232 0 0
10226 0 0
10234 0 0
10244 0 0
10238 0 0
10234 0 0
10238 0 0
10228 0 0
10234 0 0
10230 0 0
10234 0 0
10240 0 0
10232 0 0
10248 0 0
10244 0 0
10244 0 0
10242 0 0
10254 0 0
10246 0 0
10250 0 0
10254 0 0
10244 0 0
10244 0 0
10230 0 0
10246 0 0
10230 0 0
10250 0 0
10260 0 0
10258 0 0
10248 0 0
10264 0 0
10256 0 0
10258 0 0
10240 0 0
10244 0 0
10230 0 0
10236 0 0
10228 0 0
10240 0 0
10236 0 0
10236 0 0
10238 0 0
10248 0 0
10250 0 0
10252 0 0
10236 0 0
10246 0 0
10246 0 0
10244 0 0
10234 0 0
10230 0 0
10226 0 0
10240 0 0
10226 0 0
10220 0 0
10222 0 0
10228 0 0
10230 0 0
10226 0 0
10222 0 0
10232 0 0
10232 0 0
10236 0 0
10234 0 0
10232 0 0
10226 0 0
10234 0 0
10244 0 0
10238 0 0
10234 0 0
10238 0 0
10228 0 0
10234 0 0
10230 0 0
10234 0 0
10240 0 0
10232 0 0
10248 0 0
10244 0 0
10244 0 0
10242 0 0
10254 0 0
10246 0 0
10250 0 0
10254 0 0
10244 0 0
10244 0 0
10230 0 0
10246 0 0
10230 0 0
10250 0 0
10260 0 0
10258 0 0
10248 0 0
10264 0 0
10256 0 0
10258 0 0
10240 0 0
10244 0 0
10230 0 0
10236 0 0
10228 0 0
10240 0 0
10236 0 0
10236 0 0
10238 0 0
10248 0 0
10250 0 0
10252 0 0
10236 0 0
10246 0 0
10246 0 0
10244 0 0
10234 0 0
10230 0 0
10226 0 0
10240 0 0
10226 0 0
10220 0 0
10222 0 0
10228 0 0
10230 0 0
10226 0 0
10222 0 0
10232 0 0
10232 0 0
10236 0 0
10234 0 0
10232 0 0
10226 0 0
10234 0 0
10244 0 0
10238 0 0
10234 0 0
10238 0 0
10228 0 0
10234 0 0
10230 0 0
10234 0 0
10240 0 0
10232 0 0
10248 0 0
10244 0 0
10244 0 0
10242 0 0
10254 0 0
10246 0 0
10250 0 0
10254 0 0
10244 0 0
10244 0 0
10230 0 0
10246 0 0
10230 0 0
10250 0 0
10260 0 0
10258 0 0
10248 0 0
10264 0 0
10256 0 0
10258 0 0
10240 0 0
10244 0 0
10230 0 0
10236 0 0
10228 0 0
10240 0 0
10236 0 0
10236 0 0
10238 0 0
10248 0 0
10250 0 0
10252 0 0
10236 0 0
10246 0 0
10246 0 0
10244 0 0
10234 0 0
10230 0 0
10226 0 0
10240 0 0
10226 0 0
10220 0 0
10222 0 0
10228 0 0
10230 0 0
10226 0 0
10222 0 0
10232 0 0
10232 0 0
10236 0 0
10234 0 0
10232 0 0
10226 0 0
10234 0 0
10244 0 0
10238 0 0
10234 0 0
10238 0 0
10228 0 0
10234 0 0
10230 0 0
10234 0 0
10240 0 0
10232 0 0
10248 0 0
10244 0 0
10244 0 0
10242 0 0
10254 0 0
10246 0 0
10250 0 0
10254 0 0
10244 0 0
10244 0 0
10230 0 0
10246 0 0
10230 0 0
10250 0 0
10260 0 0
10258 0 0
10248 0 0
10264 0 0
10256 0 0
10258 0 0
10240 0 0
10244 0 0
10230 0 0
10236 0 0
10228 0 0
10240 0 0
10236 0 0
10236 0 0
10238 0 0
10248 0 0
10250 0 0
10252 0 0
10236 0 0
10246 0 0
10246 0 0
10244 0 0
10234 0 0
10230 0 0
10226 0 0
10240 0 0
10226 0 0
10220 0 0
10222 0 0
10228 0 0
10230 0 0
10226 0 0
10222 0 0
10232 0 0
10232 0 0
10236 0 0
10234 0 0
10232 0 0
10226 0 0
10234 0 0
10244 0 0
10238 0 0
10234 0 0
10238 0 0
10228 0 0
10234 0 0
10230 0 0
10234 0 0
10240 0 0
10232 0 0
10248 0 0
10244 0 0
10244 0 0
10242 0 0
10254 0 0
10246 0 0
10250 0 0
10254 0 0
10244 0 0
10244 0 0
10230 0 0
10246 0 0
10230 0 0
10250 0 0
10260 0 0
10258 0 0
10248 0 0
10264 0 0
10256 0 0
10258 0 0
10240 0 0
10244 0 0
10230 0 0
10236 0 0
10228 0 0
10240 0 0
10236 0 0
10236 0 0
10238 0 0
10248 0 0
10250 0 0
10252 0 0
10236 0 0
10246 0 0
10246 0 0
10244 0 0
10234 0 0
10230 0 0
10226 0 0
10240 0 0
10226 0 0
10220 0 0
10222 0 0
10228 0 0
10230 0 0
10226 0 0
10222 0 0
10232 0 0
10232 0 0
10236 0 0
10234 0 0
10232 0 0
10226 0 0
10234 0 0
10244 0 0
10238 0 0
10234 0 0
10238 0 0
10228 0 0
10234 0 0
10230 0 0
10234 0 0
10240 0 0
10232 0 0
10248 0 0
10244 0 0
10244 0 0
10242 0 0
10254 0 0
10246 0 0
10250 0 0
10254 0 0
10244 0 0
10244 0 0
10230 0 0
10246 0 0
10230 0 0
10250 0 0
10260 0 0
10258 0 0
10248 0 0
10264 0 0
10256 0 0
10258 0 0
10240 0 0
10244 0 0
10230 0 0
10236 0 0
10228 0 0
10240 0 0
10236 0 0
10236 0 0
10238 0 0
10248 0 0
10250 0 0
10252 0 0
10236 0 0
10246 0 0
10246 0 0
10244 0 0
10234 0 0
10230 0 0
10226 0 0
10240 0 0
10226 0 0
10220 0 0
10222 0 0
10228 0 0
10230 0 0
10226 0 0
10222 0 0
10232 0 0
10232 0 0
10236 0 0
10234 0 0
10232 0 0
10226 0 0
10234 0 0
10244 0 0
10238 0 0
10234 0 0
10238 0 0
10228 0 0
10234 0 0
10230 0 0
10234 0 0
10240 0 0
10232 0 0
10248 0 0
10244 0 0
10244 0 0
10242 0 0
10254 0 0
10246 0 0
10250 0 0
10254 0 0
10244 0 0
10244 0 0
10230 0 0
10246 0 0
10230 0 0
10250 0 0
10260 0 0
10258 0 0
10248 0 0
10264 0 0
10256 0 0
10258 0 0
10240 0 0
10244 0 0
10230 0 0
10236 0 0
10228 0 0
10240 0 0
10236 0 0
10236 0 0
10238 0 0
10248 0 0
10250 0 0
10252 0 0
10236 0 0
10246 0 0
10246 0 0
10244 0 0
10234 0 0
10230 0 0
10226 0 0
10240 0 0
10226 0 0
10220 0 0
10222 0 0
10228 0 0
10230 0 0
10226 0 0
10222 0 0
10232 0 0
10232 0 0
10236 0 0
10234 0 0
10232 0 0
10226 0 0
10234 0 0
10244 0 0
10238 0 0
10234 0 0
10238 0 0
10228 0 0
10234 0 0
10230 0 0
10234 0 0
10240 0 0
10232 0 0
10248 0 0
10244 0 0
10244 0 0
10242 0 0
10254 0 0
10246 0 0
10250 0 0
10254 0 0
10244 0 0
10244 0 0
10230 0 0
10246 0 0
10230 0 0
10250 0 0
10260 0 0
10258 0 0
10248 0 0
10264 0 0
10256 0 0
10258 0 0
10240 0 0
10244 0 0
10230 0 0
10236 0 0
10228 0 0
10240 0 0
10236 0 0
10236 0 0
10238 0 0
10248 0 0
10250 0 0
10252 0 0
10236 0 0
10246 0 0
10246 0 0
10244 0 0
10234 0 0
10230 0 0
10226 0 0
10240 0 0
10226 0 0
10220 0 0
10222 0 0
10228 0 0
10230 0 0
10226 0 0
10222 0 0
10232 0 0
10232 0 0
10236 0 0
10234 0 0
10232 0 0
10226 0 0
10234 0 0
10244 0 0
10238 0 0
10234 0 0
10238 0 0
10228 0 0
10234 0 0
10230 0 0
10234 0 0
10240 0 0
10232 0 0
10248 0 0
10244 0 0
10244 0 0
10242 0 0
10254 0 0
10246 0 0
10250 0 0
10254 0 0
10244 0 0
10244 0 0
10230 0 0
10246 0 0
10230 0 0
10250 0 0
10260 0 0
10258 0 0
10248 0 0
10264 0 0
10256 0 0
10258 0 0
10240 0 0
10244 0 0
10230 0 0
10236 0 0
10228 0 0
10240 0 0
10236 0 0
10236 0 0
10238 0 0
10248 0 0
10250 0 0
10252 0 0
10236 0 0
10246 0 0
10246 0 0
10244 0 0
10234 0 0
10230 0 0
10226 0 0
10240 0 0
10226 0 0
10220 0 0
10222 0 0
10228 0 0
10230 0 0
10226 0 0
10222 0 0
10232 0 0
10232 0 0
10236 0 0
10234 0 0
10232 0 0
10226 0 0
10234 0 0
10244 0 0
10238 0 0
10234 0 0
10238 0 0
10228 0 0
10234 0 0
10230 0 0
10234 0 0
10240 0 0
10232 0 0
10248 0 0
10244 0 0
10244 0 0
10242 0 0
10254 0 0
10246 0 0
10250 0 0
10254 0 0
10244 0 0
10244 0 0
10230 0 0
10246 0 0
10230 0 0
10250 0 0
10260 0 0
10258 0 0
10248 0 0
10264 0 0
10256 0 0
10258 0 0
10240 0 0
10244 0 0
10230 0 0
10236 0 0
10228 0 0
10240 0 0
10236 0 0
10236 0 0
10238 0 0
10248 0 0
10250 0 0
10252 0 0
10236 0 0
10246 0 0
10246 0 0
10244 0 0
10234 0 0
10230 0 0
10226 0 0
10240 0 0
10226 0 0
10220 0 0
10222 0 0
10228 0 0
10230 0 0
10226 0 0
10222 0 0
10232 0 0
10232 0 0
10236 0 0
10234 0 0
10232 0 0
10226 0 0
10234 0 0
10244 0 0
10238 0 0
10234 0 0
10238 0 0
10228 0 0
10234 0 0
10230 0 0
10234 0 0
10240 0 0
10232 0 0
10248 0 0
10244 0 0
10244 0 0
10242 0 0
10254 0 0
10246 0 0
10250 0 0
10254 0 0
10244 0 0
10244 0 0
10230 0 0
10246 0 0
10230 0 0
10250 0 0
10260 0 0
10258 0 0
10248 0 0
10264 0 0
10256 0 0
10258 0 0
10240 0 0
10244 0 0
10230 0 0
10236 0 0
10228 0 0
10240 0 0
10236 0 0
10236 0 0
10238 0 0
10248 0 0
10250 0 0
10252 0 0
10236 0 0
10246 0 0
10246 0 0
10244 0 0
10234 0 0
10230 0 0
10226 0 0
10240 0 0
10226 0 0
10220 0 0
10222 0 0
10228 0 0
10230 0 0
10226 0 0
10222 0 0
10232 0 0
10232 0 0
10236 0 0
10234 0 0
10232 0 0
10226 0 0
10234 0 0
10244 0 0
10238 0 0
10234 0 0
10238 0 0
10228 0 0
10234 0 0
10230 0 0
10234 0 0
10240 0 0
10232 0 0
10248 0 0
10244 0 0
10244 0 0
10242 0 0
10254 0 0
10246 0 0
10250 0 0
10254 0 0
10244 0 0
10244 0 0
10230 0 0
10246 0 0
10230 0 0
10250 0 0
10260 0 0
10258 0 0
10248 0 0
10264 0 0
10256 0 0
10258 0 0
10240 0 0
10244 0 0
10230 0 0
10236 0 0
10228 0 0
10240 0 0
10236 0 0
10236 0 0
10238 0 0
10248 0 0
10250 0 0
10252 0 0
10236 0 0
10246 0 0
10246 0 0
10244 0 0
10234 0 0
10230 0 0
10226 0 0
10240 0 0
10226 0 0
10220 0 0
10222 0 0
10228 0 0
10230 0 0
10226 0 0
10222 0 0
10232 0 0
10232 0 0
10236 0 0
10234 0 0
10232 0 0
10226 0 0
10234 0 0
10244 0 0
10238 0 0
10234 0 0
10238 0 0
10228 0 0
10234 0 0
10230 0 0
10234 0 0
10240 0 0
10232 0 0
10248 0 0
10244 0 0
10244 0 0
10242 0 0
10254 0 0
10246 0 0
10250 0 0
10254 0 0
10244 0 0
10244 0 0
10230 0 0
10246 0 0
10230 0 0
10250 0 0
10260 0 0
10258 0 0
10248 0 0
10264 0 0
10256 0 0
10258 0 0
10240 0 0
10244 0 0
10230 0 0
10236 0 0
10228 0 0
10240 0 0
10236 0 0
10236 0 0
10238 0 0
10248 0 0
10250 0 0
10252 0 0
10236 0 0
10246 0 0
10246 0 0
10244 0 0
10234 0 0
10230 0 0
10226 0 0
10240 0 0
10226 0 0
10220 0 0
10222 0 0
10228 0 0
10230 0 0
10226 0 0
10222 0 0
10232 0 0
10232 0 0
10236 0 0
10234 0 0
10232 0 0
10226 0 0
10234 0 0
10244 0 0
10238 0 0
10234 0 0
10238 0 0
10228 0 0
10234 0 0
10230 0 0
10234 0 0
10240 0 0
10232 0 0
10248 0 0
10244 0 0
10244 0 0
10242 0 0
10254 0 0
10246 0 0
10250 0 0
10254 0 0
10244 0 0
10244 0 0
10230 0 0
10246 0 0
10230 0 0
10250 0 0
10260 0 0
10258 0 0
10248 0 0
10264 0 0
10256 0 0
10258 0 0
10240 0 0
10244 0 0
10230 0 0
10236 0 0
10228 0 0
10240 0 0
10236 0 0
10236 0 0
10238 0 0
10248 0 0
10250 0 0
10252 0 0
10236 0 0
10246 0 0
10246 0 0
10244 0 0
10234 0 0
10230 0 0
10226 0 0
10240 0 0
10226 0 0
10220 0 0
10222 0 0
10228 0 0
10230 0 0
10226 0 0
10222 0 0
10232 0 0
10232 0 0
10236 0 0
10234 0 0
10232 0 0
10226 0 0
10234 0 0
10244 0 0
10238 0 0
10234 0 0
10238 0 0
10228 0 0
10234 0 0
10230 0 0
10234 0 0
10240 0 0
10232 0 0
10248 0 0
10244 0 0
10244 0 0
10242 0 0
10254 0 0
10246 0 0
10250 0 0
10254 0 0
10244 0 0
10244 0 0
10230 0 0
10246 0 0
10230 0 0
10250 0 0
10260 0 0
10258 0 0
10248 0 0
10264 0 0
10256 0 0
10258 0 0
10240 0 0
10244 0 0
10230 0 0
10236 0 0
10228 0 0
10240 0 0
10236 0 0
10236 0 0
10238 0 0
10248 0 0
10250 0 0
10252 0 0
10236 0 0
10246 0 0
10246 0 0
10244 0 0
10234 0 0
10230 0 0
10226 0 0
10240 0 0
10226 0 0
10220 0 0
10222 0 0
10228 0 0
10230 0 0
10226 0 0
10222 0 0
10232 0 0
10232 0 0
10236 0 0
10234 0 0
10232 0 0
10226 0 0
10234 0 0
10244 0 0
10238 0 0
10234 0 0
10238 0 0
10228 0 0
10234 0 0
10230 0 0
10234 0 0
10240 0 0
10232 0 0
10248 0 0
10244 0 0
10244 0 0
10242 0 0
10254 0 0
10246 0 0
10250 0 0
10254 0 0
10244 0 0
10244 0 0
10230 0 0
10246 0 0
10230 0 0
10250 0 0
10260 0 0
10258 0 0
10248 0 0
10264 0 0
10256 0 0
10258 0 0
10240 0 0
10244 0 0
10230 0 0
10236 0 0
10228 0 0
10240 0 0
10236 0 0
10236 0 0
10238 0 0
10248 0 0
10250 0 0
10252 0 0
10236 0 0
10246 0 0
10246 0 0
10244 0 0
10234 0 0
10230 0 0
10226 0 0
10240 0 0
10226 0 0
10220 0 0
10222 0 0
10228 0 0
10230 0 0
10226 0 0
10222 0 0
10232 0 0
10232 0 0
10236 0 0
10234 0 0
10232 0 0
10226 0 0
10234 0 0
10244 0 0
10238 0 0
10234 0 0
10238 0 0
10228 0 0
10234 0 0
10230 0 0
10234 0 0
10240 0 0
10232 0 0
10248 0 0
10244 0 0
10244 0 0
10242 0 0
10254 0 0
10246 0 0
10250 0 0
10254 0 0
10244 0 0
10244 0 0
10230 0 0
10246 0 0
10230 0 0
10250 0 0
10260 0 0
10258 0 0
10248 0 0
10264 0 0
10256 0 0
10258 0 0
10240 0 0
10244 0 0
10230 0 0
10236 0 0
10228 0 0
10240 0 0
10236 0 0
10236 0 0
10238 0 0
10248 0 0
10250 0 0
10252 0 0
10236 0 0
10246 0 0
10246 0 0
10244 0 0
10234 0 0
10230 0 0
10226 0 0
10240 0 0
10226 0 0
10220 0 0
10222 0 0
10228 0 0
10230 0 0
10226 0 0
10222 0 0
10232 0 0
10232 0 0
10236 0 0
10234 0 0
10232 0 0
10226 0 0
10234 0 0
10244 0 0
10238 0 0
10234 0 0
10238 0 0
10228 0 0
10234 0 0
10230 0 0
10234 0 0
10240 0 0
10232 0 0
10248 0 0
10244 0 0
10244 0 0
10242 0 0
10254 0 0
10246 0 0
10250 0 0
10254 0 0
10244 0 0
10244 0 0
10230 0 0
10246 0 0
10230 0 0
10250 0 0
10260 0 0
10258 0 0
10248 0 0
10264 0 0
10256 0 0
10258 0 0
10240 0 0
10244 0 0
10230 0 0
10236 0 0
10228 0 0
10240 0 0
10236 0 0
10236 0 0
10238 0 0
10248 0 0
10250 0 0
10252 0 0
10236 0 0
10246 0 0
10246 0 0
10244 0 0
10234 0 0
10230 0 0
10226 0 0
10240 0 0
10226 0 0
10220 0 0
10222 0 0
10228 0 0
10230 0 0
10226 0 0
10222 0 0
10232 0 0
10232 0 0
10236 0 0
10234 0 0
10232 0 0
10226 0 0
10234 0 0
10244 0 0
10238 0 0
10234 0 0
10238 0 0
10228 0 0
10234 0 0
10230 0 0
10234 0 0
10240 0 0
10232 0 0
10248 0 0
10244 0 0
10244 0 0
10242 0 0
10254 0 0
10246 0 0
10250 0 0
10254 0 0
10244 0 0
10244 0 0
10230 0 0
10246 0 0
10230 0 0
10250 0 0
10260 0 0
10258 0 0
10248 0 0
10264 0 0
10256 0 0
10258 0 0
10240 0 0
10244 0 0
10230 0 0
10236 0 0
10228 0 0
10240 0 0
10236 0 0
10236 0 0
10238 0 0
10248 0 0
10250 0 0
10252 0 0
10236 0 0
10246 0 0
10246 0 0
10244 0 0
10234 0 0
10230 0 0
10226 0 0
10240 0 0
10226 0 0
10220 0 0
10222 0 0
10228 0 0
10230 0 0
10226 0 0
10222 0 0
10232 0 0
10232 0 0
10236 0 0
10234 0 0
10232 0 0
10226 0 0
10234 0 0
10244 0 0
10238 0 0
10234 0 0
10238 0 0
10228 0 0
10234 0 0
10230 0 0
10234 0 0
10240 0 0
10232 0 0
10248 0 0
10244 0 0
10244 0 0
10242 0 0
10254 0 0
10246 0 0
10250 0 0
10254 0 0
10244 0 0
10244 0 0
10230 0 0
10246 0 0
10230 0 0
10250 0 0
10260 0 0
10258 0 0
10248 0 0
10264 0 0
10256 0 0
10258 0 0
10240 0 0
10244 0 0
10230 0 0
10236 0 0
10228 0 0
10240 0 0
10236 0 0
10236 0 0
10238 0 0
10248 0 0
10250 0 0
10252 0 0
10236 0 0
10246 0 0
10246 0 0
10244 0 0
10234 0 0
10230 0 0
10226 0 0
10240 0 0
10226 0 0
10220 0 0
10222 0 0
10228 0 0
10230 0 0
10226 0 0
10222 0 0
10232 0 0
10232 0 0
10236 0 0
10234 0 0
10232 0 0
10226 0 0
10234 0 0
10244 0 0
10238 0 0
10234 0 0
10238 0 0
10228 0 0
10234 0 0
10230 0 0
10234 0 0
10240 0 0
10232 0 0
10248 0 0
10244 0 0
10244 0 0
10242 0 0
10254 0 0
10246 0 0
10250 0 0
10254 0 0
10244 0 0
10244 0 0
10230 0 0
10246 0 0
10230 0 0
10250 0 0
10260 0 0
10258 0 0
10248 0 0
10264 0 0
10256 0 0
10258 0 0
10240 0 0
10244 0 0
10230 0 0
10236 0 0
10228 0 0
10240 0 0
10236 0 0
10236 0 0
10238 0 0
10248 0 0
10250 0 0
10252 0 0
10236 0 0
10246 0 0
10246 0 0
10244 0 0
10234 0 0
10230 0 0
10226 0 0
10240 0 0
10226 0 0
10220 0 0
10222 0 0
10228 0 0
10230 0 0
10226 0 0
10222 0 0
10232 0 0
10232 0 0
10236 0 0
10234 0 0
10232 0 0
10226 0 0
10234 0 0
10244 0 0
10238 0 0
10234 0 0
10238 0 0
10228 0 0
10234 0 0
10230 0 0
10234 0 0
10240 0 0
10232 0 0
10248 0 0
10244 0 0
10244 0 0
10242 0 0
10254 0 0
10246 0 0
10250 0 0
10254 0 0
10244 0 0
10244 0 0
10230 0 0
10246 0 0
10230 0 0
10250 0 0
10260 0 0
10258 0 0
10248 0 0
10264 0 0
10256 0 0
10258 0 0
10240 0 0
10244 0 0
10230 0 0
10236 0 0
10228 0 0
10240 0 0
10236 0 0
10236 0 0
10238 0 0
10248 0 0
10250 0 0
10252 0 0
10236 0 0
10246 0 0
10246 0 0
10244 0 0
10234 0 0
10230 0 0
10226 0 0
10240 0 0
10226 0 0
10220 0 0
10222 0 0
10228 0 0
10230 0 0
10226 0 0
10222 0 0
10232 0 0
10232 0 0
10236 0 0
10234 0 0
10232 0 0
10226 0 0
10234 0 0
10244 0 0
10238 0 0
10234 0 0
10238 0 0
10228 0 0
10234 0 0
10230 0 0
10234 0 0
10240 0 0
10232 0 0
10248 0 0
10244 0 0
10244 0 0
10242 0 0
10254 0 0
10246 0 0
10250 0 0
10254 0 0
10244 0 0
10244 0 0
10230 0 0
10246 0 0
10230 0 0
10250 0 0
10260 0 0
10258 0 0
10248 0 0
10264 0 0
10256 0 0
10258 0 0
10240 0 0
10244 0 0
10230 0 0
10236 0 0
10228 0 0
10240 0 0
10236 0 0
10236 0 0
10238 0 0
10248 0 0
10250 0 0
10252 0 0
10236 0 0
10246 0 0
10246 0 0
10244 0 0
10234 0 0
10230 0 0
10226 0 0
10240 0 0
10226 0 0
10220 0 0
10222 0 0
10228 0 0
10230 0 0
10226 0 0
10222 0 0
10232 0 0
10232 0 0
10236 0 0
10234 0 0
10232 0 0
10226 0 0
10234 0 0
10244 0 0
10238 0 0
10234 0 0
10238 0 0
10228 0 0
10234 0 0
10230 0 0
10234 0 0
10240 0 0
10232 0 0
10248 0 0
10244 0 0
10244 0 0
10242 0 0
10254 0 0
10246 0 0
10250 0 0
10254 0 0
10244 0 0
10244 0 0
10230 0 0
10246 0 0
10230 0 0
10250 0 0
10260 0 0
10258 0 0
10248 0 0
10264 0 0
10256 0 0
10258 0 0
10240 0 0
10244 0 0
10230 0 0
10236 0 0
10228 0 0
10240 0 0
10236 0 0
10236 0 0
10238 0 0
10248 0 0
10250 0 0
10252 0 0
10236 0 0
10246 0 0
10246 0 0
10244 0 0
10234 0 0
10230 0 0
10226 0 0
10240 0 0
10226 0 0
10220 0 0
10222 0 0
10228 0 0
10230 0 0
10226 0 0
10222 0 0
10232 0 0
10232 0 0
10236 0 0
10234 0 0
10232 0 0
10226 0 0
10234 0 0
10244 0 0
10238 0 0
10234 0 0
10238 0 0
10228 0 0
10234 0 0
10230 0 0
10234 0 0
10240 0 0
10232 0 0
10248 0 0
10244 0 0
10244 0 0
10242 0 0
10254 0 0
10246 0 0
10250 0 0
10254 0 0
10244 0 0
10244 0 0
10230 0 0
10246 0 0
10230 0 0
10250 0 0
10260 0 0
10258 0 0
10248 0 0
10264 0 0
10256 0 0
10258 0 0
10240 0 0
10244 0 0
10230 0 0
10236 0 0
10228 0 0
10240 0 0
10236 0 0
10236 0 0
10238 0 0
10248 0 0
10250 0 0
10252 0 0
10236 0 0
10246 0 0
10246 0 0
10244 0 0
10234 0 0
10230 0 0
10226 0 0
10240 0 0
10226 0 0
10220 0 0
10222 0 0
10228 0 0
10230 0 0
10226 0 0
10222 0 0
10232 0 0
10232 0 0
10236 0 0
10234 0 0
10232 0 0
10226 0 0
10234 0 0
10244 0 0
10238 0 0
10234 0 0
10238 0 0
10228 0 0
10234 0 0
10230 0 0
10234 0 0
10240 0 0
10232 0 0
10248 0 0
10244 0 0
10244 0 0
10242 0 0
10254 0 0
10246 0 0
10250 0 0
10254 0 0
10244 0 0
10244 0 0
10230 0 0
10246 0 0
10230 0 0
10250 0 0
10260 0 0
10258 0 0
10248 0 0
10264 0 0
10256 0 0
10258 0 0
10240 0 0
10244 0 0
10230 0 0
10236 0 0
10228 0 0
10240 0 0
10236 0 0
10236 0 0
10238 0 0
10248 0 0
10250 0 0
10252 0 0
10236 0 0
10246 0 0
10246 0 0
10244 0 0
10234 0 0
10230 0 0
10226 0 0
10240 0 0
10226 0 0
10220 0 0
10222 0 0
10228 0 0
10230 0 0
10226 0 0
10222 0 0
10232 0 0
10232 0 0
10236 0 0
10234 0 0
10232 0 0
10226 0 0
10234 0 0
10244 0 0
10238 0 0
10234 0 0
10238 0 0
10228 0 0
10234 0 0
10230 0 0
10234 0 0
10240 0 0
10232 0 0
10248 0 0
10244 0 0
10244 0 0
10242 0 0
10254 0 0
10246 0 0
10250 0 0
10254 0 0
10244 0 0
10244 0 0
10230 0 0
10246 0 0
10230 0 0
10250 0 0
10260 0 0
10258 0 0
10248 0 0
10264 0 0
10256 0 0
10258 0 0
10240 0 0
10244 0 0
10230 0 0
10236 0 0
10228 0 0
10240 0 0
10236 0 0
10236 0 0
10238 0 0
10248 0 0
10250 0 0
10252 0 0
10236 0 0
10246 0 0
10246 0 0
10244 0 0
10234 0 0
10230 0 0
10226 0 0
10240 0 0
10226 0 0
10220 0 0
10222 0 0
10228 0 0
10230 0 0
10226 0 0
10222 0 0
10232 0 0
10232 0 0
10236 0 0
10234 0 0
10232 0 0
10226 0 0
10234 0 0
10244 0 0
10238 0 0
10234 0 0
10238 0 0
10228 0 0
10234 0 0
10230 0 0
10234 0 0
10240 0 0
10232 0 0
10248 0 0
10244 0 0
10244 0 0
10242 0 0
10254 0 0
10246 0 0
10250 0 0
10254 0 0
10244 0 0
10244 0 0
10230 0 0
10246 0 0
10230 0 0
10250 0 0
10260 0 0
10258 0 0
10248 0 0
10264 0 0
10256 0 0
10258 0 0
10240 0 0
10244 0 0
10230 0 0
10236 0 0
10228 0 0
10240 0 0
10236 0 0
10236 0 0
10238 0 0
10248 0 0
10250 0 0
10252 0 0
10236 0 0
10246 0 0
10246 0 0
10244 0 0
10234 0 0
10230 0 0
10226 0 0
10240 0 0
10226 0 0
10220 0 0
10222 0 0
10228 0 0
10230 0 0
10226 0 0
10222 0 0
10232 0 0
10232 0 0
10236 0 0
10234 0 0
10232 0 0
10226 0 0
10234 0 0
10244 0 0
10238 0 0
10234 0 0
10238 0 0
10228 0 0
10234 0 0
10230 0 0
10234 0 0
10240 0 0
10232 0 0
10248 0 0
10244 0 0
10244 0 0
10242 0 0
10254 0 0
10246 0 0
10250 0 0
10254 0 0
10244 0 0
10244 0 0
10230 0 0
10246 0 0
10230 0 0
10250 0 0
10260 0 0
10258 0 0
10248 0 0
10264 0 0
10256 0 0
10258 0 0
10240 0 0
10244 0 0
10230 0 0
10236 0 0
10228 0 0
10240 0 0
10236 0 0
10236 0 0
10238 0 0
10248 0 0
10250 0 0
10252 0 0
10236 0 0
10246 0 0
10246 0 0
10244 0 0
10234 0 0
10230 0 0
10226 0 0
10240 0 0
10226 0 0
10220 0 0
10222 0 0
10228 0 0
10230 0 0
10226 0 0
10222 0 0
10232 0 0
10232 0 0
10236 0 0
10234 0 0
10232 0 0
10226 0 0
10234 0 0
10244 0 0
10238 0 0
10234 0 0
10238 0 0
10228 0 0
10234 0 0
10230 0 0
10234 0 0
10240 0 0
10232 0 0
10248 0 0
10244 0 0
10244 0 0
10242 0 0
10254 0 0
10246 0 0
10250 0 0
10254 0 0
10244 0 0
10244 0 0
10230 0 0
10246 0 0
10230 0 0
10250 0 0
10260 0 0
10258 0 0
10248 0 0
10264 0 0
10256 0 0
10258 0 0
10240 0 0
10244 0 0
10230 0 0
10236 0 0
10228 0 0
10240 0 0
10236 0 0
10236 0 0
10238 0 0
10248 0 0
10250 0 0
10252 0 0
10236 0 0
10246 0 0
10246 0 0
10244 0 0
10234 0 0
10230 0 0
10226 0 0
10240 0 0
10226 0 0
10220 0 0
10222 0 0
10228 0 0
10230 0 0
10226 0 0
10222 0 0
10232 0 0
10232 0 0
10236 0 0
10234 0 0
10232 0 0
10226 0 0
10234 0 0
10244 0 0
10238 0 0
10234 0 0
10238 0 0
10228 0 0
10234 0 0
10230 0 0
10234 0 0
10240 0 0
10232 0 0
10248 0 0
10244 0 0
10244 0 0
10242 0 0
10254 0 0
10246 0 0
10250 0 0
10254 0 0
10244 0 0
10244 0 0
10230 0 0
10246 0 0
10230 0 0
10250 0 0
10260 0 0
10258 0 0
10248 0 0
10264 0 0
10256 0 0
10258 0 0
10240 0 0
10244 0 0
10230 0 0
10236 0 0
10228 0 0
10240 0 0
10236 0 0
10236 0 0
10238 0 0
10248 0 0
10250 0 0
10252 0 0
10236 0 0
10246 0 0
10246 0 0
10244 0 0
10234 0 0
10230 0 0
10226 0 0
10240 0 0
10226 0 0
10220 0 0
10222 0 0
10228 0 0
10230 0 0
10226 0 0
10222 0 0
10232 0 0
10232 0 0
10236 0 0
10234 0 0
10232 0 0
10226 0 0
10234 0 0
10244 0 0
10238 0 0
10234 0 0
10238 0 0
10228 0 0
10234 0 0
10230 0 0
10234 0 0
10240 0 0
10232 0 0
10248 0 0
10244 0 0
10244 0 0
10242 0 0
10254 0 0
10246 0 0
10250 0 0
10254 0 0
10244 0 0
10244 0 0
10230 0 0
10246 0 0
10230 0 0
10250 0 0
10260 0 0
10258 0 0
10248 0 0
10264 0 0
10256 0 0
10258 0 0
10240 0 0
10244 0 0
10230 0 0
10236 0 0
10228 0 0
10240 0 0
10236 0 0
10236 0 0
10238 0 0
10248 0 0
10250 0 0
10252 0 0
10236 0 0
10246 0 0
10246 0 0
10244 0 0
10234 0 0
10230 0 0
10226 0 0
10240 0 0
10226 0 0
10220 0 0
10222 0 0
10228 0 0
10230 0 0
10226 0 0
10222 0 0
10232 0 0
10232 0 0
10236 0 0
10234 0 0
10232 0 0
10226 0 0
10234 0 0
10244 0 0
10238 0 0
10234 0 0
10238 0 0
10228 0 0
10234 0 0
10230 0 0
10234 0 0
10240 0 0
10232 0 0
10248 0 0
10244 0 0
10244 0 0
10242 0 0
10254 0 0
10246 0 0
10250 0 0
10254 0 0
10244 0 0
10244 0 0
10230 0 0
10246 0 0
10230 0 0
10250 0 0
10260 0 0
10258 0 0
10248 0 0
10264 0 0
10256 0 0
10258 0 0
10240 0 0
10244 0 0
10230 0 0
10236 0 0
10228 0 0
10240 0 0
10236 0 0
10236 0 0
10238 0 0
10248 0 0
10250 0 0
10252 0 0
10236 0 0
10246 0 0
10246 0 0
10244 0 0
10234 0 0
10230 0 0
10226 0 0
10240 0 0
10226 0 0
10220 0 0
10222 0 0
10228 0 0
10230 0 0
10226 0 0
10222 0 0
10232 0 0
10232 0 0
10236 0 0
10234 0 0
10232 0 0
10226 0 0
10234 0 0
10244 0 0
10238 0 0
10234 0 0
10238 0 0
10228 0 0
10234 0 0
10230 0 0
10234 0 0
10240 0 0
10232 0 0
10248 0 0
10244 0 0
10244 0 0
10242 0 0
10254 0 0
10246 0 0
10250 0 0
10254 0 0
10244 0 0
10244 0 0
10230 0 0
10246 0 0
10230 0 0
10250 0 0
10260 0 0
10258 0 0
10248 0 0
10264 0 0
10256 0 0
10258 0 0
10240 0 0
10244 0 0
10230 0 0
10236 0 0
10228 0 0
10240 0 0
10236 0 0
10236 0 0
10238 0 0
10248 0 0
10250 0 0
10252 0 0
10236 0 0
10246 0 0
10246 0 0
10244 0 0
10234 0 0
10230 0 0
10226 0 0
10240 0 0
10226 0 0
10220 0 0
10222 0 0
10228 0 0
10230 0 0
10226 0 0
10222 0 0
10232 0 0
10232 0 0
10236 0 0
10234 0 0
10232 0 0
10226 0 0
10234 0 0
10244 0 0
10238 0 0
10234 0 0
10238 0 0
10228 0 0
10234 0 0
10230 0 0
10234 0 0
10240 0 0
10232 0 0
10248 0 0
10244 0 0
10244 0 0
10242 0 0
10254 0 0
10246 0 0
10250 0 0
10254 0 0
10244 0 0
10244 0 0
10230 0 0
10246 0 0
10230 0 0
10250 0 0
10260 0 0
10258 0 0
10248 0 0
10264 0 0
10256 0 0
10258 0 0
10240 0 0
10244 0 0
10230 0 0
10236 0 0
10228 0 0
10240 0 0
10236 0 0
10236 0 0
10238 0 0
10248 0 0
10250 0 0
10252 0 0
10236 0 0
10246 0 0
10246 0 0
10244 0 0
10234 0 0
10230 0 0
10226 0 0
10240 0 0
10226 0 0
10220 0 0
10222 0 0
10228 0 0
10230 0 0
10226 0 0
10222 0 0
10232 0 0
10232 0 0
10236 0 0
10234 0 0
10232 0 0
10226 0 0
10234 0 0
10244 0 0
10238 0 0
10234 0 0
10238 0 0
10228 0 0
10234 0 0
10230 0 0
10234 0 0
10240 0 0
10232 0 0
10248 0 0
10244 0 0
10244 0 0
10242 0 0
10254 0 0
10246 0 0
10250 0 0
10254 0 0
10244 0 0
10244 0 0
10230 0 0
10246 0 0
10230 0 0
10250 0 0
10260 0 0
10258 0 0
10248 0 0
10264 0 0
10256 0 0
10258 0 0
10240 0 0
10244 0 0
10230 0 0
10236 0 0
10228 0 0
10240 0 0
10236 0 0
10236 0 0
10238 0 0
10248 0 0
10250 0 0
10252 0 0
10236 0 0
10246 0 0
10246 0 0
10244 0 0
10234 0 0
10230 0 0
10226 0 0
10240 0 0
10226 0 0
10220 0 0
10222 0 0
10228 0 0
10230 0 0
10226 0 0
10222 0 0
10232 0 0
10232 0 0
10236 0 0
10234 0 0
10232 0 0
10226 0 0
10234 0 0
10244 0 0
10238 0 0
10234 0 0
10238 0 0
10228 0 0
10234 0 0
10230 0 0
10234 0 0
10240 0 0
10232 0 0
10248 0 0
10244 0 0
10244 0 0
10242 0 0
10254 0 0
10246 0 0
10250 0 0
10254 0 0
10244 0 0
10244 0 0
10230 0 0
10246 0 0
10230 0 0
10250 0 0
10260 0 0
10258 0 0
10248 0 0
10264 0 0
10256 0 0
10258 0 0
10240 0 0
10244 0 0
10230 0 0
10236 0 0
10228 0 0
10240 0 0
10236 0 0
10236 0 0
10238 0 0
10248 0 0
10250 0 0
10252 0 0
10236 0 0
10246 0 0
10246 0 0
10244 0 0
10234 0 0
10230 0 0
10226 0 0
10240 0 0
10226 0 0
10220 0 0
10222 0 0
10228 0 0
10230 0 0
10226 0 0
10222 0 0
10232 0 0
10232 0 0
10236 0 0
10234 0 0
10232 0 0
10226 0 0
10234 0 0
10244 0 0
10238 0 0
10234 0 0
10238 0 0
10228 0 0
10234 0 0
10230 0 0
10234 0 0
10240 0 0
10232 0 0
10248 0 0
10244 0 0
10244 0 0
10242 0 0
10254 0 0
10246 0 0
10250 0 0
10254 0 0
10244 0 0
10244 0 0
10230 0 0
10246 0 0
10230 0 0
10250 0 0
10260 0 0
10258 0 0
10248 0 0
10264 0 0
10256 0 0
10258 0 0
10240 0 0
10244 0 0
10230 0 0
10236 0 0
10228 0 0
10240 0 0
10236 0 0
10236 0 0
10238 0 0
10248 0 0
10250 0 0
10252 0 0
10236 0 0
10246 0 0
10246 0 0
10244 0 0
10234 0 0
10230 0 0
10226 0 0
10240 0 0
10226 0 0
10220 0 0
10222 0 0
10228 0 0
10230 0 0
10226 0 0
10222 0 0
10232 0 0
10232 0 0
10236 0 0
10234 0 0
10232 0 0
10226 0 0
10234 0 0
10244 0 0
10238 0 0
10234 0 0
10238 0 0
10228 0 0
10234 0 0
10230 0 0
10234 0 0
10240 0 0
10232 0 0
10248 0 0
10244 0 0
10244 0 0
10242 0 0
10254 0 0
10246 0 0
10250 0 0
10254 0 0
10244 0 0
10244 0 0
10230 0 0
10246 0 0
10230 0 0
10250 0 0
10260 0 0
10258 0 0
10248 0 0
10264 0 0
10256 0 0
10258 0 0
10240 0 0
10244 0 0
10230 0 0
10236 0 0
10228 0 0
10240 0 0
10236 0 0
10236 0 0
10238 0 0
10248 0 0
10250 0 0
10252 0 0
10236 0 0
10246 0 0
10246 0 0
10244 0 0
10234 0 0
10230 0 0
10226 0 0
10240 0 0
10226 0 0
10220 0 0
10222 0 0
10228 0 0
10230 0 0
10226 0 0
10222 0 0
10232 0 0
10232 0 0
10236 0 0
10234 0 0
10232 0 0
10226 0 0
10234 0 0
10244 0 0
10238 0 0
10234 0 0
10238 0 0
10228 0 0
10234 0 0
10230 0 0
10234 0 0
10240 0 0
10232 0 0
10248 0 0
10244 0 0
10244 0 0
10242 0 0
10254 0 0
10246 0 0
10250 0 0
10254 0 0
10244 0 0
10244 0 0
10230 0 0
10246 0 0
10230 0 0
10250 0 0
10260 0 0
10258 0 0
10248 0 0
10264 0 0
10256 0 0
10258 0 0
10240 0 0
10244 0 0
10230 0 0
10236 0 0
10228 0 0
10240 0 0
10236 0 0
10236 0 0
10238 0 0
10248 0 0
10250 0 0
10252 0 0
10236 0 0
10246 0 0
10246 0 0
10244 0 0
10234 0 0
10230 0 0
10226 0 0
10240 0 0
10226 0 0
10220 0 0
10222 0 0
10228 0 0
10230 0 0
10226 0 0
10222 0 0
10232 0 0
10232 0 0
10236 0 0
10234 0 0
10232 0 0
10226 0 0
10234 0 0
10244 0 0
10238 0 0
10234 0 0
10238 0 0
10228 0 0
10234 0 0
10230 0 0
10234 0 0
10240 0 0
10232 0 0
10248 0 0
10244 0 0
10244 0 0
10242 0 0
10254 0 0
10246 0 0
10250 0 0
10254 0 0
10244 0 0
10244 0 0
10230 0 0
10246 0 0
10230 0 0
10250 0 0
10260 0 0
10258 0 0
10248 0 0
10264 0 0
10256 0 0
10258 0 0
10240 0 0
10244 0 0
10230 0 0
10236 0 0
10228 0 0
10240 0 0
10236 0 0
10236 0 0
10238 0 0
10248 0 0
10250 0 0
10252 0 0
10236 0 0
10246 0 0
10246 0 0
10244 0 0
10234 0 0
10230 0 0
10226 0 0
10240 0 0
10226 0 0
10220 0 0
10222 0 0
10228 0 0
10230 0 0
10226 0 0
10222 0 0
10232 0 0
10232 0 0
10236 0 0
10234 0 0
10232 0 0
10226 0 0
10234 0 0
10244 0 0
10238 0 0
10234 0 0
10238 0 0
10228 0 0
10234 0 0
10230 0 0
10234 0 0
10240 0 0
10232 0 0
10248 0 0
10244 0 0
10244 0 0
10242 0 0
10254 0 0
10246 0 0
10250 0 0
10254 0 0
10244 0 0
10244 0 0
10230 0 0
10246 0 0
10230 0 0
10250 0 0
10260 0 0
10258 0 0
10248 0 0
10264 0 0
10256 0 0
10258 0 0
10240 0 0
10244 0 0
10230 0 0
10236 0 0
10228 0 0
10240 0 0
10236 0 0
10236 0 0
10238 0 0
10248 0 0
10250 0 0
10252 0 0
10236 0 0
10246 0 0
10246 0 0
10244 0 0
10234 0 0
10230 0 0
10226 0 0
10240 0 0
10226 0 0
10220 0 0
10222 0 0
10228 0 0
10230 0 0
10226 0 0
10222 0 0
10232 0 0
10232 0 0
10236 0 0
10234 0 0
10232 0 0
10226 0 0
10234 0 0
10244 0 0
10238 0 0
10234 0 0
10238 0 0
10228 0 0
10234 0 0
10230 0 0
10234 0 0
10240 0 0
10232 0 0
10248 0 0
10244 0 0
10244 0 0
10242 0 0
10254 0 0
10246 0 0
10250 0 0
10254 0 0
10244 0 0
10244 0 0
10230 0 0
10246 0 0
10230 0 0
10250 0 0
10260 0 0
10258 0 0
10248 0 0
10264 0 0
10256 0 0
10258 0 0
10240 0 0
10244 0 0
10230 0 0
10236 0 0
10228 0 0
10240 0 0
10236 0 0
10236 0 0
10238 0 0
10248 0 0
10250 0 0
10252 0 0
10236 0 0
10246 0 0
10246 0 0
10244 0 0
10234 0 0
10230 0 0
10226 0 0
10240 0 0
10226 0 0
10220 0 0
10222 0 0
10228 0 0
10230 0 0
10226 0 0
10222 0 0
10232 0 0
10232 0 0
10236 0 0
10234 0 0
10232 0 0
10226 0 0
10234 0 0
10244 0 0
